[1/120] bhujangaprayatamu|T1|masking_only|42: complete tok=46 gana=True prasa=True yati=True 2.8s
[2/120] bhujangaprayatamu|T1|masking_only|49: complete tok=58 gana=True prasa=True yati=True 3.5s
[3/120] bhujangaprayatamu|T1|masking_only|56: complete tok=51 gana=True prasa=True yati=True 2.9s
[4/120] bhujangaprayatamu|T1|masking_only|63: complete tok=61 gana=True prasa=True yati=True 3.9s
[5/120] bhujangaprayatamu|T1|masking_only|70: complete tok=57 gana=True prasa=True yati=True 3.9s
[6/120] bhujangaprayatamu|T1|masking_backtrack|42: complete tok=48 gana=True prasa=True yati=True 3.6s
[7/120] bhujangaprayatamu|T1|masking_backtrack|49: complete tok=42 gana=True prasa=True yati=True 3.1s
[8/120] bhujangaprayatamu|T1|masking_backtrack|56: complete tok=50 gana=True prasa=True yati=True 1.9s
[9/120] bhujangaprayatamu|T1|masking_backtrack|63: complete tok=53 gana=True prasa=True yati=True 4.0s
[10/120] bhujangaprayatamu|T1|masking_backtrack|70: complete tok=47 gana=True prasa=True yati=True 5.4s
[11/120] bhujangaprayatamu|T1|hybrid|42: complete tok=42 gana=True prasa=True yati=True 2.6s
[12/120] bhujangaprayatamu|T1|hybrid|49: complete tok=49 gana=True prasa=True yati=True 2.9s
[13/120] bhujangaprayatamu|T1|hybrid|56: complete tok=51 gana=True prasa=True yati=True 4.3s
[14/120] bhujangaprayatamu|T1|hybrid|63: complete tok=47 gana=True prasa=True yati=True 2.8s
[15/120] bhujangaprayatamu|T1|hybrid|70: complete tok=48 gana=True prasa=True yati=True 4.7s
[16/120] mattakokilamu|T1|masking_only|42: complete tok=76 gana=True prasa=True yati=True 4.5s
[17/120] mattakokilamu|T1|masking_only|49: complete tok=74 gana=True prasa=True yati=True 5.1s
[18/120] mattakokilamu|T1|masking_only|56: complete tok=74 gana=True prasa=True yati=True 4.5s
[19/120] mattakokilamu|T1|masking_only|63: complete tok=70 gana=True prasa=True yati=True 4.4s
[20/120] mattakokilamu|T1|masking_only|70: complete tok=66 gana=True prasa=True yati=True 4.6s
[21/120] mattakokilamu|T1|masking_backtrack|42: complete tok=67 gana=True prasa=True yati=True 9.2s
[22/120] mattakokilamu|T1|masking_backtrack|49: complete tok=75 gana=True prasa=True yati=True 6.9s
[23/120] mattakokilamu|T1|masking_backtrack|56: complete tok=72 gana=True prasa=True yati=True 9.0s
[24/120] mattakokilamu|T1|masking_backtrack|63: complete tok=63 gana=True prasa=True yati=True 3.5s
[25/120] mattakokilamu|T1|masking_backtrack|70: complete tok=61 gana=True prasa=True yati=True 6.3s
[26/120] mattakokilamu|T1|hybrid|42: complete tok=69 gana=True prasa=True yati=True 4.1s
[27/120] mattakokilamu|T1|hybrid|49: complete tok=62 gana=True prasa=True yati=True 6.5s
[28/120] mattakokilamu|T1|hybrid|56: complete tok=74 gana=True prasa=True yati=True 5.2s
[29/120] mattakokilamu|T1|hybrid|63: complete tok=64 gana=True prasa=True yati=True 4.8s
[30/120] mattakokilamu|T1|hybrid|70: complete tok=71 gana=True prasa=True yati=True 6.7s
[31/120] pamcacamaramu|T1|masking_only|42: complete tok=64 gana=True prasa=True yati=True 3.5s
[32/120] pamcacamaramu|T1|masking_only|49: complete tok=58 gana=True prasa=True yati=True 4.2s
[33/120] pamcacamaramu|T1|masking_only|56: complete tok=55 gana=True prasa=True yati=True 4.0s
[34/120] pamcacamaramu|T1|masking_only|63: complete tok=64 gana=True prasa=True yati=True 4.2s
[35/120] pamcacamaramu|T1|masking_only|70: complete tok=59 gana=True prasa=True yati=True 4.4s
[36/120] pamcacamaramu|T1|masking_backtrack|42: complete tok=64 gana=True prasa=True yati=True 3.2s
[37/120] pamcacamaramu|T1|masking_backtrack|49: complete tok=58 gana=True prasa=True yati=True 0.1s
[38/120] pamcacamaramu|T1|masking_backtrack|56: complete tok=54 gana=True prasa=True yati=True 1.3s
[39/120] pamcacamaramu|T1|masking_backtrack|63: complete tok=60 gana=True prasa=True yati=True 3.1s
[40/120] pamcacamaramu|T1|masking_backtrack|70: complete tok=66 gana=True prasa=True yati=True 4.5s
[41/120] pamcacamaramu|T1|hybrid|42: complete tok=65 gana=True prasa=True yati=True 3.6s
[42/120] pamcacamaramu|T1|hybrid|49: complete tok=60 gana=True prasa=True yati=True 3.7s
[43/120] pamcacamaramu|T1|hybrid|56: complete tok=71 gana=True prasa=True yati=True 5.9s
[44/120] pamcacamaramu|T1|hybrid|63: complete tok=55 gana=True prasa=True yati=True 3.4s
[45/120] pamcacamaramu|T1|hybrid|70: complete tok=62 gana=True prasa=True yati=True 5.5s
[46/120] vasamtatilakamu|T1|masking_only|42: complete tok=66 gana=True prasa=True yati=True 3.7s
[47/120] vasamtatilakamu|T1|masking_only|49: complete tok=68 gana=True prasa=True yati=True 5.1s
[48/120] vasamtatilakamu|T1|masking_only|56: complete tok=67 gana=True prasa=True yati=True 5.0s
[49/120] vasamtatilakamu|T1|masking_only|63: complete tok=60 gana=True prasa=True yati=True 4.3s
[50/120] vasamtatilakamu|T1|masking_only|70: complete tok=53 gana=True prasa=True yati=True 3.9s
[51/120] vasamtatilakamu|T1|masking_backtrack|42: complete tok=62 gana=True prasa=True yati=True 4.6s
[52/120] vasamtatilakamu|T1|masking_backtrack|49: complete tok=62 gana=True prasa=True yati=True 6.0s
[53/120] vasamtatilakamu|T1|masking_backtrack|56: complete tok=64 gana=True prasa=True yati=True 11.8s
[54/120] vasamtatilakamu|T1|masking_backtrack|63: complete tok=60 gana=True prasa=True yati=True 5.4s
[55/120] vasamtatilakamu|T1|masking_backtrack|70: complete tok=57 gana=True prasa=True yati=True 4.1s
[56/120] vasamtatilakamu|T1|hybrid|42: complete tok=58 gana=True prasa=True yati=True 5.7s
[57/120] vasamtatilakamu|T1|hybrid|49: complete tok=59 gana=True prasa=True yati=True 4.3s
[58/120] vasamtatilakamu|T1|hybrid|56: complete tok=45 gana=True prasa=True yati=True 5.6s
[59/120] vasamtatilakamu|T1|hybrid|63: complete tok=74 gana=True prasa=True yati=True 5.5s
[60/120] vasamtatilakamu|T1|hybrid|70: complete tok=49 gana=True prasa=True yati=True 6.2s
[61/120] indravajra|T1|masking_only|42: complete tok=55 gana=True prasa=True yati=True 3.5s
[62/120] indravajra|T1|masking_only|49: complete tok=60 gana=True prasa=True yati=True 4.5s
[63/120] indravajra|T1|masking_only|56: complete tok=46 gana=True prasa=True yati=True 3.7s
[64/120] indravajra|T1|masking_only|63: complete tok=54 gana=True prasa=True yati=True 3.8s
[65/120] indravajra|T1|masking_only|70: complete tok=70 gana=True prasa=True yati=True 4.9s
[66/120] indravajra|T1|masking_backtrack|42: complete tok=55 gana=True prasa=True yati=True 1.7s
[67/120] indravajra|T1|masking_backtrack|49: complete tok=53 gana=True prasa=True yati=True 2.2s
[68/120] indravajra|T1|masking_backtrack|56: complete tok=60 gana=True prasa=True yati=True 8.3s
[69/120] indravajra|T1|masking_backtrack|63: complete tok=39 gana=True prasa=True yati=True 4.1s
[70/120] indravajra|T1|masking_backtrack|70: complete tok=56 gana=True prasa=True yati=True 5.5s
[71/120] indravajra|T1|hybrid|42: complete tok=37 gana=True prasa=True yati=True 3.1s
[72/120] indravajra|T1|hybrid|49: complete tok=44 gana=True prasa=True yati=True 3.4s
[73/120] indravajra|T1|hybrid|56: complete tok=47 gana=True prasa=True yati=True 4.7s
[74/120] indravajra|T1|hybrid|63: complete tok=58 gana=True prasa=True yati=True 3.6s
[75/120] indravajra|T1|hybrid|70: complete tok=39 gana=True prasa=True yati=True 4.8s
[76/120] upendravajra|T1|masking_only|42: complete tok=57 gana=True prasa=True yati=True 3.8s
[77/120] upendravajra|T1|masking_only|49: complete tok=48 gana=True prasa=True yati=True 3.1s
[78/120] upendravajra|T1|masking_only|56: complete tok=47 gana=True prasa=True yati=True 2.9s
[79/120] upendravajra|T1|masking_only|63: complete tok=51 gana=True prasa=True yati=True 3.1s
[80/120] upendravajra|T1|masking_only|70: complete tok=48 gana=True prasa=True yati=True 3.1s
[81/120] upendravajra|T1|masking_backtrack|42: complete tok=49 gana=True prasa=True yati=True 1.5s
[82/120] upendravajra|T1|masking_backtrack|49: complete tok=42 gana=True prasa=True yati=True 2.2s
[83/120] upendravajra|T1|masking_backtrack|56: complete tok=51 gana=True prasa=True yati=True 5.5s
[84/120] upendravajra|T1|masking_backtrack|63: complete tok=44 gana=True prasa=True yati=True 2.9s
[85/120] upendravajra|T1|masking_backtrack|70: complete tok=47 gana=True prasa=True yati=True 4.2s
[86/120] upendravajra|T1|hybrid|42: complete tok=45 gana=True prasa=True yati=True 2.6s
[87/120] upendravajra|T1|hybrid|49: complete tok=47 gana=True prasa=True yati=True 3.8s
[88/120] upendravajra|T1|hybrid|56: complete tok=45 gana=True prasa=True yati=True 2.4s
[89/120] upendravajra|T1|hybrid|63: complete tok=42 gana=True prasa=True yati=True 2.6s
[90/120] upendravajra|T1|hybrid|70: complete tok=37 gana=True prasa=True yati=True 4.1s
[91/120] salini|T1|masking_only|42: complete tok=54 gana=True prasa=True yati=True 3.7s
[92/120] salini|T1|masking_only|49: complete tok=45 gana=True prasa=True yati=True 3.3s
[93/120] salini|T1|masking_only|56: complete tok=65 gana=True prasa=True yati=True 4.0s
[94/120] salini|T1|masking_only|63: complete tok=51 gana=True prasa=True yati=True 3.9s
[95/120] salini|T1|masking_only|70: complete tok=72 gana=True prasa=True yati=True 5.5s
[96/120] salini|T1|masking_backtrack|42: complete tok=49 gana=True prasa=True yati=True 7.8s
[97/120] salini|T1|masking_backtrack|49: complete tok=48 gana=True prasa=True yati=True 2.2s
[98/120] salini|T1|masking_backtrack|56: complete tok=56 gana=True prasa=True yati=True 6.1s
[99/120] salini|T1|masking_backtrack|63: complete tok=47 gana=True prasa=True yati=True 3.3s
[100/120] salini|T1|masking_backtrack|70: complete tok=58 gana=True prasa=True yati=True 8.0s
[101/120] salini|T1|hybrid|42: complete tok=47 gana=True prasa=True yati=True 4.9s
[102/120] salini|T1|hybrid|49: complete tok=45 gana=True prasa=True yati=True 2.9s
[103/120] salini|T1|hybrid|56: complete tok=40 gana=True prasa=True yati=True 2.9s
[104/120] salini|T1|hybrid|63: complete tok=57 gana=True prasa=True yati=True 3.6s
[105/120] salini|T1|hybrid|70: complete tok=43 gana=True prasa=True yati=True 3.1s
[106/120] rathoddhata|T1|masking_only|42: complete tok=51 gana=True prasa=True yati=True 3.3s
[107/120] rathoddhata|T1|masking_only|49: complete tok=54 gana=True prasa=True yati=True 3.3s
[108/120] rathoddhata|T1|masking_only|56: complete tok=45 gana=True prasa=True yati=True 3.1s
[109/120] rathoddhata|T1|masking_only|63: complete tok=54 gana=True prasa=True yati=True 3.2s
[110/120] rathoddhata|T1|masking_only|70: complete tok=52 gana=True prasa=True yati=True 3.5s
[111/120] rathoddhata|T1|masking_backtrack|42: complete tok=59 gana=True prasa=True yati=True 7.1s
[112/120] rathoddhata|T1|masking_backtrack|49: complete tok=43 gana=True prasa=True yati=True 3.3s
[113/120] rathoddhata|T1|masking_backtrack|56: complete tok=47 gana=True prasa=True yati=True 2.2s
[114/120] rathoddhata|T1|masking_backtrack|63: complete tok=50 gana=True prasa=True yati=True 3.7s
[115/120] rathoddhata|T1|masking_backtrack|70: complete tok=55 gana=True prasa=True yati=True 2.5s
[116/120] rathoddhata|T1|hybrid|42: complete tok=40 gana=True prasa=True yati=True 3.6s
[117/120] rathoddhata|T1|hybrid|49: complete tok=51 gana=True prasa=True yati=True 3.2s
[118/120] rathoddhata|T1|hybrid|56: complete tok=44 gana=True prasa=True yati=True 2.9s
[119/120] rathoddhata|T1|hybrid|63: complete tok=46 gana=True prasa=True yati=True 4.2s
[120/120] rathoddhata|T1|hybrid|70: complete tok=53 gana=True prasa=True yati=True 3.1s
| meter | mode | n | gana_strict | gana | prasa_strict | yati_strict | all_strict | all_relaxed | tok | s | logp | valid_mass | argmax_valid | bt |
|---|---|---|---|---|---|---|---|---|---|---|---|---|---|---|
| bhujangaprayatamu | masking_only | 5 | 100 | 100 | 100 | 100 | 100 | 100 | 55 | 3.4 | -6.597 | 0.212 | 0.221 | 0.0 |
| bhujangaprayatamu | masking_backtrack | 5 | 100 | 100 | 100 | 100 | 100 | 100 | 48 | 3.6 | -6.525 | 0.232 | 0.210 | 7.0 |
| bhujangaprayatamu | hybrid | 5 | 100 | 100 | 100 | 100 | 100 | 100 | 47 | 3.5 | -5.910 | 0.247 | 0.249 | 0.0 |
| indravajra | masking_only | 5 | 100 | 100 | 100 | 100 | 100 | 100 | 57 | 4.1 | -6.590 | 0.224 | 0.224 | 0.0 |
| indravajra | masking_backtrack | 5 | 100 | 100 | 100 | 100 | 100 | 100 | 53 | 4.4 | -6.710 | 0.231 | 0.229 | 13.4 |
| indravajra | hybrid | 5 | 100 | 100 | 100 | 100 | 100 | 100 | 45 | 3.9 | -5.966 | 0.238 | 0.289 | 0.0 |
| mattakokilamu | masking_only | 5 | 100 | 100 | 100 | 100 | 100 | 100 | 72 | 4.6 | -6.559 | 0.244 | 0.286 | 0.0 |
| mattakokilamu | masking_backtrack | 5 | 100 | 100 | 100 | 100 | 100 | 100 | 68 | 7.0 | -6.654 | 0.260 | 0.247 | 17.2 |
| mattakokilamu | hybrid | 5 | 100 | 100 | 100 | 100 | 100 | 100 | 68 | 5.5 | -5.811 | 0.269 | 0.250 | 0.0 |
| pamcacamaramu | masking_only | 5 | 100 | 100 | 100 | 100 | 100 | 100 | 60 | 4.1 | -6.529 | 0.285 | 0.230 | 0.0 |
| pamcacamaramu | masking_backtrack | 5 | 100 | 100 | 100 | 100 | 100 | 100 | 60 | 2.4 | -6.548 | 0.276 | 0.246 | 3.8 |
| pamcacamaramu | hybrid | 5 | 100 | 100 | 100 | 100 | 100 | 100 | 63 | 4.4 | -5.803 | 0.264 | 0.243 | 0.0 |
| rathoddhata | masking_only | 5 | 100 | 100 | 100 | 100 | 100 | 100 | 51 | 3.3 | -6.677 | 0.211 | 0.239 | 0.0 |
| rathoddhata | masking_backtrack | 5 | 100 | 100 | 100 | 100 | 100 | 100 | 51 | 3.8 | -6.680 | 0.197 | 0.229 | 10.2 |
| rathoddhata | hybrid | 5 | 100 | 100 | 100 | 100 | 100 | 100 | 47 | 3.4 | -6.111 | 0.210 | 0.201 | 0.0 |
| salini | masking_only | 5 | 100 | 100 | 100 | 100 | 100 | 100 | 57 | 4.1 | -6.611 | 0.218 | 0.224 | 0.0 |
| salini | masking_backtrack | 5 | 100 | 100 | 100 | 100 | 100 | 100 | 52 | 5.5 | -6.692 | 0.227 | 0.208 | 16.8 |
| salini | hybrid | 5 | 100 | 100 | 100 | 100 | 100 | 100 | 46 | 3.5 | -5.922 | 0.262 | 0.240 | 0.0 |
| upendravajra | masking_only | 5 | 100 | 100 | 100 | 100 | 100 | 100 | 50 | 3.2 | -6.620 | 0.219 | 0.224 | 0.0 |
| upendravajra | masking_backtrack | 5 | 100 | 100 | 100 | 100 | 100 | 100 | 47 | 3.3 | -6.628 | 0.238 | 0.239 | 8.4 |
| upendravajra | hybrid | 5 | 100 | 100 | 100 | 100 | 100 | 100 | 43 | 3.1 | -5.952 | 0.244 | 0.263 | 0.0 |
| vasamtatilakamu | masking_only | 5 | 100 | 100 | 100 | 100 | 100 | 100 | 63 | 4.4 | -6.598 | 0.226 | 0.208 | 0.0 |
| vasamtatilakamu | masking_backtrack | 5 | 100 | 100 | 100 | 100 | 100 | 100 | 61 | 6.4 | -6.595 | 0.244 | 0.259 | 11.2 |
| vasamtatilakamu | hybrid | 5 | 100 | 100 | 100 | 100 | 100 | 100 | 57 | 5.5 | -5.928 | 0.230 | 0.232 | 0.0 |
| ALL | masking_only | 40 | 100 | 100 | 100 | 100 | 100 | 100 | 58 | 3.9 | -6.598 | 0.230 | 0.232 | 0.0 |
| ALL | masking_backtrack | 40 | 100 | 100 | 100 | 100 | 100 | 100 | 55 | 4.5 | -6.629 | 0.238 | 0.233 | 11.0 |
| ALL | hybrid | 40 | 100 | 100 | 100 | 100 | 100 | 100 | 52 | 4.1 | -5.925 | 0.245 | 0.246 | 0.0 |
