[1/105] madhuragati_ragada|T1|masking_only|42: complete tok=18 gana=True prasa=True yati=True 1.7s
[2/105] madhuragati_ragada|T1|masking_only|49: complete tok=19 gana=True prasa=True yati=True 1.6s
[3/105] madhuragati_ragada|T1|masking_only|56: complete tok=15 gana=True prasa=True yati=True 1.4s
[4/105] madhuragati_ragada|T1|masking_only|63: complete tok=23 gana=True prasa=True yati=True 2.1s
[5/105] madhuragati_ragada|T1|masking_only|70: complete tok=20 gana=True prasa=True yati=True 1.5s
[6/105] madhuragati_ragada|T1|masking_backtrack|42: complete tok=18 gana=True prasa=True yati=True 0.0s
[7/105] madhuragati_ragada|T1|masking_backtrack|49: complete tok=18 gana=True prasa=True yati=True 4.4s
[8/105] madhuragati_ragada|T1|masking_backtrack|56: complete tok=15 gana=True prasa=True yati=True 0.0s
[9/105] madhuragati_ragada|T1|masking_backtrack|63: complete tok=17 gana=True prasa=True yati=True 1.9s
[10/105] madhuragati_ragada|T1|masking_backtrack|70: complete tok=19 gana=True prasa=True yati=True 2.1s
[11/105] madhuragati_ragada|T1|hybrid|42: complete tok=17 gana=True prasa=True yati=True 1.9s
[12/105] madhuragati_ragada|T1|hybrid|49: complete tok=18 gana=True prasa=True yati=True 1.5s
[13/105] madhuragati_ragada|T1|hybrid|56: complete tok=17 gana=True prasa=True yati=True 1.9s
[14/105] madhuragati_ragada|T1|hybrid|63: complete tok=15 gana=True prasa=True yati=True 1.3s
[15/105] madhuragati_ragada|T1|hybrid|70: complete tok=18 gana=True prasa=True yati=True 2.0s
[16/105] turagagati_ragada|T1|masking_only|42: complete tok=57 gana=True prasa=True yati=True 5.1s
[17/105] turagagati_ragada|T1|masking_only|49: complete tok=57 gana=True prasa=True yati=True 4.9s
[18/105] turagagati_ragada|T1|masking_only|56: complete tok=57 gana=True prasa=True yati=True 5.1s
[19/105] turagagati_ragada|T1|masking_only|63: complete tok=53 gana=True prasa=True yati=True 5.3s
[20/105] turagagati_ragada|T1|masking_only|70: complete tok=53 gana=True prasa=True yati=True 5.1s
[21/105] turagagati_ragada|T1|masking_backtrack|42: complete tok=53 gana=True prasa=True yati=True 4.7s
[22/105] turagagati_ragada|T1|masking_backtrack|49: complete tok=53 gana=True prasa=True yati=True 5.9s
[23/105] turagagati_ragada|T1|masking_backtrack|56: complete tok=57 gana=True prasa=True yati=True 0.1s
[24/105] turagagati_ragada|T1|masking_backtrack|63: complete tok=53 gana=True prasa=True yati=True 0.1s
[25/105] turagagati_ragada|T1|masking_backtrack|70: complete tok=53 gana=True prasa=True yati=True 0.1s
[26/105] turagagati_ragada|T1|hybrid|42: complete tok=47 gana=True prasa=True yati=True 4.8s
[27/105] turagagati_ragada|T1|hybrid|49: complete tok=44 gana=True prasa=True yati=True 3.8s
[28/105] turagagati_ragada|T1|hybrid|56: complete tok=49 gana=True prasa=True yati=True 5.7s
[29/105] turagagati_ragada|T1|hybrid|63: complete tok=46 gana=True prasa=True yati=True 5.6s
[30/105] turagagati_ragada|T1|hybrid|70: complete tok=52 gana=True prasa=True yati=True 4.2s
[31/105] hayapracara_ragada|T1|masking_only|42: complete tok=16 gana=True prasa=True yati=True 1.3s
[32/105] hayapracara_ragada|T1|masking_only|49: complete tok=13 gana=True prasa=True yati=True 1.1s
[33/105] hayapracara_ragada|T1|masking_only|56: complete tok=16 gana=True prasa=True yati=True 1.2s
[34/105] hayapracara_ragada|T1|masking_only|63: complete tok=15 gana=True prasa=True yati=True 1.4s
[35/105] hayapracara_ragada|T1|masking_only|70: complete tok=13 gana=True prasa=True yati=True 1.1s
[36/105] hayapracara_ragada|T1|masking_backtrack|42: complete tok=16 gana=True prasa=True yati=True 0.6s
[37/105] hayapracara_ragada|T1|masking_backtrack|49: complete tok=18 gana=True prasa=True yati=True 2.7s
[38/105] hayapracara_ragada|T1|masking_backtrack|56: complete tok=16 gana=True prasa=True yati=True 0.0s
[39/105] hayapracara_ragada|T1|masking_backtrack|63: complete tok=13 gana=True prasa=True yati=True 0.4s
[40/105] hayapracara_ragada|T1|masking_backtrack|70: complete tok=13 gana=True prasa=True yati=True 0.0s
[41/105] hayapracara_ragada|T1|hybrid|42: complete tok=10 gana=True prasa=True yati=True 1.0s
[42/105] hayapracara_ragada|T1|hybrid|49: complete tok=14 gana=True prasa=True yati=True 1.1s
[43/105] hayapracara_ragada|T1|hybrid|56: complete tok=16 gana=True prasa=True yati=True 1.0s
[44/105] hayapracara_ragada|T1|hybrid|63: complete tok=11 gana=True prasa=True yati=True 0.9s
[45/105] hayapracara_ragada|T1|hybrid|70: complete tok=17 gana=True prasa=True yati=True 1.2s
[46/105] seesamu|T1|masking_only|42: complete tok=76 gana=True prasa=True yati=True 6.3s
[47/105] seesamu|T1|masking_only|49: complete tok=80 gana=True prasa=True yati=True 6.2s
[48/105] seesamu|T1|masking_only|56: complete tok=80 gana=True prasa=True yati=True 6.3s
[49/105] seesamu|T1|masking_only|63: complete tok=78 gana=True prasa=True yati=True 6.1s
[50/105] seesamu|T1|masking_only|70: complete tok=75 gana=True prasa=True yati=True 6.1s
[51/105] seesamu|T1|masking_backtrack|42: complete tok=73 gana=True prasa=True yati=True 7.0s
[52/105] seesamu|T1|masking_backtrack|49: complete tok=70 gana=True prasa=True yati=True 7.5s
[53/105] seesamu|T1|masking_backtrack|56: complete tok=76 gana=True prasa=True yati=True 7.9s
[54/105] seesamu|T1|masking_backtrack|63: complete tok=75 gana=True prasa=True yati=True 10.0s
[55/105] seesamu|T1|masking_backtrack|70: complete tok=72 gana=True prasa=True yati=True 8.6s
[56/105] seesamu|T1|hybrid|42: complete tok=78 gana=True prasa=True yati=True 7.8s
[57/105] seesamu|T1|hybrid|49: complete tok=82 gana=True prasa=True yati=True 8.2s
[58/105] seesamu|T1|hybrid|56: complete tok=73 gana=True prasa=True yati=True 7.7s
[59/105] seesamu|T1|hybrid|63: complete tok=76 gana=True prasa=True yati=True 7.9s
[60/105] seesamu|T1|hybrid|70: complete tok=71 gana=True prasa=True yati=True 7.2s
[61/105] ataveladi|T1|masking_only|42: complete tok=36 gana=True prasa=True yati=True 1.8s
[62/105] ataveladi|T1|masking_only|49: complete tok=41 gana=True prasa=True yati=True 2.8s
[63/105] ataveladi|T1|masking_only|56: complete tok=43 gana=True prasa=True yati=True 2.4s
[64/105] ataveladi|T1|masking_only|63: complete tok=45 gana=True prasa=True yati=True 2.7s
[65/105] ataveladi|T1|masking_only|70: complete tok=45 gana=True prasa=True yati=True 2.9s
[66/105] ataveladi|T1|masking_backtrack|42: complete tok=38 gana=True prasa=True yati=True 2.2s
[67/105] ataveladi|T1|masking_backtrack|49: complete tok=33 gana=True prasa=True yati=True 6.3s
[68/105] ataveladi|T1|masking_backtrack|56: complete tok=35 gana=True prasa=True yati=True 2.1s
[69/105] ataveladi|T1|masking_backtrack|63: complete tok=41 gana=True prasa=True yati=True 5.6s
[70/105] ataveladi|T1|masking_backtrack|70: complete tok=38 gana=True prasa=True yati=True 1.8s
[71/105] ataveladi|T1|hybrid|42: complete tok=43 gana=True prasa=True yati=True 3.4s
[72/105] ataveladi|T1|hybrid|49: complete tok=41 gana=True prasa=True yati=True 2.3s
[73/105] ataveladi|T1|hybrid|56: complete tok=44 gana=True prasa=True yati=True 3.5s
[74/105] ataveladi|T1|hybrid|63: complete tok=38 gana=True prasa=True yati=True 2.1s
[75/105] ataveladi|T1|hybrid|70: complete tok=38 gana=True prasa=True yati=True 2.1s
[76/105] tetagiti|T1|masking_only|42: complete tok=40 gana=True prasa=True yati=True 3.1s
[77/105] tetagiti|T1|masking_only|49: complete tok=44 gana=True prasa=True yati=True 2.5s
[78/105] tetagiti|T1|masking_only|56: complete tok=43 gana=True prasa=True yati=True 2.6s
[79/105] tetagiti|T1|masking_only|63: complete tok=47 gana=True prasa=True yati=True 3.0s
[80/105] tetagiti|T1|masking_only|70: complete tok=43 gana=True prasa=True yati=True 3.1s
[81/105] tetagiti|T1|masking_backtrack|42: complete tok=40 gana=True prasa=True yati=True 0.0s
[82/105] tetagiti|T1|masking_backtrack|49: complete tok=41 gana=True prasa=True yati=True 5.1s
[83/105] tetagiti|T1|masking_backtrack|56: complete tok=50 gana=True prasa=True yati=True 3.5s
[84/105] tetagiti|T1|masking_backtrack|63: complete tok=43 gana=True prasa=True yati=True 5.4s
[85/105] tetagiti|T1|masking_backtrack|70: complete tok=44 gana=True prasa=True yati=True 3.8s
[86/105] tetagiti|T1|hybrid|42: complete tok=43 gana=True prasa=True yati=True 2.4s
[87/105] tetagiti|T1|hybrid|49: complete tok=42 gana=True prasa=True yati=True 3.7s
[88/105] tetagiti|T1|hybrid|56: complete tok=40 gana=True prasa=True yati=True 2.2s
[89/105] tetagiti|T1|hybrid|63: complete tok=39 gana=True prasa=True yati=True 2.2s
[90/105] tetagiti|T1|hybrid|70: complete tok=38 gana=True prasa=True yati=True 3.7s
[91/105] taralamu|T1|masking_only|42: complete tok=79 gana=True prasa=True yati=True 4.1s
[92/105] taralamu|T1|masking_only|49: complete tok=72 gana=True prasa=True yati=True 4.4s
[93/105] taralamu|T1|masking_only|56: complete tok=69 gana=True prasa=True yati=True 3.7s
[94/105] taralamu|T1|masking_only|63: complete tok=73 gana=True prasa=True yati=True 4.5s
[95/105] taralamu|T1|masking_only|70: complete tok=74 gana=True prasa=True yati=True 4.4s
[96/105] taralamu|T1|masking_backtrack|42: complete tok=72 gana=True prasa=True yati=True 4.2s
[97/105] taralamu|T1|masking_backtrack|49: complete tok=70 gana=True prasa=True yati=True 3.7s
[98/105] taralamu|T1|masking_backtrack|56: complete tok=63 gana=True prasa=True yati=True 2.0s
[99/105] taralamu|T1|masking_backtrack|63: complete tok=76 gana=True prasa=True yati=True 4.9s
[100/105] taralamu|T1|masking_backtrack|70: complete tok=68 gana=True prasa=True yati=True 6.1s
[101/105] taralamu|T1|hybrid|42: complete tok=72 gana=True prasa=True yati=True 4.2s
[102/105] taralamu|T1|hybrid|49: complete tok=63 gana=True prasa=True yati=True 3.6s
[103/105] taralamu|T1|hybrid|56: complete tok=63 gana=True prasa=True yati=True 5.1s
[104/105] taralamu|T1|hybrid|63: complete tok=73 gana=True prasa=True yati=True 3.5s
[105/105] taralamu|T1|hybrid|70: complete tok=67 gana=True prasa=True yati=True 5.5s
| meter | mode | n | gana_strict | gana | prasa_strict | yati_strict | all_strict | all_relaxed | tok | s | logp | valid_mass | argmax_valid | bt |
|---|---|---|---|---|---|---|---|---|---|---|---|---|---|---|
| ataveladi | masking_only | 5 | 100 | 100 | 100 | 100 | 100 | 100 | 42 | 2.5 | -6.551 | 0.390 | 0.369 | 0.0 |
| ataveladi | masking_backtrack | 5 | 100 | 100 | 100 | 100 | 100 | 100 | 37 | 3.6 | -6.699 | 0.411 | 0.417 | 10.6 |
| ataveladi | hybrid | 5 | 100 | 100 | 100 | 100 | 100 | 100 | 41 | 2.7 | -5.719 | 0.402 | 0.439 | 0.0 |
| hayapracara_ragada | masking_only | 5 | 100 | 100 | 100 | 100 | 100 | 100 | 15 | 1.2 | -6.554 | 0.387 | 0.403 | 0.0 |
| hayapracara_ragada | masking_backtrack | 5 | 100 | 100 | 100 | 100 | 100 | 100 | 15 | 0.8 | -6.561 | 0.398 | 0.392 | 2.6 |
| hayapracara_ragada | hybrid | 5 | 100 | 100 | 100 | 100 | 100 | 100 | 14 | 1.1 | -5.797 | 0.384 | 0.325 | 0.0 |
| madhuragati_ragada | masking_only | 5 | 100 | 100 | 100 | 100 | 100 | 100 | 19 | 1.7 | -6.517 | 0.429 | 0.462 | 0.0 |
| madhuragati_ragada | masking_backtrack | 5 | 100 | 100 | 100 | 100 | 100 | 100 | 17 | 1.7 | -6.501 | 0.422 | 0.433 | 6.0 |
| madhuragati_ragada | hybrid | 5 | 100 | 100 | 100 | 100 | 100 | 100 | 17 | 1.7 | -5.592 | 0.463 | 0.476 | 0.0 |
| seesamu | masking_only | 5 | 100 | 100 | 100 | 100 | 100 | 100 | 78 | 6.2 | -6.562 | 0.500 | 0.492 | 0.0 |
| seesamu | masking_backtrack | 5 | 100 | 100 | 100 | 100 | 100 | 100 | 73 | 8.2 | -6.522 | 0.536 | 0.538 | 11.6 |
| seesamu | hybrid | 5 | 100 | 100 | 100 | 100 | 100 | 100 | 76 | 7.8 | -5.624 | 0.503 | 0.502 | 0.0 |
| taralamu | masking_only | 5 | 100 | 100 | 100 | 100 | 100 | 100 | 73 | 4.2 | -6.495 | 0.246 | 0.247 | 0.0 |
| taralamu | masking_backtrack | 5 | 100 | 100 | 100 | 100 | 100 | 100 | 70 | 4.2 | -6.549 | 0.247 | 0.244 | 7.0 |
| taralamu | hybrid | 5 | 100 | 100 | 100 | 100 | 100 | 100 | 68 | 4.4 | -5.808 | 0.246 | 0.236 | 0.0 |
| tetagiti | masking_only | 5 | 100 | 100 | 100 | 100 | 100 | 100 | 43 | 2.8 | -6.503 | 0.468 | 0.444 | 0.0 |
| tetagiti | masking_backtrack | 5 | 100 | 100 | 100 | 100 | 100 | 100 | 44 | 3.6 | -6.533 | 0.475 | 0.492 | 8.4 |
| tetagiti | hybrid | 5 | 100 | 100 | 100 | 100 | 100 | 100 | 40 | 2.9 | -5.556 | 0.505 | 0.567 | 0.0 |
| turagagati_ragada | masking_only | 5 | 100 | 100 | 100 | 100 | 100 | 100 | 55 | 5.1 | -6.470 | 0.480 | 0.486 | 0.0 |
| turagagati_ragada | masking_backtrack | 5 | 100 | 100 | 100 | 100 | 100 | 100 | 54 | 2.2 | -6.520 | 0.491 | 0.474 | 3.0 |
| turagagati_ragada | hybrid | 5 | 100 | 100 | 100 | 100 | 100 | 100 | 48 | 4.8 | -5.543 | 0.487 | 0.492 | 0.0 |
| ALL | masking_only | 35 | 100 | 100 | 100 | 100 | 100 | 100 | 47 | 3.4 | -6.522 | 0.414 | 0.415 | 0.0 |
| ALL | masking_backtrack | 35 | 100 | 100 | 100 | 100 | 100 | 100 | 44 | 3.4 | -6.555 | 0.426 | 0.427 | 7.0 |
| ALL | hybrid | 35 | 100 | 100 | 100 | 100 | 100 | 100 | 43 | 3.6 | -5.663 | 0.427 | 0.434 | 0.0 |
