[1/105] malini|T1|masking_only|42: complete tok=71 gana=True prasa=True yati=True 4.5s
[2/105] malini|T1|masking_only|49: complete tok=61 gana=True prasa=True yati=True 4.0s
[3/105] malini|T1|masking_only|56: complete tok=61 gana=True prasa=True yati=True 3.5s
[4/105] malini|T1|masking_only|63: complete tok=66 gana=True prasa=True yati=True 4.0s
[5/105] malini|T1|masking_only|70: complete tok=66 gana=True prasa=True yati=True 4.2s
[6/105] malini|T1|masking_backtrack|42: complete tok=66 gana=True prasa=True yati=True 8.2s
[7/105] malini|T1|masking_backtrack|49: complete tok=63 gana=True prasa=True yati=True 8.8s
[8/105] malini|T1|masking_backtrack|56: complete tok=58 gana=True prasa=True yati=True 7.0s
[9/105] malini|T1|masking_backtrack|63: complete tok=67 gana=True prasa=True yati=True 9.0s
[10/105] malini|T1|masking_backtrack|70: complete tok=55 gana=True prasa=True yati=True 5.4s
[11/105] malini|T1|hybrid|42: complete tok=63 gana=True prasa=True yati=True 3.7s
[12/105] malini|T1|hybrid|49: complete tok=63 gana=True prasa=True yati=True 6.3s
[13/105] malini|T1|hybrid|56: complete tok=54 gana=True prasa=True yati=True 3.4s
[14/105] malini|T1|hybrid|63: complete tok=62 gana=True prasa=True yati=True 5.7s
[15/105] malini|T1|hybrid|70: complete tok=49 gana=True prasa=True yati=True 3.2s
[16/105] manini|T1|masking_only|42: complete tok=90 gana=True prasa=True yati=True 7.6s
[17/105] manini|T1|masking_only|49: complete tok=95 gana=True prasa=True yati=True 6.3s
[18/105] manini|T1|masking_only|56: complete tok=99 gana=True prasa=True yati=True 9.8s
[19/105] manini|T1|masking_only|63: complete tok=86 gana=True prasa=True yati=True 5.9s
[20/105] manini|T1|masking_only|70: complete tok=114 gana=True prasa=True yati=True 16.3s
[21/105] manini|T1|masking_backtrack|42: complete tok=98 gana=True prasa=True yati=True 10.0s
[22/105] manini|T1|masking_backtrack|49: complete tok=92 gana=True prasa=True yati=True 14.3s
[23/105] manini|T1|masking_backtrack|56: complete tok=88 gana=True prasa=True yati=True 11.7s
[24/105] manini|T1|masking_backtrack|63: complete tok=85 gana=True prasa=True yati=True 12.3s
[25/105] manini|T1|masking_backtrack|70: complete tok=82 gana=True prasa=True yati=True 8.5s
[26/105] manini|T1|hybrid|42: complete tok=90 gana=True prasa=True yati=True 7.9s
[27/105] manini|T1|hybrid|49: complete tok=86 gana=True prasa=True yati=True 10.3s
[28/105] manini|T1|hybrid|56: complete tok=98 gana=True prasa=True yati=True 13.1s
[29/105] manini|T1|hybrid|63: complete tok=80 gana=True prasa=True yati=True 6.5s
[30/105] manini|T1|hybrid|70: complete tok=100 gana=True prasa=True yati=True 10.0s
[31/105] kavirajavirajitamu|T1|masking_only|42: complete tok=97 gana=True prasa=True yati=True 9.1s
[32/105] kavirajavirajitamu|T1|masking_only|49: complete tok=86 gana=True prasa=True yati=True 5.8s
[33/105] kavirajavirajitamu|T1|masking_only|56: complete tok=97 gana=True prasa=True yati=True 11.6s
[34/105] kavirajavirajitamu|T1|masking_only|63: complete tok=109 gana=True prasa=True yati=True 11.0s
[35/105] kavirajavirajitamu|T1|masking_only|70: complete tok=93 gana=True prasa=True yati=True 10.5s
[36/105] kavirajavirajitamu|T1|masking_backtrack|42: complete tok=86 gana=True prasa=True yati=True 13.5s
[37/105] kavirajavirajitamu|T1|masking_backtrack|49: complete tok=87 gana=True prasa=True yati=True 29.8s
[38/105] kavirajavirajitamu|T1|masking_backtrack|56: complete tok=107 gana=True prasa=True yati=True 18.7s
[39/105] kavirajavirajitamu|T1|masking_backtrack|63: complete tok=83 gana=True prasa=True yati=True 8.8s
[40/105] kavirajavirajitamu|T1|masking_backtrack|70: complete tok=95 gana=True prasa=True yati=True 5.7s
[41/105] kavirajavirajitamu|T1|hybrid|42: complete tok=90 gana=True prasa=True yati=True 10.0s
[42/105] kavirajavirajitamu|T1|hybrid|49: complete tok=96 gana=True prasa=True yati=True 13.1s
[43/105] kavirajavirajitamu|T1|hybrid|56: complete tok=90 gana=True prasa=True yati=True 6.7s
[44/105] kavirajavirajitamu|T1|hybrid|63: complete tok=88 gana=True prasa=True yati=True 6.1s
[45/105] kavirajavirajitamu|T1|hybrid|70: complete tok=97 gana=True prasa=True yati=True 8.8s
[46/105] vanamayuramu|T1|masking_only|42: complete tok=62 gana=True prasa=True yati=True 3.6s
[47/105] vanamayuramu|T1|masking_only|49: complete tok=62 gana=True prasa=True yati=True 4.6s
[48/105] vanamayuramu|T1|masking_only|56: complete tok=61 gana=True prasa=True yati=True 4.3s
[49/105] vanamayuramu|T1|masking_only|63: complete tok=60 gana=True prasa=True yati=True 3.3s
[50/105] vanamayuramu|T1|masking_only|70: complete tok=67 gana=True prasa=True yati=True 3.5s
[51/105] vanamayuramu|T1|masking_backtrack|42: complete tok=45 gana=True prasa=True yati=True 5.0s
[52/105] vanamayuramu|T1|masking_backtrack|49: complete tok=59 gana=True prasa=True yati=True 6.3s
[53/105] vanamayuramu|T1|masking_backtrack|56: complete tok=57 gana=True prasa=True yati=True 5.9s
[54/105] vanamayuramu|T1|masking_backtrack|63: complete tok=59 gana=True prasa=True yati=True 4.0s
[55/105] vanamayuramu|T1|masking_backtrack|70: complete tok=69 gana=True prasa=True yati=True 6.2s
[56/105] vanamayuramu|T1|hybrid|42: complete tok=50 gana=True prasa=True yati=True 5.6s
[57/105] vanamayuramu|T1|hybrid|49: complete tok=50 gana=True prasa=True yati=True 3.6s
[58/105] vanamayuramu|T1|hybrid|56: complete tok=50 gana=True prasa=True yati=True 6.0s
[59/105] vanamayuramu|T1|hybrid|63: complete tok=44 gana=True prasa=True yati=True 2.9s
[60/105] vanamayuramu|T1|hybrid|70: complete tok=59 gana=True prasa=True yati=True 3.6s
[61/105] mangalamahasri|T1|masking_only|42: complete tok=105 gana=True prasa=True yati=True 8.3s
[62/105] mangalamahasri|T1|masking_only|49: complete tok=112 gana=True prasa=True yati=True 8.4s
[63/105] mangalamahasri|T1|masking_only|56: complete tok=107 gana=True prasa=True yati=True 9.8s
[64/105] mangalamahasri|T1|masking_only|63: complete tok=99 gana=True prasa=True yati=True 8.2s
[65/105] mangalamahasri|T1|masking_only|70: complete tok=90 gana=True prasa=True yati=True 8.5s
[66/105] mangalamahasri|T1|masking_backtrack|42: complete tok=84 gana=True prasa=True yati=True 7.9s
[67/105] mangalamahasri|T1|masking_backtrack|49: complete tok=98 gana=True prasa=True yati=True 9.8s
[68/105] mangalamahasri|T1|masking_backtrack|56: complete tok=89 gana=True prasa=True yati=True 12.5s
[69/105] mangalamahasri|T1|masking_backtrack|63: complete tok=88 gana=True prasa=True yati=True 7.2s
[70/105] mangalamahasri|T1|masking_backtrack|70: complete tok=97 gana=True prasa=True yati=True 6.5s
[71/105] mangalamahasri|T1|hybrid|42: complete tok=91 gana=True prasa=True yati=True 6.6s
[72/105] mangalamahasri|T1|hybrid|49: complete tok=102 gana=True prasa=True yati=True 10.1s
[73/105] mangalamahasri|T1|hybrid|56: complete tok=90 gana=True prasa=True yati=True 9.8s
[74/105] mangalamahasri|T1|hybrid|63: complete tok=83 gana=True prasa=True yati=True 6.3s
[75/105] mangalamahasri|T1|hybrid|70: complete tok=90 gana=True prasa=True yati=True 6.2s
[76/105] layagrahi|T1|masking_only|42: complete tok=120 gana=True prasa=True yati=True 7.6s
[77/105] layagrahi|T1|masking_only|49: complete tok=119 gana=True prasa=True yati=True 7.1s
[78/105] layagrahi|T1|masking_only|56: complete tok=117 gana=True prasa=True yati=True 7.9s
[79/105] layagrahi|T1|masking_only|63: complete tok=107 gana=True prasa=True yati=True 6.9s
[80/105] layagrahi|T1|masking_only|70: complete tok=126 gana=True prasa=True yati=True 7.8s
[81/105] layagrahi|T1|masking_backtrack|42: complete tok=124 gana=True prasa=True yati=True 11.2s
[82/105] layagrahi|T1|masking_backtrack|49: complete tok=114 gana=True prasa=True yati=True 12.3s
[83/105] layagrahi|T1|masking_backtrack|56: complete tok=118 gana=True prasa=True yati=True 15.5s
[84/105] layagrahi|T1|masking_backtrack|63: complete tok=105 gana=True prasa=True yati=True 14.5s
[85/105] layagrahi|T1|masking_backtrack|70: complete tok=118 gana=True prasa=True yati=True 15.5s
[86/105] layagrahi|T1|hybrid|42: complete tok=98 gana=True prasa=True yati=True 8.9s
[87/105] layagrahi|T1|hybrid|49: complete tok=133 gana=True prasa=True yati=True 10.1s
[88/105] layagrahi|T1|hybrid|56: complete tok=98 gana=True prasa=True yati=True 9.3s
[89/105] layagrahi|T1|hybrid|63: complete tok=93 gana=True prasa=True yati=True 5.7s
[90/105] layagrahi|T1|hybrid|70: complete tok=123 gana=True prasa=True yati=True 10.1s
[91/105] layavibhati|T1|masking_only|42: complete tok=134 gana=True prasa=True yati=True 7.0s
[92/105] layavibhati|T1|masking_only|49: complete tok=95 gana=True prasa=True yati=True 6.1s
[93/105] layavibhati|T1|masking_only|56: complete tok=105 gana=True prasa=True yati=True 5.9s
[94/105] layavibhati|T1|masking_only|63: complete tok=114 gana=True prasa=True yati=True 6.1s
[95/105] layavibhati|T1|masking_only|70: complete tok=105 gana=True prasa=True yati=True 5.3s
[96/105] layavibhati|T1|masking_backtrack|42: complete tok=112 gana=True prasa=True yati=True 11.4s
[97/105] layavibhati|T1|masking_backtrack|49: complete tok=99 gana=True prasa=True yati=True 5.8s
[98/105] layavibhati|T1|masking_backtrack|56: complete tok=105 gana=True prasa=True yati=True 0.1s
[99/105] layavibhati|T1|masking_backtrack|63: complete tok=109 gana=True prasa=True yati=True 6.5s
[100/105] layavibhati|T1|masking_backtrack|70: complete tok=105 gana=True prasa=True yati=True 8.0s
[101/105] layavibhati|T1|hybrid|42: complete tok=101 gana=True prasa=True yati=True 7.2s
[102/105] layavibhati|T1|hybrid|49: complete tok=94 gana=True prasa=True yati=True 5.3s
[103/105] layavibhati|T1|hybrid|56: complete tok=94 gana=True prasa=True yati=True 7.1s
[104/105] layavibhati|T1|hybrid|63: complete tok=109 gana=True prasa=True yati=True 8.6s
[105/105] layavibhati|T1|hybrid|70: complete tok=94 gana=True prasa=True yati=True 7.1s
| meter | mode | n | gana_strict | gana | prasa_strict | yati_strict | all_strict | all_relaxed | tok | s | logp | valid_mass | argmax_valid | bt |
|---|---|---|---|---|---|---|---|---|---|---|---|---|---|---|
| kavirajavirajitamu | masking_only | 5 | 100 | 100 | 100 | 100 | 100 | 100 | 96 | 9.6 | -6.553 | 0.175 | 0.160 | 0.0 |
| kavirajavirajitamu | masking_backtrack | 5 | 100 | 100 | 100 | 100 | 100 | 100 | 92 | 15.3 | -6.660 | 0.172 | 0.150 | 19.6 |
| kavirajavirajitamu | hybrid | 5 | 100 | 100 | 100 | 100 | 100 | 100 | 92 | 8.9 | -6.006 | 0.170 | 0.191 | 0.0 |
| layagrahi | masking_only | 5 | 100 | 100 | 100 | 100 | 100 | 100 | 118 | 7.4 | -6.705 | 0.199 | 0.210 | 0.0 |
| layagrahi | masking_backtrack | 5 | 100 | 100 | 100 | 100 | 100 | 100 | 116 | 13.8 | -6.716 | 0.222 | 0.220 | 30.0 |
| layagrahi | hybrid | 5 | 100 | 100 | 100 | 100 | 100 | 100 | 109 | 8.8 | -6.021 | 0.212 | 0.210 | 0.0 |
| layavibhati | masking_only | 5 | 100 | 100 | 100 | 100 | 100 | 100 | 111 | 6.1 | -6.515 | 0.218 | 0.222 | 0.0 |
| layavibhati | masking_backtrack | 5 | 100 | 100 | 100 | 100 | 100 | 100 | 106 | 6.4 | -6.527 | 0.225 | 0.232 | 10.2 |
| layavibhati | hybrid | 5 | 100 | 100 | 100 | 100 | 100 | 100 | 98 | 7.1 | -5.690 | 0.228 | 0.242 | 0.0 |
| malini | masking_only | 5 | 100 | 100 | 100 | 100 | 100 | 100 | 65 | 4.0 | -6.598 | 0.237 | 0.229 | 0.0 |
| malini | masking_backtrack | 5 | 100 | 100 | 100 | 100 | 100 | 100 | 62 | 7.7 | -6.705 | 0.222 | 0.222 | 22.2 |
| malini | hybrid | 5 | 100 | 100 | 100 | 100 | 100 | 100 | 58 | 4.5 | -5.860 | 0.246 | 0.263 | 0.0 |
| mangalamahasri | masking_only | 5 | 100 | 100 | 100 | 100 | 100 | 100 | 103 | 8.6 | -6.597 | 0.203 | 0.200 | 0.0 |
| mangalamahasri | masking_backtrack | 5 | 100 | 100 | 100 | 100 | 100 | 100 | 91 | 8.8 | -6.604 | 0.202 | 0.206 | 12.6 |
| mangalamahasri | hybrid | 5 | 100 | 100 | 100 | 100 | 100 | 100 | 91 | 7.8 | -5.823 | 0.220 | 0.224 | 0.0 |
| manini | masking_only | 5 | 100 | 100 | 100 | 100 | 100 | 100 | 97 | 9.2 | -6.602 | 0.181 | 0.170 | 0.0 |
| manini | masking_backtrack | 5 | 100 | 100 | 100 | 100 | 100 | 100 | 89 | 11.4 | -6.603 | 0.183 | 0.203 | 13.4 |
| manini | hybrid | 5 | 100 | 100 | 100 | 100 | 100 | 100 | 91 | 9.6 | -5.958 | 0.185 | 0.165 | 0.0 |
| vanamayuramu | masking_only | 5 | 100 | 100 | 100 | 100 | 100 | 100 | 62 | 3.9 | -6.623 | 0.209 | 0.186 | 0.0 |
| vanamayuramu | masking_backtrack | 5 | 100 | 100 | 100 | 100 | 100 | 100 | 58 | 5.5 | -6.642 | 0.217 | 0.217 | 12.8 |
| vanamayuramu | hybrid | 5 | 100 | 100 | 100 | 100 | 100 | 100 | 51 | 4.4 | -5.951 | 0.213 | 0.238 | 0.0 |
| ALL | masking_only | 35 | 100 | 100 | 100 | 100 | 100 | 100 | 93 | 7.0 | -6.599 | 0.203 | 0.197 | 0.0 |
| ALL | masking_backtrack | 35 | 100 | 100 | 100 | 100 | 100 | 100 | 88 | 9.8 | -6.637 | 0.206 | 0.207 | 17.3 |
| ALL | hybrid | 35 | 100 | 100 | 100 | 100 | 100 | 100 | 84 | 7.3 | -5.901 | 0.211 | 0.219 | 0.0 |
