loading nvidia/diffusiongemma-26B-A4B-it-NVFP4 (resident=True) …
built on cuda in 1s
987 dense tensors loaded (41s)
experts of 10/30 layers loaded (48s)
experts of 20/30 layers loaded (56s)
experts of 30/30 layers loaded (64s)
ready in 64s; GPU memory allocated 51.8 GB
loaded: slice 1747 tokens, canvas 256
[1/555] utpalamala|T1|baseline|42: eos tok=65 gana=False prasa=False yati=False 6.3s
[2/555] utpalamala|T1|baseline|49: eos tok=59 gana=False prasa=False yati=False 6.3s
[3/555] utpalamala|T1|baseline|56: eos tok=61 gana=False prasa=False yati=False 5.8s
[4/555] utpalamala|T1|baseline|63: eos tok=57 gana=False prasa=False yati=False 5.0s
[5/555] utpalamala|T1|baseline|70: eos tok=69 gana=False prasa=False yati=False 5.8s
[6/555] utpalamala|T2|baseline|42: eos tok=66 gana=False prasa=False yati=False 6.1s
[7/555] utpalamala|T2|baseline|49: eos tok=75 gana=False prasa=False yati=False 5.9s
[8/555] utpalamala|T2|baseline|56: eos tok=69 gana=False prasa=False yati=False 6.6s
[9/555] utpalamala|T2|baseline|63: eos tok=71 gana=False prasa=False yati=False 6.3s
[10/555] utpalamala|T2|baseline|70: eos tok=79 gana=False prasa=False yati=False 6.9s
[11/555] utpalamala|T3|baseline|42: eos tok=55 gana=False prasa=False yati=False 5.1s
[12/555] utpalamala|T3|baseline|49: eos tok=66 gana=False prasa=False yati=False 4.6s
[13/555] utpalamala|T3|baseline|56: eos tok=68 gana=False prasa=False yati=False 6.0s
[14/555] utpalamala|T3|baseline|63: eos tok=69 gana=False prasa=False yati=False 7.1s
[15/555] utpalamala|T3|baseline|70: eos tok=76 gana=False prasa=False yati=False 5.3s
[16/555] champakamala|T1|baseline|42: eos tok=56 gana=False prasa=False yati=False 6.2s
[17/555] champakamala|T1|baseline|49: eos tok=54 gana=False prasa=False yati=False 6.1s
[18/555] champakamala|T1|baseline|56: eos tok=62 gana=False prasa=False yati=False 5.4s
[19/555] champakamala|T1|baseline|63: eos tok=60 gana=False prasa=False yati=False 5.4s
[20/555] champakamala|T1|baseline|70: eos tok=65 gana=False prasa=False yati=False 5.8s
[21/555] champakamala|T2|baseline|42: eos tok=72 gana=False prasa=False yati=False 5.7s
[22/555] champakamala|T2|baseline|49: eos tok=75 gana=False prasa=False yati=False 6.2s
[23/555] champakamala|T2|baseline|56: eos tok=68 gana=False prasa=False yati=False 6.0s
[24/555] champakamala|T2|baseline|63: eos tok=57 gana=False prasa=False yati=False 6.0s
[25/555] champakamala|T2|baseline|70: eos tok=82 gana=False prasa=False yati=False 5.5s
[26/555] champakamala|T3|baseline|42: eos tok=89 gana=False prasa=False yati=False 5.8s
[27/555] champakamala|T3|baseline|49: eos tok=77 gana=False prasa=False yati=False 5.2s
[28/555] champakamala|T3|baseline|56: eos tok=74 gana=False prasa=False yati=False 7.2s
[29/555] champakamala|T3|baseline|63: eos tok=67 gana=False prasa=False yati=False 5.5s
[30/555] champakamala|T3|baseline|70: eos tok=78 gana=False prasa=False yati=False 6.0s
[31/555] mattebhavikriditamu|T1|baseline|42: eos tok=49 gana=False prasa=False yati=False 5.6s
[32/555] mattebhavikriditamu|T1|baseline|49: eos tok=63 gana=False prasa=False yati=False 6.2s
[33/555] mattebhavikriditamu|T1|baseline|56: eos tok=59 gana=False prasa=False yati=False 5.5s
[34/555] mattebhavikriditamu|T1|baseline|63: eos tok=57 gana=False prasa=False yati=False 4.7s
[35/555] mattebhavikriditamu|T1|baseline|70: eos tok=87 gana=False prasa=False yati=False 7.0s
[36/555] mattebhavikriditamu|T2|baseline|42: eos tok=60 gana=False prasa=False yati=False 5.0s
[37/555] mattebhavikriditamu|T2|baseline|49: eos tok=64 gana=False prasa=False yati=False 5.2s
[38/555] mattebhavikriditamu|T2|baseline|56: eos tok=77 gana=False prasa=False yati=False 4.8s
[39/555] mattebhavikriditamu|T2|baseline|63: eos tok=80 gana=False prasa=False yati=False 5.7s
[40/555] mattebhavikriditamu|T2|baseline|70: eos tok=82 gana=False prasa=False yati=False 5.0s
[41/555] mattebhavikriditamu|T3|baseline|42: eos tok=75 gana=False prasa=False yati=False 6.8s
[42/555] mattebhavikriditamu|T3|baseline|49: eos tok=77 gana=False prasa=False yati=False 6.0s
[43/555] mattebhavikriditamu|T3|baseline|56: eos tok=63 gana=False prasa=False yati=False 4.8s
[44/555] mattebhavikriditamu|T3|baseline|63: eos tok=55 gana=False prasa=False yati=False 5.5s
[45/555] mattebhavikriditamu|T3|baseline|70: eos tok=78 gana=False prasa=False yati=False 6.3s
[46/555] sardulavikriditamu|T1|baseline|42: eos tok=51 gana=False prasa=False yati=False 6.8s
[47/555] sardulavikriditamu|T1|baseline|49: eos tok=51 gana=False prasa=False yati=False 5.1s
[48/555] sardulavikriditamu|T1|baseline|56: eos tok=63 gana=False prasa=False yati=False 5.8s
[49/555] sardulavikriditamu|T1|baseline|63: eos tok=65 gana=False prasa=False yati=False 5.5s
[50/555] sardulavikriditamu|T1|baseline|70: eos tok=61 gana=False prasa=False yati=False 7.2s
[51/555] sardulavikriditamu|T2|baseline|42: eos tok=70 gana=False prasa=False yati=False 4.5s
[52/555] sardulavikriditamu|T2|baseline|49: eos tok=78 gana=False prasa=False yati=False 5.7s
[53/555] sardulavikriditamu|T2|baseline|56: eos tok=77 gana=False prasa=False yati=False 5.2s
[54/555] sardulavikriditamu|T2|baseline|63: eos tok=65 gana=False prasa=False yati=False 4.5s
[55/555] sardulavikriditamu|T2|baseline|70: eos tok=77 gana=False prasa=False yati=False 6.3s
[56/555] sardulavikriditamu|T3|baseline|42: eos tok=67 gana=False prasa=False yati=False 6.0s
[57/555] sardulavikriditamu|T3|baseline|49: eos tok=69 gana=False prasa=False yati=False 5.3s
[58/555] sardulavikriditamu|T3|baseline|56: eos tok=68 gana=False prasa=False yati=False 5.5s
[59/555] sardulavikriditamu|T3|baseline|63: eos tok=72 gana=False prasa=False yati=False 6.2s
[60/555] sardulavikriditamu|T3|baseline|70: eos tok=79 gana=False prasa=False yati=False 6.2s
[61/555] sragdhara|T1|baseline|42: eos tok=56 gana=False prasa=False yati=False 5.3s
[62/555] sragdhara|T1|baseline|49: eos tok=67 gana=False prasa=False yati=False 5.7s
[63/555] sragdhara|T1|baseline|56: eos tok=60 gana=False prasa=False yati=False 4.5s
[64/555] sragdhara|T1|baseline|63: eos tok=58 gana=False prasa=False yati=False 5.4s
[65/555] sragdhara|T1|baseline|70: eos tok=69 gana=False prasa=False yati=False 4.2s
[66/555] sragdhara|T2|baseline|42: eos tok=80 gana=False prasa=False yati=False 6.7s
[67/555] sragdhara|T2|baseline|49: eos tok=72 gana=False prasa=False yati=False 5.5s
[68/555] sragdhara|T2|baseline|56: eos tok=80 gana=False prasa=False yati=False 6.0s
[69/555] sragdhara|T2|baseline|63: eos tok=63 gana=False prasa=False yati=False 5.2s
[70/555] sragdhara|T2|baseline|70: eos tok=81 gana=False prasa=False yati=False 6.3s
[71/555] sragdhara|T3|baseline|42: eos tok=68 gana=False prasa=False yati=False 4.5s
[72/555] sragdhara|T3|baseline|49: eos tok=76 gana=False prasa=False yati=False 5.4s
[73/555] sragdhara|T3|baseline|56: eos tok=70 gana=False prasa=False yati=False 5.7s
[74/555] sragdhara|T3|baseline|63: eos tok=75 gana=False prasa=False yati=False 4.2s
[75/555] sragdhara|T3|baseline|70: eos tok=78 gana=False prasa=False yati=False 4.8s
[76/555] mahasragdhara|T1|baseline|42: eos tok=51 gana=False prasa=False yati=False 5.7s
[77/555] mahasragdhara|T1|baseline|49: eos tok=46 gana=False prasa=False yati=False 5.0s
[78/555] mahasragdhara|T1|baseline|56: eos tok=47 gana=False prasa=False yati=False 4.7s
[79/555] mahasragdhara|T1|baseline|63: eos tok=59 gana=False prasa=False yati=False 5.5s
[80/555] mahasragdhara|T1|baseline|70: eos tok=62 gana=False prasa=False yati=False 5.0s
[81/555] mahasragdhara|T2|baseline|42: eos tok=65 gana=False prasa=False yati=False 6.3s
[82/555] mahasragdhara|T2|baseline|49: eos tok=96 gana=False prasa=False yati=False 5.5s
[83/555] mahasragdhara|T2|baseline|56: eos tok=69 gana=False prasa=False yati=False 5.6s
[84/555] mahasragdhara|T2|baseline|63: eos tok=71 gana=False prasa=False yati=False 5.8s
[85/555] mahasragdhara|T2|baseline|70: eos tok=74 gana=False prasa=False yati=False 5.8s
[86/555] mahasragdhara|T3|baseline|42: eos tok=57 gana=False prasa=False yati=False 5.0s
[87/555] mahasragdhara|T3|baseline|49: eos tok=60 gana=False prasa=False yati=False 5.0s
[88/555] mahasragdhara|T3|baseline|56: eos tok=65 gana=False prasa=False yati=False 5.4s
[89/555] mahasragdhara|T3|baseline|63: eos tok=68 gana=False prasa=False yati=False 5.2s
[90/555] mahasragdhara|T3|baseline|70: eos tok=78 gana=False prasa=False yati=False 5.5s
[91/555] totakamu|T1|baseline|42: eos tok=55 gana=False prasa=False yati=False 6.2s
[92/555] totakamu|T1|baseline|49: eos tok=54 gana=False prasa=False yati=False 4.5s
[93/555] totakamu|T1|baseline|56: eos tok=33 gana=False prasa=False yati=False 5.0s
[94/555] totakamu|T1|baseline|63: eos tok=47 gana=False prasa=False yati=False 4.5s
[95/555] totakamu|T1|baseline|70: eos tok=45 gana=False prasa=False yati=False 4.9s
[96/555] totakamu|T2|baseline|42: eos tok=55 gana=False prasa=False yati=False 4.8s
[97/555] totakamu|T2|baseline|49: eos tok=68 gana=False prasa=False yati=False 5.5s
[98/555] totakamu|T2|baseline|56: eos tok=58 gana=False prasa=False yati=False 5.3s
[99/555] totakamu|T2|baseline|63: eos tok=62 gana=False prasa=False yati=False 4.8s
[100/555] totakamu|T2|baseline|70: eos tok=80 gana=False prasa=False yati=False 6.0s
[101/555] totakamu|T3|baseline|42: eos tok=45 gana=False prasa=False yati=False 4.8s
[102/555] totakamu|T3|baseline|49: eos tok=49 gana=False prasa=False yati=False 4.8s
[103/555] totakamu|T3|baseline|56: eos tok=49 gana=False prasa=False yati=False 5.0s
[104/555] totakamu|T3|baseline|63: eos tok=64 gana=False prasa=False yati=False 5.3s
[105/555] totakamu|T3|baseline|70: eos tok=49 gana=False prasa=False yati=False 3.8s
[106/555] bhujangaprayatamu|T1|baseline|42: eos tok=56 gana=False prasa=False yati=False 4.9s
[107/555] bhujangaprayatamu|T1|baseline|49: eos tok=55 gana=False prasa=False yati=False 5.8s
[108/555] bhujangaprayatamu|T1|baseline|56: eos tok=52 gana=False prasa=False yati=False 6.2s
[109/555] bhujangaprayatamu|T1|baseline|63: eos tok=46 gana=False prasa=False yati=False 6.7s
[110/555] bhujangaprayatamu|T1|baseline|70: eos tok=55 gana=False prasa=False yati=False 4.8s
[111/555] bhujangaprayatamu|T2|baseline|42: eos tok=65 gana=False prasa=False yati=False 6.5s
[112/555] bhujangaprayatamu|T2|baseline|49: eos tok=60 gana=False prasa=False yati=False 5.0s
[113/555] bhujangaprayatamu|T2|baseline|56: eos tok=58 gana=False prasa=False yati=False 6.2s
[114/555] bhujangaprayatamu|T2|baseline|63: eos tok=61 gana=False prasa=False yati=False 4.3s
[115/555] bhujangaprayatamu|T2|baseline|70: eos tok=69 gana=False prasa=False yati=False 5.3s
[116/555] bhujangaprayatamu|T3|baseline|42: eos tok=48 gana=False prasa=False yati=False 5.1s
[117/555] bhujangaprayatamu|T3|baseline|49: eos tok=55 gana=False prasa=False yati=False 4.0s
[118/555] bhujangaprayatamu|T3|baseline|56: eos tok=62 gana=False prasa=False yati=False 5.8s
[119/555] bhujangaprayatamu|T3|baseline|63: eos tok=58 gana=False prasa=False yati=False 5.7s
[120/555] bhujangaprayatamu|T3|baseline|70: eos tok=79 gana=False prasa=False yati=False 5.7s
[121/555] mattakokilamu|T1|baseline|42: eos tok=69 gana=False prasa=False yati=False 5.9s
[122/555] mattakokilamu|T1|baseline|49: eos tok=50 gana=False prasa=False yati=False 5.5s
[123/555] mattakokilamu|T1|baseline|56: eos tok=65 gana=False prasa=False yati=False 5.3s
[124/555] mattakokilamu|T1|baseline|63: eos tok=18 gana=False prasa=False yati=False 4.0s
[125/555] mattakokilamu|T1|baseline|70: eos tok=52 gana=False prasa=False yati=False 5.0s
[126/555] mattakokilamu|T2|baseline|42: eos tok=62 gana=False prasa=False yati=False 5.5s
[127/555] mattakokilamu|T2|baseline|49: eos tok=80 gana=False prasa=False yati=False 4.7s
[128/555] mattakokilamu|T2|baseline|56: eos tok=71 gana=False prasa=False yati=False 5.7s
[129/555] mattakokilamu|T2|baseline|63: eos tok=84 gana=False prasa=False yati=False 5.5s
[130/555] mattakokilamu|T2|baseline|70: eos tok=77 gana=False prasa=False yati=False 5.0s
[131/555] mattakokilamu|T3|baseline|42: eos tok=66 gana=False prasa=False yati=False 4.8s
[132/555] mattakokilamu|T3|baseline|49: eos tok=90 gana=False prasa=False yati=False 5.8s
[133/555] mattakokilamu|T3|baseline|56: eos tok=65 gana=False prasa=False yati=False 4.8s
[134/555] mattakokilamu|T3|baseline|63: eos tok=71 gana=False prasa=False yati=False 5.7s
[135/555] mattakokilamu|T3|baseline|70: eos tok=78 gana=False prasa=False yati=False 6.0s
[136/555] pamcacamaramu|T1|baseline|42: eos tok=59 gana=False prasa=False yati=False 4.5s
[137/555] pamcacamaramu|T1|baseline|49: eos tok=47 gana=False prasa=False yati=False 5.2s
[138/555] pamcacamaramu|T1|baseline|56: eos tok=43 gana=False prasa=False yati=False 4.3s
[139/555] pamcacamaramu|T1|baseline|63: eos tok=60 gana=False prasa=False yati=False 5.3s
[140/555] pamcacamaramu|T1|baseline|70: eos tok=44 gana=False prasa=False yati=False 4.8s
[141/555] pamcacamaramu|T2|baseline|42: eos tok=68 gana=False prasa=False yati=False 4.5s
[142/555] pamcacamaramu|T2|baseline|49: eos tok=64 gana=False prasa=False yati=False 4.6s
[143/555] pamcacamaramu|T2|baseline|56: eos tok=69 gana=False prasa=False yati=False 4.7s
[144/555] pamcacamaramu|T2|baseline|63: eos tok=70 gana=False prasa=False yati=False 6.0s
[145/555] pamcacamaramu|T2|baseline|70: eos tok=62 gana=False prasa=False yati=False 5.2s
[146/555] pamcacamaramu|T3|baseline|42: eos tok=57 gana=False prasa=False yati=False 5.0s
[147/555] pamcacamaramu|T3|baseline|49: eos tok=65 gana=False prasa=False yati=False 4.2s
[148/555] pamcacamaramu|T3|baseline|56: eos tok=54 gana=False prasa=False yati=False 5.5s
[149/555] pamcacamaramu|T3|baseline|63: eos tok=60 gana=False prasa=False yati=False 4.7s
[150/555] pamcacamaramu|T3|baseline|70: eos tok=78 gana=False prasa=False yati=False 4.8s
[151/555] vasamtatilakamu|T1|baseline|42: eos tok=34 gana=False prasa=False yati=False 4.8s
[152/555] vasamtatilakamu|T1|baseline|49: eos tok=60 gana=False prasa=False yati=False 6.0s
[153/555] vasamtatilakamu|T1|baseline|56: eos tok=48 gana=False prasa=False yati=False 5.6s
[154/555] vasamtatilakamu|T1|baseline|63: eos tok=52 gana=False prasa=False yati=False 5.5s
[155/555] vasamtatilakamu|T1|baseline|70: eos tok=62 gana=False prasa=False yati=False 6.5s
[156/555] vasamtatilakamu|T2|baseline|42: eos tok=70 gana=False prasa=False yati=False 5.3s
[157/555] vasamtatilakamu|T2|baseline|49: eos tok=59 gana=False prasa=False yati=False 5.0s
[158/555] vasamtatilakamu|T2|baseline|56: eos tok=69 gana=False prasa=False yati=False 6.0s
[159/555] vasamtatilakamu|T2|baseline|63: eos tok=69 gana=False prasa=False yati=False 6.4s
[160/555] vasamtatilakamu|T2|baseline|70: eos tok=60 gana=False prasa=False yati=False 5.1s
[161/555] vasamtatilakamu|T3|baseline|42: eos tok=55 gana=False prasa=False yati=False 5.0s
[162/555] vasamtatilakamu|T3|baseline|49: eos tok=61 gana=False prasa=False yati=False 5.6s
[163/555] vasamtatilakamu|T3|baseline|56: eos tok=53 gana=False prasa=False yati=False 5.0s
[164/555] vasamtatilakamu|T3|baseline|63: eos tok=59 gana=False prasa=False yati=False 6.0s
[165/555] vasamtatilakamu|T3|baseline|70: eos tok=79 gana=False prasa=False yati=False 5.5s
[166/555] indravajra|T1|baseline|42: eos tok=39 gana=False prasa=False yati=False 5.3s
[167/555] indravajra|T1|baseline|49: eos tok=45 gana=False prasa=False yati=False 5.0s
[168/555] indravajra|T1|baseline|56: eos tok=41 gana=False prasa=False yati=False 4.0s
[169/555] indravajra|T1|baseline|63: eos tok=49 gana=False prasa=False yati=False 4.9s
[170/555] indravajra|T1|baseline|70: eos tok=52 gana=False prasa=False yati=False 4.7s
[171/555] indravajra|T2|baseline|42: eos tok=51 gana=False prasa=False yati=False 5.3s
[172/555] indravajra|T2|baseline|49: eos tok=54 gana=False prasa=False yati=False 5.0s
[173/555] indravajra|T2|baseline|56: eos tok=46 gana=False prasa=False yati=False 4.5s
[174/555] indravajra|T2|baseline|63: eos tok=58 gana=False prasa=False yati=False 5.0s
[175/555] indravajra|T2|baseline|70: eos tok=50 gana=False prasa=False yati=False 5.2s
[176/555] indravajra|T3|baseline|42: eos tok=49 gana=False prasa=False yati=False 5.3s
[177/555] indravajra|T3|baseline|49: eos tok=47 gana=False prasa=False yati=False 5.2s
[178/555] indravajra|T3|baseline|56: eos tok=44 gana=False prasa=False yati=False 3.8s
[179/555] indravajra|T3|baseline|63: eos tok=54 gana=False prasa=False yati=False 4.8s
[180/555] indravajra|T3|baseline|70: eos tok=53 gana=False prasa=False yati=False 4.8s
[181/555] upendravajra|T1|baseline|42: eos tok=51 gana=False prasa=False yati=False 5.0s
[182/555] upendravajra|T1|baseline|49: eos tok=47 gana=False prasa=False yati=False 4.6s
[183/555] upendravajra|T1|baseline|56: eos tok=43 gana=False prasa=False yati=False 4.0s
[184/555] upendravajra|T1|baseline|63: eos tok=49 gana=False prasa=False yati=False 4.2s
[185/555] upendravajra|T1|baseline|70: eos tok=50 gana=False prasa=False yati=False 4.5s
[186/555] upendravajra|T2|baseline|42: eos tok=55 gana=False prasa=False yati=False 5.3s
[187/555] upendravajra|T2|baseline|49: eos tok=59 gana=False prasa=False yati=False 5.0s
[188/555] upendravajra|T2|baseline|56: eos tok=45 gana=False prasa=False yati=False 5.3s
[189/555] upendravajra|T2|baseline|63: eos tok=48 gana=False prasa=False yati=False 4.8s
[190/555] upendravajra|T2|baseline|70: eos tok=62 gana=False prasa=False yati=False 5.3s
[191/555] upendravajra|T3|baseline|42: eos tok=64 gana=False prasa=False yati=False 5.0s
[192/555] upendravajra|T3|baseline|49: eos tok=54 gana=False prasa=False yati=False 4.3s
[193/555] upendravajra|T3|baseline|56: eos tok=51 gana=False prasa=False yati=False 4.8s
[194/555] upendravajra|T3|baseline|63: eos tok=53 gana=False prasa=False yati=False 3.8s
[195/555] upendravajra|T3|baseline|70: eos tok=48 gana=False prasa=False yati=False 4.6s
[196/555] salini|T1|baseline|42: eos tok=26 gana=False prasa=False yati=False 4.8s
[197/555] salini|T1|baseline|49: eos tok=44 gana=False prasa=False yati=False 4.5s
[198/555] salini|T1|baseline|56: eos tok=42 gana=False prasa=False yati=False 3.8s
[199/555] salini|T1|baseline|63: eos tok=52 gana=False prasa=False yati=False 4.2s
[200/555] salini|T1|baseline|70: eos tok=41 gana=False prasa=False yati=False 4.9s
[201/555] salini|T2|baseline|42: eos tok=45 gana=False prasa=False yati=False 5.1s
[202/555] salini|T2|baseline|49: eos tok=52 gana=False prasa=False yati=False 4.7s
[203/555] salini|T2|baseline|56: eos tok=53 gana=False prasa=False yati=False 5.3s
[204/555] salini|T2|baseline|63: eos tok=46 gana=False prasa=False yati=False 4.3s
[205/555] salini|T2|baseline|70: eos tok=54 gana=False prasa=False yati=False 5.1s
[206/555] salini|T3|baseline|42: eos tok=52 gana=False prasa=False yati=False 4.6s
[207/555] salini|T3|baseline|49: eos tok=48 gana=False prasa=False yati=False 3.8s
[208/555] salini|T3|baseline|56: eos tok=51 gana=False prasa=False yati=False 4.6s
[209/555] salini|T3|baseline|63: eos tok=49 gana=False prasa=False yati=False 4.0s
[210/555] salini|T3|baseline|70: eos tok=64 gana=False prasa=False yati=False 4.3s
[211/555] rathoddhata|T1|baseline|42: eos tok=42 gana=False prasa=False yati=False 4.5s
[212/555] rathoddhata|T1|baseline|49: eos tok=40 gana=False prasa=False yati=False 4.3s
[213/555] rathoddhata|T1|baseline|56: eos tok=42 gana=False prasa=False yati=False 4.3s
[214/555] rathoddhata|T1|baseline|63: eos tok=37 gana=False prasa=False yati=False 4.2s
[215/555] rathoddhata|T1|baseline|70: eos tok=40 gana=False prasa=False yati=False 4.8s
[216/555] rathoddhata|T2|baseline|42: eos tok=44 gana=False prasa=False yati=False 3.8s
[217/555] rathoddhata|T2|baseline|49: eos tok=48 gana=False prasa=False yati=False 3.5s
[218/555] rathoddhata|T2|baseline|56: eos tok=48 gana=False prasa=False yati=False 5.0s
[219/555] rathoddhata|T2|baseline|63: eos tok=56 gana=False prasa=False yati=False 5.3s
[220/555] rathoddhata|T2|baseline|70: eos tok=50 gana=False prasa=False yati=False 4.3s
[221/555] rathoddhata|T3|baseline|42: eos tok=44 gana=False prasa=False yati=False 4.7s
[222/555] rathoddhata|T3|baseline|49: eos tok=40 gana=False prasa=False yati=False 4.5s
[223/555] rathoddhata|T3|baseline|56: eos tok=48 gana=False prasa=False yati=False 4.8s
[224/555] rathoddhata|T3|baseline|63: eos tok=45 gana=False prasa=False yati=False 4.8s
[225/555] rathoddhata|T3|baseline|70: eos tok=43 gana=False prasa=False yati=False 5.6s
[226/555] sragvini|T1|baseline|42: eos tok=57 gana=False prasa=False yati=False 5.3s
[227/555] sragvini|T1|baseline|49: eos tok=52 gana=False prasa=False yati=False 5.9s
[228/555] sragvini|T1|baseline|56: eos tok=36 gana=False prasa=False yati=False 5.1s
[229/555] sragvini|T1|baseline|63: eos tok=35 gana=False prasa=False yati=False 4.0s
[230/555] sragvini|T1|baseline|70: eos tok=67 gana=False prasa=False yati=False 5.2s
[231/555] sragvini|T2|baseline|42: eos tok=53 gana=False prasa=False yati=False 5.5s
[232/555] sragvini|T2|baseline|49: eos tok=51 gana=False prasa=False yati=False 4.8s
[233/555] sragvini|T2|baseline|56: eos tok=57 gana=False prasa=False yati=False 5.0s
[234/555] sragvini|T2|baseline|63: eos tok=58 gana=False prasa=False yati=False 4.5s
[235/555] sragvini|T2|baseline|70: eos tok=50 gana=False prasa=False yati=False 4.6s
[236/555] sragvini|T3|baseline|42: eos tok=49 gana=False prasa=False yati=False 4.1s
[237/555] sragvini|T3|baseline|49: eos tok=55 gana=False prasa=False yati=False 4.5s
[238/555] sragvini|T3|baseline|56: eos tok=47 gana=False prasa=False yati=False 4.5s
[239/555] sragvini|T3|baseline|63: eos tok=46 gana=False prasa=False yati=False 4.5s
[240/555] sragvini|T3|baseline|70: eos tok=62 gana=False prasa=False yati=False 4.4s
[241/555] vidyunmala|T1|baseline|42: eos tok=42 gana=False prasa=False yati=False 4.1s
[242/555] vidyunmala|T1|baseline|49: eos tok=32 gana=False prasa=False yati=False 4.1s
[243/555] vidyunmala|T1|baseline|56: eos tok=37 gana=False prasa=False yati=False 3.6s
[244/555] vidyunmala|T1|baseline|63: eos tok=42 gana=False prasa=False yati=False 3.7s
[245/555] vidyunmala|T1|baseline|70: eos tok=42 gana=False prasa=False yati=False 4.2s
[246/555] vidyunmala|T2|baseline|42: eos tok=53 gana=False prasa=False yati=False 4.3s
[247/555] vidyunmala|T2|baseline|49: eos tok=47 gana=False prasa=False yati=False 4.3s
[248/555] vidyunmala|T2|baseline|56: eos tok=51 gana=False prasa=False yati=False 4.0s
[249/555] vidyunmala|T2|baseline|63: eos tok=49 gana=False prasa=False yati=False 4.0s
[250/555] vidyunmala|T2|baseline|70: eos tok=52 gana=False prasa=False yati=False 4.7s
[251/555] vidyunmala|T3|baseline|42: eos tok=39 gana=False prasa=False yati=False 4.3s
[252/555] vidyunmala|T3|baseline|49: eos tok=43 gana=False prasa=False yati=False 4.3s
[253/555] vidyunmala|T3|baseline|56: eos tok=35 gana=False prasa=False yati=False 4.0s
[254/555] vidyunmala|T3|baseline|63: eos tok=49 gana=False prasa=False yati=False 3.5s
[255/555] vidyunmala|T3|baseline|70: eos tok=49 gana=False prasa=False yati=False 4.3s
[256/555] lalita|T1|baseline|42: eos tok=48 gana=False prasa=False yati=False 5.1s
[257/555] lalita|T1|baseline|49: eos tok=32 gana=False prasa=False yati=False 3.8s
[258/555] lalita|T1|baseline|56: eos tok=35 gana=False prasa=False yati=False 3.8s
[259/555] lalita|T1|baseline|63: eos tok=44 gana=False prasa=False yati=False 4.9s
[260/555] lalita|T1|baseline|70: eos tok=50 gana=False prasa=False yati=False 5.7s
[261/555] lalita|T2|baseline|42: eos tok=45 gana=False prasa=False yati=False 4.8s
[262/555] lalita|T2|baseline|49: eos tok=58 gana=False prasa=False yati=False 4.0s
[263/555] lalita|T2|baseline|56: eos tok=57 gana=False prasa=False yati=False 4.5s
[264/555] lalita|T2|baseline|63: eos tok=49 gana=False prasa=False yati=False 4.3s
[265/555] lalita|T2|baseline|70: eos tok=63 gana=False prasa=False yati=False 5.3s
[266/555] lalita|T3|baseline|42: eos tok=49 gana=False prasa=False yati=False 4.5s
[267/555] lalita|T3|baseline|49: eos tok=48 gana=False prasa=False yati=False 4.0s
[268/555] lalita|T3|baseline|56: eos tok=45 gana=False prasa=False yati=False 4.5s
[269/555] lalita|T3|baseline|63: eos tok=46 gana=False prasa=False yati=False 5.0s
[270/555] lalita|T3|baseline|70: eos tok=50 gana=False prasa=False yati=False 5.7s
[271/555] kandamu|T1|baseline|42: eos tok=40 gana=False prasa=False yati=False 6.0s
[272/555] kandamu|T1|baseline|49: eos tok=31 gana=False prasa=False yati=False 5.5s
[273/555] kandamu|T1|baseline|56: eos tok=39 gana=False prasa=False yati=False 5.6s
[274/555] kandamu|T1|baseline|63: eos tok=39 gana=False prasa=False yati=False 4.1s
[275/555] kandamu|T1|baseline|70: eos tok=36 gana=False prasa=False yati=False 4.4s
[276/555] kandamu|T2|baseline|42: eos tok=32 gana=False prasa=False yati=False 4.2s
[277/555] kandamu|T2|baseline|49: eos tok=44 gana=False prasa=False yati=False 4.6s
[278/555] kandamu|T2|baseline|56: eos tok=48 gana=False prasa=False yati=False 4.9s
[279/555] kandamu|T2|baseline|63: eos tok=64 gana=False prasa=False yati=False 6.7s
[280/555] kandamu|T2|baseline|70: eos tok=48 gana=False prasa=False yati=False 5.3s
[281/555] kandamu|T3|baseline|42: eos tok=37 gana=False prasa=False yati=False 4.4s
[282/555] kandamu|T3|baseline|49: eos tok=43 gana=False prasa=False yati=False 4.1s
[283/555] kandamu|T3|baseline|56: eos tok=42 gana=False prasa=False yati=False 6.3s
[284/555] kandamu|T3|baseline|63: eos tok=58 gana=False prasa=False yati=False 5.1s
[285/555] kandamu|T3|baseline|70: eos tok=46 gana=False prasa=False yati=False 4.9s
[286/555] utsahamu|T1|baseline|42: eos tok=35 gana=False prasa=False yati=False 5.1s
[287/555] utsahamu|T1|baseline|49: eos tok=55 gana=False prasa=False yati=False 4.6s
[288/555] utsahamu|T1|baseline|56: eos tok=40 gana=False prasa=False yati=False 4.9s
[289/555] utsahamu|T1|baseline|63: eos tok=49 gana=False prasa=False yati=False 4.7s
[290/555] utsahamu|T1|baseline|70: eos tok=52 gana=False prasa=False yati=False 6.0s
[291/555] utsahamu|T2|baseline|42: eos tok=51 gana=False prasa=False yati=False 5.4s
[292/555] utsahamu|T2|baseline|49: eos tok=80 gana=False prasa=False yati=False 5.6s
[293/555] utsahamu|T2|baseline|56: eos tok=68 gana=False prasa=False yati=False 6.3s
[294/555] utsahamu|T2|baseline|63: eos tok=66 gana=False prasa=False yati=False 5.0s
[295/555] utsahamu|T2|baseline|70: eos tok=71 gana=False prasa=False yati=False 5.5s
[296/555] utsahamu|T3|baseline|42: eos tok=51 gana=False prasa=False yati=False 5.3s
[297/555] utsahamu|T3|baseline|49: eos tok=56 gana=False prasa=False yati=False 4.6s
[298/555] utsahamu|T3|baseline|56: eos tok=67 gana=False prasa=False yati=False 3.9s
[299/555] utsahamu|T3|baseline|63: eos tok=62 gana=False prasa=False yati=False 4.9s
[300/555] utsahamu|T3|baseline|70: eos tok=64 gana=False prasa=False yati=False 4.9s
[301/555] taruvoja|T1|baseline|42: eos tok=44 gana=False prasa=False yati=False 4.6s
[302/555] taruvoja|T1|baseline|49: eos tok=45 gana=False prasa=False yati=False 4.9s
[303/555] taruvoja|T1|baseline|56: eos tok=55 gana=False prasa=False yati=False 5.9s
[304/555] taruvoja|T1|baseline|63: eos tok=52 gana=False prasa=False yati=False 5.0s
[305/555] taruvoja|T1|baseline|70: eos tok=35 gana=False prasa=False yati=False 4.8s
[306/555] taruvoja|T2|baseline|42: eos tok=86 gana=False prasa=False yati=False 6.4s
[307/555] taruvoja|T2|baseline|49: eos tok=64 gana=False prasa=False yati=False 5.7s
[308/555] taruvoja|T2|baseline|56: eos tok=68 gana=False prasa=False yati=False 6.6s
[309/555] taruvoja|T2|baseline|63: eos tok=60 gana=False prasa=False yati=False 6.2s
[310/555] taruvoja|T2|baseline|70: eos tok=67 gana=False prasa=False yati=False 6.2s
[311/555] taruvoja|T3|baseline|42: eos tok=55 gana=False prasa=False yati=False 5.4s
[312/555] taruvoja|T3|baseline|49: eos tok=58 gana=False prasa=False yati=False 5.1s
[313/555] taruvoja|T3|baseline|56: eos tok=62 gana=False prasa=False yati=False 5.3s
[314/555] taruvoja|T3|baseline|63: eos tok=70 gana=False prasa=False yati=False 5.7s
[315/555] taruvoja|T3|baseline|70: eos tok=79 gana=False prasa=False yati=False 4.9s
[316/555] dvipada|T1|baseline|42: eos tok=19 gana=False prasa=False yati=False 3.9s
[317/555] dvipada|T1|baseline|49: eos tok=21 gana=False prasa=False yati=False 3.7s
[318/555] dvipada|T1|baseline|56: eos tok=20 gana=False prasa=False yati=False 3.1s
[319/555] dvipada|T1|baseline|63: eos tok=18 gana=False prasa=False yati=False 3.0s
[320/555] dvipada|T1|baseline|70: eos tok=9 gana=False prasa=False yati=False 2.9s
[321/555] dvipada|T2|baseline|42: eos tok=25 gana=False prasa=False yati=False 3.6s
[322/555] dvipada|T2|baseline|49: eos tok=28 gana=False prasa=False yati=False 3.8s
[323/555] dvipada|T2|baseline|56: eos tok=21 gana=False prasa=False yati=False 3.4s
[324/555] dvipada|T2|baseline|63: eos tok=31 gana=False prasa=False yati=False 3.2s
[325/555] dvipada|T2|baseline|70: eos tok=23 gana=False prasa=False yati=False 2.7s
[326/555] dvipada|T3|baseline|42: eos tok=25 gana=False prasa=False yati=False 3.3s
[327/555] dvipada|T3|baseline|49: eos tok=21 gana=False prasa=False yati=False 3.1s
[328/555] dvipada|T3|baseline|56: eos tok=24 gana=False prasa=False yati=False 3.5s
[329/555] dvipada|T3|baseline|63: eos tok=25 gana=False prasa=False yati=False 3.6s
[330/555] dvipada|T3|baseline|70: eos tok=23 gana=False prasa=False yati=False 3.5s
[331/555] madhyakkara|T1|baseline|42: eos tok=63 gana=False prasa=False yati=False 6.3s
[332/555] madhyakkara|T1|baseline|49: eos tok=38 gana=False prasa=False yati=False 5.3s
[333/555] madhyakkara|T1|baseline|56: eos tok=36 gana=False prasa=False yati=False 4.7s
[334/555] madhyakkara|T1|baseline|63: eos tok=48 gana=False prasa=False yati=False 5.3s
[335/555] madhyakkara|T1|baseline|70: eos tok=40 gana=False prasa=False yati=False 4.5s
[336/555] madhyakkara|T2|baseline|42: eos tok=63 gana=False prasa=False yati=False 5.4s
[337/555] madhyakkara|T2|baseline|49: eos tok=49 gana=False prasa=False yati=False 5.1s
[338/555] madhyakkara|T2|baseline|56: eos tok=66 gana=False prasa=False yati=False 5.0s
[339/555] madhyakkara|T2|baseline|63: eos tok=57 gana=False prasa=False yati=False 4.7s
[340/555] madhyakkara|T2|baseline|70: eos tok=43 gana=False prasa=False yati=False 6.3s
[341/555] madhyakkara|T3|baseline|42: eos tok=69 gana=False prasa=False yati=False 5.2s
[342/555] madhyakkara|T3|baseline|49: eos tok=48 gana=False prasa=False yati=False 4.5s
[343/555] madhyakkara|T3|baseline|56: eos tok=61 gana=False prasa=False yati=False 5.5s
[344/555] madhyakkara|T3|baseline|63: eos tok=74 gana=False prasa=False yati=False 6.1s
[345/555] madhyakkara|T3|baseline|70: eos tok=59 gana=False prasa=False yati=False 5.3s
[346/555] madhuragati_ragada|T1|baseline|42: eos tok=17 gana=False prasa=False yati=False 3.9s
[347/555] madhuragati_ragada|T1|baseline|49: eos tok=15 gana=False prasa=False yati=False 3.0s
[348/555] madhuragati_ragada|T1|baseline|56: eos tok=18 gana=False prasa=False yati=False 3.2s
[349/555] madhuragati_ragada|T1|baseline|63: eos tok=15 gana=False prasa=False yati=False 3.0s
[350/555] madhuragati_ragada|T1|baseline|70: eos tok=12 gana=False prasa=False yati=False 2.9s
[351/555] madhuragati_ragada|T2|baseline|42: eos tok=26 gana=True prasa=True yati=False 3.5s
[352/555] madhuragati_ragada|T2|baseline|49: eos tok=27 gana=False prasa=False yati=False 3.3s
[353/555] madhuragati_ragada|T2|baseline|56: eos tok=27 gana=False prasa=False yati=False 4.2s
[354/555] madhuragati_ragada|T2|baseline|63: eos tok=27 gana=False prasa=False yati=False 4.0s
[355/555] madhuragati_ragada|T2|baseline|70: eos tok=24 gana=False prasa=False yati=False 4.1s
[356/555] madhuragati_ragada|T3|baseline|42: eos tok=25 gana=False prasa=False yati=False 2.8s
[357/555] madhuragati_ragada|T3|baseline|49: eos tok=25 gana=False prasa=False yati=False 3.8s
[358/555] madhuragati_ragada|T3|baseline|56: eos tok=21 gana=False prasa=False yati=False 2.9s
[359/555] madhuragati_ragada|T3|baseline|63: eos tok=27 gana=False prasa=False yati=False 3.6s
[360/555] madhuragati_ragada|T3|baseline|70: eos tok=23 gana=False prasa=False yati=False 4.5s
[361/555] turagagati_ragada|T1|baseline|42: eos tok=40 gana=False prasa=False yati=False 4.7s
[362/555] turagagati_ragada|T1|baseline|49: eos tok=44 gana=False prasa=False yati=False 4.8s
[363/555] turagagati_ragada|T1|baseline|56: eos tok=61 gana=False prasa=False yati=False 5.5s
[364/555] turagagati_ragada|T1|baseline|63: eos tok=70 gana=False prasa=False yati=False 4.3s
[365/555] turagagati_ragada|T1|baseline|70: eos tok=44 gana=False prasa=False yati=False 5.1s
[366/555] turagagati_ragada|T2|baseline|42: eos tok=55 gana=False prasa=False yati=False 5.7s
[367/555] turagagati_ragada|T2|baseline|49: eos tok=80 gana=False prasa=False yati=False 5.5s
[368/555] turagagati_ragada|T2|baseline|56: eos tok=62 gana=False prasa=False yati=False 6.0s
[369/555] turagagati_ragada|T2|baseline|63: eos tok=88 gana=False prasa=False yati=False 6.1s
[370/555] turagagati_ragada|T2|baseline|70: eos tok=62 gana=False prasa=False yati=False 5.3s
[371/555] turagagati_ragada|T3|baseline|42: eos tok=56 gana=False prasa=False yati=False 4.9s
[372/555] turagagati_ragada|T3|baseline|49: eos tok=57 gana=False prasa=False yati=False 4.2s
[373/555] turagagati_ragada|T3|baseline|56: eos tok=64 gana=False prasa=False yati=False 5.4s
[374/555] turagagati_ragada|T3|baseline|63: eos tok=71 gana=False prasa=False yati=False 4.0s
[375/555] turagagati_ragada|T3|baseline|70: eos tok=68 gana=False prasa=False yati=False 5.7s
[376/555] hayapracara_ragada|T1|baseline|42: eos tok=17 gana=False prasa=False yati=False 4.4s
[377/555] hayapracara_ragada|T1|baseline|49: eos tok=19 gana=False prasa=False yati=False 3.1s
[378/555] hayapracara_ragada|T1|baseline|56: eos tok=21 gana=False prasa=True yati=True 3.3s
[379/555] hayapracara_ragada|T1|baseline|63: eos tok=20 gana=False prasa=False yati=False 3.7s
[380/555] hayapracara_ragada|T1|baseline|70: eos tok=25 gana=False prasa=False yati=False 3.1s
[381/555] hayapracara_ragada|T2|baseline|42: eos tok=24 gana=False prasa=False yati=False 3.9s
[382/555] hayapracara_ragada|T2|baseline|49: eos tok=30 gana=False prasa=False yati=False 3.0s
[383/555] hayapracara_ragada|T2|baseline|56: eos tok=25 gana=False prasa=False yati=False 3.7s
[384/555] hayapracara_ragada|T2|baseline|63: eos tok=25 gana=False prasa=False yati=False 3.1s
[385/555] hayapracara_ragada|T2|baseline|70: eos tok=25 gana=False prasa=False yati=False 3.0s
[386/555] hayapracara_ragada|T3|baseline|42: eos tok=24 gana=False prasa=False yati=False 2.7s
[387/555] hayapracara_ragada|T3|baseline|49: eos tok=24 gana=False prasa=False yati=False 3.5s
[388/555] hayapracara_ragada|T3|baseline|56: eos tok=24 gana=False prasa=False yati=False 4.0s
[389/555] hayapracara_ragada|T3|baseline|63: eos tok=25 gana=False prasa=False yati=False 3.3s
[390/555] hayapracara_ragada|T3|baseline|70: eos tok=26 gana=False prasa=False yati=False 3.8s
[391/555] seesamu|T1|baseline|42: eos tok=45 gana=False prasa=False yati=False 6.2s
[392/555] seesamu|T1|baseline|49: eos tok=44 gana=False prasa=False yati=False 4.8s
[393/555] seesamu|T1|baseline|56: eos tok=51 gana=False prasa=False yati=False 5.2s
[394/555] seesamu|T1|baseline|63: eos tok=15 gana=False prasa=False yati=False 4.4s
[395/555] seesamu|T1|baseline|70: eos tok=53 gana=False prasa=False yati=False 5.4s
[396/555] seesamu|T2|baseline|42: eos tok=64 gana=False prasa=False yati=False 5.5s
[397/555] seesamu|T2|baseline|49: eos tok=74 gana=False prasa=False yati=False 5.6s
[398/555] seesamu|T2|baseline|56: eos tok=70 gana=False prasa=False yati=False 5.7s
[399/555] seesamu|T2|baseline|63: eos tok=72 gana=False prasa=False yati=False 6.8s
[400/555] seesamu|T2|baseline|70: eos tok=81 gana=False prasa=False yati=False 7.0s
[401/555] seesamu|T3|baseline|42: eos tok=64 gana=False prasa=False yati=False 6.3s
[402/555] seesamu|T3|baseline|49: eos tok=62 gana=False prasa=False yati=False 5.8s
[403/555] seesamu|T3|baseline|56: eos tok=81 gana=False prasa=False yati=False 5.8s
[404/555] seesamu|T3|baseline|63: eos tok=54 gana=False prasa=False yati=False 5.9s
[405/555] seesamu|T3|baseline|70: eos tok=78 gana=False prasa=False yati=False 6.9s
[406/555] ataveladi|T1|baseline|42: eos tok=40 gana=False prasa=False yati=False 5.6s
[407/555] ataveladi|T1|baseline|49: eos tok=34 gana=False prasa=False yati=False 4.0s
[408/555] ataveladi|T1|baseline|56: eos tok=52 gana=False prasa=False yati=False 5.1s
[409/555] ataveladi|T1|baseline|63: eos tok=46 gana=False prasa=False yati=False 4.7s
[410/555] ataveladi|T1|baseline|70: eos tok=34 gana=False prasa=False yati=False 5.4s
[411/555] ataveladi|T2|baseline|42: eos tok=65 gana=False prasa=False yati=False 6.8s
[412/555] ataveladi|T2|baseline|49: eos tok=49 gana=False prasa=False yati=False 5.6s
[413/555] ataveladi|T2|baseline|56: eos tok=49 gana=False prasa=False yati=False 5.4s
[414/555] ataveladi|T2|baseline|63: eos tok=54 gana=False prasa=False yati=False 5.2s
[415/555] ataveladi|T2|baseline|70: eos tok=65 gana=False prasa=False yati=False 5.4s
[416/555] ataveladi|T3|baseline|42: eos tok=44 gana=False prasa=False yati=False 4.7s
[417/555] ataveladi|T3|baseline|49: eos tok=65 gana=False prasa=False yati=False 5.7s
[418/555] ataveladi|T3|baseline|56: eos tok=41 gana=False prasa=False yati=False 4.7s
[419/555] ataveladi|T3|baseline|63: eos tok=61 gana=False prasa=False yati=False 6.0s
[420/555] ataveladi|T3|baseline|70: eos tok=79 gana=False prasa=False yati=False 6.4s
[421/555] tetagiti|T1|baseline|42: eos tok=39 gana=False prasa=False yati=False 5.0s
[422/555] tetagiti|T1|baseline|49: eos tok=42 gana=False prasa=False yati=False 4.6s
[423/555] tetagiti|T1|baseline|56: eos tok=43 gana=False prasa=False yati=False 5.3s
[424/555] tetagiti|T1|baseline|63: eos tok=46 gana=False prasa=False yati=False 4.5s
[425/555] tetagiti|T1|baseline|70: eos tok=42 gana=False prasa=False yati=False 4.1s
[426/555] tetagiti|T2|baseline|42: eos tok=52 gana=False prasa=False yati=False 6.2s
[427/555] tetagiti|T2|baseline|49: eos tok=49 gana=False prasa=False yati=False 5.0s
[428/555] tetagiti|T2|baseline|56: eos tok=54 gana=False prasa=False yati=False 5.1s
[429/555] tetagiti|T2|baseline|63: eos tok=51 gana=False prasa=False yati=False 5.0s
[430/555] tetagiti|T2|baseline|70: eos tok=43 gana=False prasa=False yati=False 5.6s
[431/555] tetagiti|T3|baseline|42: eos tok=42 gana=False prasa=False yati=False 4.3s
[432/555] tetagiti|T3|baseline|49: eos tok=56 gana=False prasa=False yati=False 4.9s
[433/555] tetagiti|T3|baseline|56: eos tok=51 gana=False prasa=False yati=False 4.5s
[434/555] tetagiti|T3|baseline|63: eos tok=55 gana=False prasa=False yati=False 4.9s
[435/555] tetagiti|T3|baseline|70: eos tok=56 gana=False prasa=False yati=False 5.0s
[436/555] taralamu|T1|baseline|42: eos tok=56 gana=False prasa=False yati=False 5.2s
[437/555] taralamu|T1|baseline|49: eos tok=60 gana=False prasa=False yati=False 5.9s
[438/555] taralamu|T1|baseline|56: eos tok=57 gana=False prasa=False yati=False 5.4s
[439/555] taralamu|T1|baseline|63: eos tok=65 gana=False prasa=False yati=False 5.7s
[440/555] taralamu|T1|baseline|70: eos tok=71 gana=False prasa=False yati=False 4.7s
[441/555] taralamu|T2|baseline|42: eos tok=81 gana=False prasa=False yati=False 6.0s
[442/555] taralamu|T2|baseline|49: eos tok=64 gana=False prasa=False yati=False 4.8s
[443/555] taralamu|T2|baseline|56: eos tok=85 gana=False prasa=False yati=False 5.7s
[444/555] taralamu|T2|baseline|63: eos tok=73 gana=False prasa=False yati=False 5.8s
[445/555] taralamu|T2|baseline|70: eos tok=73 gana=False prasa=False yati=False 6.0s
[446/555] taralamu|T3|baseline|42: eos tok=66 gana=False prasa=False yati=False 4.7s
[447/555] taralamu|T3|baseline|49: eos tok=66 gana=False prasa=False yati=False 4.2s
[448/555] taralamu|T3|baseline|56: eos tok=92 gana=False prasa=False yati=False 6.2s
[449/555] taralamu|T3|baseline|63: eos tok=75 gana=False prasa=False yati=False 5.8s
[450/555] taralamu|T3|baseline|70: eos tok=78 gana=False prasa=False yati=False 5.6s
[451/555] malini|T1|baseline|42: eos tok=48 gana=False prasa=False yati=False 5.5s
[452/555] malini|T1|baseline|49: eos tok=56 gana=False prasa=False yati=False 5.0s
[453/555] malini|T1|baseline|56: eos tok=42 gana=False prasa=False yati=False 4.0s
[454/555] malini|T1|baseline|63: eos tok=58 gana=False prasa=False yati=False 5.2s
[455/555] malini|T1|baseline|70: eos tok=49 gana=False prasa=False yati=False 4.6s
[456/555] malini|T2|baseline|42: eos tok=58 gana=False prasa=False yati=False 5.5s
[457/555] malini|T2|baseline|49: eos tok=53 gana=False prasa=False yati=False 4.3s
[458/555] malini|T2|baseline|56: eos tok=59 gana=False prasa=False yati=False 5.2s
[459/555] malini|T2|baseline|63: eos tok=56 gana=False prasa=False yati=False 4.9s
[460/555] malini|T2|baseline|70: eos tok=57 gana=False prasa=False yati=False 5.3s
[461/555] malini|T3|baseline|42: eos tok=56 gana=False prasa=False yati=False 5.2s
[462/555] malini|T3|baseline|49: eos tok=53 gana=False prasa=False yati=False 5.2s
[463/555] malini|T3|baseline|56: eos tok=63 gana=False prasa=False yati=False 5.5s
[464/555] malini|T3|baseline|63: eos tok=55 gana=False prasa=False yati=False 4.3s
[465/555] malini|T3|baseline|70: eos tok=62 gana=False prasa=False yati=False 4.5s
[466/555] manini|T1|baseline|42: eos tok=50 gana=False prasa=False yati=False 5.3s
[467/555] manini|T1|baseline|49: eos tok=61 gana=False prasa=False yati=False 5.2s
[468/555] manini|T1|baseline|56: eos tok=68 gana=False prasa=False yati=False 5.9s
[469/555] manini|T1|baseline|63: eos tok=53 gana=False prasa=False yati=False 4.5s
[470/555] manini|T1|baseline|70: eos tok=68 gana=False prasa=False yati=False 5.0s
[471/555] manini|T2|baseline|42: eos tok=72 gana=False prasa=False yati=False 6.0s
[472/555] manini|T2|baseline|49: eos tok=76 gana=False prasa=False yati=False 5.5s
[473/555] manini|T2|baseline|56: eos tok=86 gana=False prasa=False yati=False 5.0s
[474/555] manini|T2|baseline|63: eos tok=69 gana=False prasa=False yati=False 5.7s
[475/555] manini|T2|baseline|70: eos tok=71 gana=False prasa=False yati=False 5.0s
[476/555] manini|T3|baseline|42: eos tok=65 gana=False prasa=False yati=False 6.0s
[477/555] manini|T3|baseline|49: eos tok=63 gana=False prasa=False yati=False 5.3s
[478/555] manini|T3|baseline|56: eos tok=69 gana=False prasa=False yati=False 5.6s
[479/555] manini|T3|baseline|63: eos tok=63 gana=False prasa=False yati=False 4.5s
[480/555] manini|T3|baseline|70: eos tok=78 gana=False prasa=False yati=False 5.0s
[481/555] kavirajavirajitamu|T1|baseline|42: eos tok=61 gana=False prasa=False yati=False 6.4s
[482/555] kavirajavirajitamu|T1|baseline|49: eos tok=76 gana=False prasa=False yati=False 5.0s
[483/555] kavirajavirajitamu|T1|baseline|56: eos tok=59 gana=False prasa=False yati=False 5.2s
[484/555] kavirajavirajitamu|T1|baseline|63: eos tok=72 gana=False prasa=False yati=False 6.2s
[485/555] kavirajavirajitamu|T1|baseline|70: eos tok=78 gana=False prasa=False yati=False 5.9s
[486/555] kavirajavirajitamu|T2|baseline|42: eos tok=91 gana=False prasa=False yati=False 5.8s
[487/555] kavirajavirajitamu|T2|baseline|49: eos tok=84 gana=False prasa=False yati=False 5.0s
[488/555] kavirajavirajitamu|T2|baseline|56: eos tok=74 gana=False prasa=False yati=False 7.9s
[489/555] kavirajavirajitamu|T2|baseline|63: eos tok=84 gana=False prasa=False yati=False 6.4s
[490/555] kavirajavirajitamu|T2|baseline|70: eos tok=83 gana=False prasa=False yati=False 6.0s
[491/555] kavirajavirajitamu|T3|baseline|42: eos tok=73 gana=False prasa=False yati=False 6.3s
[492/555] kavirajavirajitamu|T3|baseline|49: eos tok=80 gana=False prasa=False yati=False 6.2s
[493/555] kavirajavirajitamu|T3|baseline|56: eos tok=74 gana=False prasa=False yati=False 6.2s
[494/555] kavirajavirajitamu|T3|baseline|63: eos tok=80 gana=False prasa=False yati=False 6.7s
[495/555] kavirajavirajitamu|T3|baseline|70: eos tok=78 gana=False prasa=False yati=False 7.2s
[496/555] vanamayuramu|T1|baseline|42: eos tok=45 gana=False prasa=False yati=False 5.0s
[497/555] vanamayuramu|T1|baseline|49: eos tok=50 gana=False prasa=False yati=False 5.4s
[498/555] vanamayuramu|T1|baseline|56: eos tok=49 gana=False prasa=False yati=False 5.2s
[499/555] vanamayuramu|T1|baseline|63: eos tok=69 gana=False prasa=False yati=False 5.0s
[500/555] vanamayuramu|T1|baseline|70: eos tok=61 gana=False prasa=False yati=False 4.5s
[501/555] vanamayuramu|T2|baseline|42: eos tok=56 gana=False prasa=False yati=False 4.5s
[502/555] vanamayuramu|T2|baseline|49: eos tok=52 gana=False prasa=False yati=False 4.8s
[503/555] vanamayuramu|T2|baseline|56: eos tok=61 gana=False prasa=False yati=False 5.7s
[504/555] vanamayuramu|T2|baseline|63: eos tok=62 gana=False prasa=False yati=False 4.5s
[505/555] vanamayuramu|T2|baseline|70: eos tok=64 gana=False prasa=False yati=False 4.8s
[506/555] vanamayuramu|T3|baseline|42: eos tok=55 gana=False prasa=False yati=False 5.3s
[507/555] vanamayuramu|T3|baseline|49: eos tok=59 gana=False prasa=False yati=False 4.3s
[508/555] vanamayuramu|T3|baseline|56: eos tok=56 gana=False prasa=False yati=False 4.5s
[509/555] vanamayuramu|T3|baseline|63: eos tok=58 gana=False prasa=False yati=False 4.5s
[510/555] vanamayuramu|T3|baseline|70: eos tok=63 gana=False prasa=False yati=False 4.5s
[511/555] mangalamahasri|T1|baseline|42: eos tok=64 gana=False prasa=False yati=False 6.0s
[512/555] mangalamahasri|T1|baseline|49: eos tok=59 gana=False prasa=False yati=False 4.8s
[513/555] mangalamahasri|T1|baseline|56: eos tok=73 gana=False prasa=False yati=False 5.5s
[514/555] mangalamahasri|T1|baseline|63: eos tok=60 gana=False prasa=False yati=False 5.2s
[515/555] mangalamahasri|T1|baseline|70: eos tok=64 gana=False prasa=False yati=False 5.7s
[516/555] mangalamahasri|T2|baseline|42: eos tok=97 gana=False prasa=False yati=False 5.9s
[517/555] mangalamahasri|T2|baseline|49: eos tok=91 gana=False prasa=False yati=False 5.7s
[518/555] mangalamahasri|T2|baseline|56: eos tok=94 gana=False prasa=False yati=False 6.7s
[519/555] mangalamahasri|T2|baseline|63: eos tok=92 gana=False prasa=False yati=False 4.3s
[520/555] mangalamahasri|T2|baseline|70: eos tok=78 gana=False prasa=False yati=False 6.0s
[521/555] mangalamahasri|T3|baseline|42: eos tok=94 gana=False prasa=False yati=False 6.2s
[522/555] mangalamahasri|T3|baseline|49: eos tok=78 gana=False prasa=False yati=False 5.9s
[523/555] mangalamahasri|T3|baseline|56: eos tok=86 gana=False prasa=False yati=False 5.9s
[524/555] mangalamahasri|T3|baseline|63: eos tok=88 gana=False prasa=False yati=False 5.7s
[525/555] mangalamahasri|T3|baseline|70: eos tok=77 gana=False prasa=False yati=False 6.0s
[526/555] layagrahi|T1|baseline|42: eos tok=68 gana=False prasa=False yati=False 4.7s
[527/555] layagrahi|T1|baseline|49: eos tok=86 gana=False prasa=False yati=False 6.6s
[528/555] layagrahi|T1|baseline|56: eos tok=58 gana=False prasa=False yati=False 5.4s
[529/555] layagrahi|T1|baseline|63: eos tok=58 gana=False prasa=False yati=False 5.7s
[530/555] layagrahi|T1|baseline|70: eos tok=65 gana=False prasa=False yati=False 6.0s
[531/555] layagrahi|T2|baseline|42: eos tok=82 gana=False prasa=False yati=False 6.9s
[532/555] layagrahi|T2|baseline|49: eos tok=98 gana=False prasa=False yati=False 5.3s
[533/555] layagrahi|T2|baseline|56: eos tok=82 gana=False prasa=False yati=False 7.0s
[534/555] layagrahi|T2|baseline|63: eos tok=106 gana=False prasa=False yati=False 5.2s
[535/555] layagrahi|T2|baseline|70: eos tok=87 gana=False prasa=False yati=False 5.3s
[536/555] layagrahi|T3|baseline|42: eos tok=80 gana=False prasa=False yati=False 5.5s
[537/555] layagrahi|T3|baseline|49: eos tok=71 gana=False prasa=False yati=False 4.8s
[538/555] layagrahi|T3|baseline|56: eos tok=84 gana=False prasa=False yati=False 6.0s
[539/555] layagrahi|T3|baseline|63: eos tok=75 gana=False prasa=False yati=False 4.5s
[540/555] layagrahi|T3|baseline|70: eos tok=96 gana=False prasa=False yati=False 4.5s
[541/555] layavibhati|T1|baseline|42: eos tok=61 gana=False prasa=False yati=False 5.4s
[542/555] layavibhati|T1|baseline|49: eos tok=54 gana=False prasa=False yati=False 5.7s
[543/555] layavibhati|T1|baseline|56: eos tok=62 gana=False prasa=False yati=False 5.2s
[544/555] layavibhati|T1|baseline|63: eos tok=57 gana=False prasa=False yati=False 4.8s
[545/555] layavibhati|T1|baseline|70: eos tok=70 gana=False prasa=False yati=False 6.2s
[546/555] layavibhati|T2|baseline|42: eos tok=80 gana=False prasa=False yati=False 6.2s
[547/555] layavibhati|T2|baseline|49: eos tok=77 gana=False prasa=False yati=False 5.1s
[548/555] layavibhati|T2|baseline|56: eos tok=83 gana=False prasa=False yati=False 5.0s
[549/555] layavibhati|T2|baseline|63: eos tok=72 gana=False prasa=False yati=False 4.3s
[550/555] layavibhati|T2|baseline|70: eos tok=82 gana=False prasa=False yati=False 6.5s
[551/555] layavibhati|T3|baseline|42: eos tok=66 gana=False prasa=False yati=False 4.7s
[552/555] layavibhati|T3|baseline|49: eos tok=67 gana=False prasa=False yati=False 4.2s
[553/555] layavibhati|T3|baseline|56: eos tok=70 gana=False prasa=False yati=False 5.3s
[554/555] layavibhati|T3|baseline|63: eos tok=63 gana=False prasa=False yati=False 5.3s
[555/555] layavibhati|T3|baseline|70: eos tok=82 gana=False prasa=False yati=False 5.5s
| meter | mode | n | gana_strict | gana | prasa_strict | yati_strict | all_strict | all_relaxed | tok | s | logp | valid_mass | argmax_valid | bt |
|---|---|---|---|---|---|---|---|---|---|---|---|---|---|---|
| ataveladi | baseline | 15 | 0 | 0 | 0 | 0 | 0 | 0 | 52 | 5.4 | -0.370 | 0.810 | 0.826 | 0.0 |
| bhujangaprayatamu | baseline | 15 | 0 | 0 | 0 | 0 | 0 | 0 | 59 | 5.5 | -0.472 | 0.633 | 0.742 | 0.0 |
| champakamala | baseline | 15 | 0 | 0 | 0 | 0 | 0 | 0 | 69 | 5.9 | -0.498 | 0.654 | 0.676 | 0.0 |
| dvipada | baseline | 15 | 0 | 0 | 0 | 0 | 0 | 0 | 22 | 3.3 | -0.608 | 0.847 | 0.875 | 0.0 |
| hayapracara_ragada | baseline | 15 | 0 | 13 | 7 | 7 | 7 | 7 | 24 | 3.4 | -0.621 | 0.828 | 0.853 | 0.0 |
| indravajra | baseline | 15 | 0 | 0 | 0 | 0 | 0 | 0 | 49 | 4.9 | -0.535 | 0.664 | 0.634 | 0.0 |
| kandamu | baseline | 15 | 0 | 0 | 0 | 0 | 0 | 0 | 43 | 5.1 | -0.570 | 0.846 | 0.889 | 0.0 |
| kavirajavirajitamu | baseline | 15 | 0 | 0 | 0 | 0 | 0 | 0 | 76 | 6.2 | -0.472 | 0.672 | 0.712 | 0.0 |
| lalita | baseline | 15 | 0 | 0 | 0 | 0 | 0 | 0 | 48 | 4.7 | -0.465 | 0.663 | 0.648 | 0.0 |
| layagrahi | baseline | 15 | 0 | 0 | 0 | 0 | 0 | 0 | 80 | 5.6 | -0.398 | 0.698 | 0.773 | 0.0 |
| layavibhati | baseline | 15 | 0 | 0 | 0 | 0 | 0 | 0 | 70 | 5.3 | -0.406 | 0.623 | 0.577 | 0.0 |
| madhuragati_ragada | baseline | 15 | 7 | 7 | 7 | 0 | 0 | 0 | 22 | 3.5 | -0.682 | 0.830 | 0.869 | 0.0 |
| madhyakkara | baseline | 15 | 0 | 0 | 0 | 0 | 0 | 0 | 54 | 5.3 | -0.545 | 0.876 | 0.912 | 0.0 |
| mahasragdhara | baseline | 15 | 0 | 0 | 0 | 0 | 0 | 0 | 65 | 5.4 | -0.447 | 0.632 | 0.637 | 0.0 |
| malini | baseline | 15 | 0 | 0 | 0 | 0 | 0 | 0 | 55 | 4.9 | -0.502 | 0.694 | 0.831 | 0.0 |
| mangalamahasri | baseline | 15 | 0 | 0 | 0 | 0 | 0 | 0 | 80 | 5.7 | -0.387 | 0.706 | 0.741 | 0.0 |
| manini | baseline | 15 | 0 | 0 | 0 | 0 | 0 | 0 | 67 | 5.3 | -0.437 | 0.696 | 0.731 | 0.0 |
| mattakokilamu | baseline | 15 | 0 | 0 | 0 | 0 | 0 | 0 | 67 | 5.3 | -0.543 | 0.740 | 0.801 | 0.0 |
| mattebhavikriditamu | baseline | 15 | 0 | 0 | 0 | 0 | 0 | 0 | 68 | 5.6 | -0.481 | 0.670 | 0.761 | 0.0 |
| pamcacamaramu | baseline | 15 | 0 | 0 | 0 | 0 | 0 | 0 | 60 | 4.9 | -0.486 | 0.622 | 0.756 | 0.0 |
| rathoddhata | baseline | 15 | 0 | 0 | 0 | 0 | 0 | 0 | 44 | 4.6 | -0.536 | 0.720 | 0.727 | 0.0 |
| salini | baseline | 15 | 0 | 0 | 0 | 0 | 0 | 0 | 48 | 4.5 | -0.462 | 0.673 | 0.670 | 0.0 |
| sardulavikriditamu | baseline | 15 | 0 | 0 | 0 | 0 | 0 | 0 | 68 | 5.7 | -0.519 | 0.704 | 0.662 | 0.0 |
| seesamu | baseline | 15 | 0 | 0 | 0 | 0 | 0 | 0 | 61 | 5.8 | -0.536 | 0.867 | 0.883 | 0.0 |
| sragdhara | baseline | 15 | 0 | 0 | 0 | 0 | 0 | 0 | 70 | 5.3 | -0.437 | 0.662 | 0.673 | 0.0 |
| sragvini | baseline | 15 | 0 | 0 | 0 | 0 | 0 | 0 | 52 | 4.8 | -0.507 | 0.722 | 0.758 | 0.0 |
| taralamu | baseline | 15 | 0 | 0 | 0 | 0 | 0 | 0 | 71 | 5.5 | -0.458 | 0.662 | 0.702 | 0.0 |
| taruvoja | baseline | 15 | 0 | 0 | 0 | 0 | 0 | 0 | 60 | 5.5 | -0.449 | 0.843 | 0.870 | 0.0 |
| tetagiti | baseline | 15 | 0 | 0 | 0 | 0 | 0 | 0 | 48 | 4.9 | -0.472 | 0.854 | 0.873 | 0.0 |
| totakamu | baseline | 15 | 0 | 0 | 0 | 0 | 0 | 0 | 54 | 5.0 | -0.484 | 0.620 | 0.548 | 0.0 |
| turagagati_ragada | baseline | 15 | 0 | 0 | 0 | 0 | 0 | 0 | 61 | 5.2 | -0.408 | 0.904 | 0.932 | 0.0 |
| upendravajra | baseline | 15 | 0 | 0 | 0 | 0 | 0 | 0 | 52 | 4.7 | -0.439 | 0.589 | 0.750 | 0.0 |
| utpalamala | baseline | 15 | 0 | 0 | 0 | 0 | 0 | 0 | 67 | 5.9 | -0.493 | 0.703 | 0.726 | 0.0 |
| utsahamu | baseline | 15 | 0 | 0 | 0 | 0 | 0 | 0 | 58 | 5.1 | -0.456 | 0.858 | 0.926 | 0.0 |
| vanamayuramu | baseline | 15 | 0 | 0 | 0 | 0 | 0 | 0 | 57 | 4.8 | -0.440 | 0.665 | 0.730 | 0.0 |
| vasamtatilakamu | baseline | 15 | 0 | 0 | 0 | 0 | 0 | 0 | 59 | 5.5 | -0.496 | 0.715 | 0.768 | 0.0 |
| vidyunmala | baseline | 15 | 0 | 0 | 0 | 0 | 0 | 0 | 44 | 4.1 | -0.493 | 0.645 | 0.648 | 0.0 |
| ALL | baseline | 555 | 0 | 1 | 0 | 0 | 0 | 0 | 57 | 5.1 | -0.487 | 0.725 | 0.759 | 0.0 |
