loading nvidia/diffusiongemma-26B-A4B-it-NVFP4 (resident=True) …
built on cuda in 1s
987 dense tensors loaded (35s)
experts of 10/30 layers loaded (38s)
experts of 20/30 layers loaded (41s)
experts of 30/30 layers loaded (44s)
ready in 44s; GPU memory allocated 51.8 GB
loaded: slice 1747 tokens, canvas 256
[1/111] utpalamala|T1|masking_only|42: complete tok=126 gana=True prasa=True yati=True 34.6s
[2/111] utpalamala|T1|masking_backtrack|42: complete tok=122 gana=True prasa=True yati=True 66.6s
[3/111] utpalamala|T1|hybrid|42: complete tok=130 gana=True prasa=True yati=True 38.1s
[4/111] champakamala|T1|masking_only|42: complete tok=109 gana=True prasa=True yati=True 31.0s
[5/111] champakamala|T1|masking_backtrack|42: complete tok=104 gana=True prasa=True yati=True 54.0s
[6/111] champakamala|T1|hybrid|42: complete tok=138 gana=True prasa=True yati=True 28.8s
[7/111] mattebhavikriditamu|T1|masking_only|42: complete tok=131 gana=True prasa=True yati=True 33.8s
[8/111] mattebhavikriditamu|T1|masking_backtrack|42: complete tok=131 gana=True prasa=True yati=True 62.4s
[9/111] mattebhavikriditamu|T1|hybrid|42: complete tok=125 gana=True prasa=True yati=True 33.3s
[10/111] sardulavikriditamu|T1|masking_only|42: complete tok=122 gana=True prasa=True yati=True 33.8s
[11/111] sardulavikriditamu|T1|masking_backtrack|42: complete tok=120 gana=True prasa=True yati=True 57.2s
[12/111] sardulavikriditamu|T1|hybrid|42: complete tok=119 gana=True prasa=True yati=True 36.3s
[13/111] sragdhara|T1|masking_only|42: complete tok=150 gana=True prasa=True yati=True 37.5s
[14/111] sragdhara|T1|masking_backtrack|42: complete tok=163 gana=True prasa=True yati=True 78.6s
[15/111] sragdhara|T1|hybrid|42: complete tok=135 gana=True prasa=True yati=True 40.4s
[16/111] mahasragdhara|T1|masking_only|42: complete tok=140 gana=True prasa=True yati=True 43.1s
[17/111] mahasragdhara|T1|masking_backtrack|42: complete tok=158 gana=True prasa=True yati=True 67.9s
[18/111] mahasragdhara|T1|hybrid|42: complete tok=139 gana=True prasa=True yati=True 46.0s
[19/111] totakamu|T1|masking_only|42: complete tok=72 gana=True prasa=True yati=True 16.7s
[20/111] totakamu|T1|masking_backtrack|42: complete tok=71 gana=True prasa=True yati=True 42.6s
[21/111] totakamu|T1|hybrid|42: complete tok=73 gana=True prasa=True yati=True 16.6s
[22/111] bhujangaprayatamu|T1|masking_only|42: complete tok=88 gana=True prasa=True yati=True 23.8s
[23/111] bhujangaprayatamu|T1|masking_backtrack|42: complete tok=71 gana=True prasa=True yati=True 14.1s
[24/111] bhujangaprayatamu|T1|hybrid|42: complete tok=80 gana=True prasa=True yati=True 13.5s
[25/111] mattakokilamu|T1|masking_only|42: complete tok=109 gana=True prasa=True yati=True 29.3s
[26/111] mattakokilamu|T1|masking_backtrack|42: complete tok=113 gana=True prasa=True yati=True 56.3s
[27/111] mattakokilamu|T1|hybrid|42: complete tok=114 gana=True prasa=True yati=True 32.6s
[28/111] pamcacamaramu|T1|masking_only|42: complete tok=118 gana=True prasa=True yati=True 30.3s
[29/111] pamcacamaramu|T1|masking_backtrack|42: complete tok=102 gana=True prasa=True yati=True 55.6s
[30/111] pamcacamaramu|T1|hybrid|42: complete tok=92 gana=True prasa=True yati=True 22.5s
[31/111] vasamtatilakamu|T1|masking_only|42: complete tok=89 gana=True prasa=True yati=True 21.3s
[32/111] vasamtatilakamu|T1|masking_backtrack|42: complete tok=73 gana=True prasa=True yati=True 44.0s
[33/111] vasamtatilakamu|T1|hybrid|42: complete tok=85 gana=True prasa=True yati=True 20.0s
[34/111] indravajra|T1|masking_only|42: complete tok=84 gana=True prasa=True yati=True 23.2s
[35/111] indravajra|T1|masking_backtrack|42: complete tok=69 gana=True prasa=True yati=True 40.6s
[36/111] indravajra|T1|hybrid|42: complete tok=69 gana=True prasa=True yati=True 20.3s
[37/111] upendravajra|T1|masking_only|42: complete tok=75 gana=True prasa=True yati=True 23.5s
[38/111] upendravajra|T1|masking_backtrack|42: complete tok=64 gana=True prasa=True yati=True 35.5s
[39/111] upendravajra|T1|hybrid|42: complete tok=80 gana=True prasa=True yati=True 15.7s
[40/111] salini|T1|masking_only|42: complete tok=79 gana=True prasa=True yati=True 26.4s
[41/111] salini|T1|masking_backtrack|42: complete tok=81 gana=True prasa=True yati=True 54.9s
[42/111] salini|T1|hybrid|42: complete tok=71 gana=True prasa=True yati=True 21.3s
[43/111] rathoddhata|T1|masking_only|42: complete tok=75 gana=True prasa=True yati=True 19.9s
[44/111] rathoddhata|T1|masking_backtrack|42: complete tok=73 gana=True prasa=True yati=True 40.8s
[45/111] rathoddhata|T1|hybrid|42: complete tok=67 gana=True prasa=True yati=True 10.2s
[46/111] sragvini|T1|masking_only|42: complete tok=87 gana=True prasa=True yati=True 8.9s
[47/111] sragvini|T1|masking_backtrack|42: complete tok=87 gana=True prasa=True yati=True 47.6s
[48/111] sragvini|T1|hybrid|42: complete tok=78 gana=True prasa=True yati=True 14.3s
[49/111] vidyunmala|T1|masking_only|42: complete tok=69 gana=True prasa=True yati=True 22.1s
[50/111] vidyunmala|T1|masking_backtrack|42: complete tok=70 gana=True prasa=True yati=True 39.6s
[51/111] vidyunmala|T1|hybrid|42: complete tok=68 gana=True prasa=True yati=True 20.5s
[52/111] lalita|T1|masking_only|42: complete tok=82 gana=True prasa=True yati=True 22.1s
[53/111] lalita|T1|masking_backtrack|42: complete tok=81 gana=True prasa=True yati=True 43.5s
[54/111] lalita|T1|hybrid|42: complete tok=82 gana=True prasa=True yati=True 24.7s
[55/111] kandamu|T1|masking_only|42: complete tok=70 gana=True prasa=True yati=True 14.8s
[56/111] kandamu|T1|masking_backtrack|42: complete tok=67 gana=True prasa=True yati=True 42.0s
[57/111] kandamu|T1|hybrid|42: complete tok=72 gana=True prasa=True yati=True 18.1s
[58/111] utsahamu|T1|masking_only|42: complete tok=113 gana=True prasa=True yati=True 13.8s
[59/111] utsahamu|T1|masking_backtrack|42: complete tok=83 gana=True prasa=True yati=True 39.9s
[60/111] utsahamu|T1|hybrid|42: complete tok=107 gana=True prasa=True yati=True 23.2s
[61/111] taruvoja|T1|masking_only|42: complete tok=148 gana=True prasa=True yati=True 23.9s
[62/111] taruvoja|T1|masking_backtrack|42: complete tok=134 gana=True prasa=True yati=True 66.4s
[63/111] taruvoja|T1|hybrid|42: complete tok=134 gana=True prasa=True yati=True 31.6s
[64/111] dvipada|T1|masking_only|42: complete tok=41 gana=True prasa=True yati=True 6.4s
[65/111] dvipada|T1|masking_backtrack|42: complete tok=31 gana=True prasa=True yati=True 14.4s
[66/111] dvipada|T1|hybrid|42: complete tok=34 gana=True prasa=True yati=True 6.6s
[67/111] madhyakkara|T1|masking_only|42: complete tok=107 gana=True prasa=True yati=True 14.9s
[68/111] madhyakkara|T1|masking_backtrack|42: complete tok=95 gana=True prasa=True yati=True 26.8s
[69/111] madhyakkara|T1|hybrid|42: complete tok=99 gana=True prasa=True yati=True 16.0s
[70/111] madhuragati_ragada|T1|masking_only|42: complete tok=33 gana=True prasa=True yati=True 3.5s
[71/111] madhuragati_ragada|T1|masking_backtrack|42: complete tok=33 gana=True prasa=True yati=True 2.0s
[72/111] madhuragati_ragada|T1|hybrid|42: complete tok=31 gana=True prasa=True yati=True 5.9s
[73/111] turagagati_ragada|T1|masking_only|42: complete tok=102 gana=True prasa=True yati=True 12.4s
[74/111] turagagati_ragada|T1|masking_backtrack|42: complete tok=102 gana=True prasa=True yati=True 6.2s
[75/111] turagagati_ragada|T1|hybrid|42: complete tok=87 gana=True prasa=True yati=True 14.7s
[76/111] hayapracara_ragada|T1|masking_only|42: complete tok=25 gana=True prasa=True yati=True 3.2s
[77/111] hayapracara_ragada|T1|masking_backtrack|42: complete tok=24 gana=True prasa=True yati=True 20.8s
[78/111] hayapracara_ragada|T1|hybrid|42: complete tok=22 gana=True prasa=True yati=True 3.8s
[79/111] seesamu|T1|masking_only|42: complete tok=125 gana=True prasa=True yati=True 12.4s
[80/111] seesamu|T1|masking_backtrack|42: complete tok=122 gana=True prasa=True yati=True 17.3s
[81/111] seesamu|T1|hybrid|42: complete tok=148 gana=True prasa=True yati=True 18.4s
[82/111] ataveladi|T1|masking_only|42: complete tok=70 gana=True prasa=True yati=True 10.8s
[83/111] ataveladi|T1|masking_backtrack|42: complete tok=74 gana=True prasa=True yati=True 33.1s
[84/111] ataveladi|T1|hybrid|42: complete tok=60 gana=True prasa=True yati=True 12.9s
[85/111] tetagiti|T1|masking_only|42: complete tok=69 gana=True prasa=True yati=True 9.7s
[86/111] tetagiti|T1|masking_backtrack|42: complete tok=73 gana=True prasa=True yati=True 35.3s
[87/111] tetagiti|T1|hybrid|42: complete tok=73 gana=True prasa=True yati=True 13.7s
[88/111] taralamu|T1|masking_only|42: complete tok=111 gana=True prasa=True yati=True 34.0s
[89/111] taralamu|T1|masking_backtrack|42: complete tok=110 gana=True prasa=True yati=True 54.4s
[90/111] taralamu|T1|hybrid|42: complete tok=103 gana=True prasa=True yati=True 23.3s
[91/111] malini|T1|masking_only|42: complete tok=105 gana=True prasa=True yati=True 29.9s
[92/111] malini|T1|masking_backtrack|42: complete tok=109 gana=True prasa=True yati=True 62.1s
[93/111] malini|T1|hybrid|42: complete tok=87 gana=True prasa=True yati=True 22.5s
[94/111] manini|T1|masking_only|42: complete tok=130 gana=True prasa=True yati=True 35.1s
[95/111] manini|T1|masking_backtrack|42: complete tok=166 gana=True prasa=True yati=True 81.2s
[96/111] manini|T1|hybrid|42: complete tok=163 gana=True prasa=True yati=True 46.7s
[97/111] kavirajavirajitamu|T1|masking_only|42: complete tok=155 gana=True prasa=True yati=True 36.5s
[98/111] kavirajavirajitamu|T1|masking_backtrack|42: complete tok=141 gana=True prasa=True yati=True 69.6s
[99/111] kavirajavirajitamu|T1|hybrid|42: complete tok=137 gana=True prasa=True yati=True 34.7s
[100/111] vanamayuramu|T1|masking_only|42: complete tok=83 gana=True prasa=True yati=True 18.0s
[101/111] vanamayuramu|T1|masking_backtrack|42: complete tok=76 gana=True prasa=True yati=True 43.9s
[102/111] vanamayuramu|T1|hybrid|42: complete tok=75 gana=True prasa=True yati=True 15.1s
[103/111] mangalamahasri|T1|masking_only|42: complete tok=156 gana=True prasa=True yati=True 47.0s
[104/111] mangalamahasri|T1|masking_backtrack|42: complete tok=159 gana=True prasa=True yati=True 69.9s
[105/111] mangalamahasri|T1|hybrid|42: complete tok=132 gana=True prasa=True yati=True 37.7s
[106/111] layagrahi|T1|masking_only|42: complete tok=198 gana=True prasa=True yati=True 55.1s
[107/111] layagrahi|T1|masking_backtrack|42: complete tok=184 gana=True prasa=True yati=True 75.6s
[108/111] layagrahi|T1|hybrid|42: complete tok=176 gana=True prasa=True yati=True 49.4s
[109/111] layavibhati|T1|masking_only|42: complete tok=173 gana=True prasa=True yati=True 41.9s
[110/111] layavibhati|T1|masking_backtrack|42: complete tok=165 gana=True prasa=True yati=True 77.1s
[111/111] layavibhati|T1|hybrid|42: complete tok=157 gana=True prasa=True yati=True 33.4s
| meter | mode | n | gana_strict | gana | prasa_strict | yati_strict | all_strict | all_relaxed | tok | s | logp | valid_mass | argmax_valid | bt |
|---|---|---|---|---|---|---|---|---|---|---|---|---|---|---|
| ataveladi | masking_only | 1 | 100 | 100 | 100 | 100 | 100 | 100 | 70 | 10.8 | -3.089 | 0.705 | 0.729 | 0.0 |
| ataveladi | masking_backtrack | 1 | 100 | 100 | 100 | 100 | 100 | 100 | 74 | 33.1 | -2.135 | 0.764 | 0.802 | 20.0 |
| ataveladi | hybrid | 1 | 100 | 100 | 100 | 100 | 100 | 100 | 60 | 12.9 | -2.613 | 0.734 | 0.783 | 0.0 |
| bhujangaprayatamu | masking_only | 1 | 100 | 100 | 100 | 100 | 100 | 100 | 88 | 23.8 | -4.630 | 0.356 | 0.398 | 0.0 |
| bhujangaprayatamu | masking_backtrack | 1 | 100 | 100 | 100 | 100 | 100 | 100 | 71 | 14.1 | -1.526 | 0.734 | 0.844 | 9.0 |
| bhujangaprayatamu | hybrid | 1 | 100 | 100 | 100 | 100 | 100 | 100 | 80 | 13.5 | -1.941 | 0.635 | 0.700 | 0.0 |
| champakamala | masking_only | 1 | 100 | 100 | 100 | 100 | 100 | 100 | 109 | 31.0 | -3.943 | 0.394 | 0.450 | 0.0 |
| champakamala | masking_backtrack | 1 | 100 | 100 | 100 | 100 | 100 | 100 | 104 | 54.0 | -3.569 | 0.530 | 0.565 | 30.0 |
| champakamala | hybrid | 1 | 100 | 100 | 100 | 100 | 100 | 100 | 138 | 28.8 | -2.756 | 0.572 | 0.601 | 0.0 |
| dvipada | masking_only | 1 | 100 | 100 | 100 | 100 | 100 | 100 | 41 | 6.4 | -3.497 | 0.649 | 0.707 | 0.0 |
| dvipada | masking_backtrack | 1 | 100 | 100 | 100 | 100 | 100 | 100 | 31 | 14.4 | -2.706 | 0.787 | 0.833 | 13.0 |
| dvipada | hybrid | 1 | 100 | 100 | 100 | 100 | 100 | 100 | 34 | 6.6 | -2.902 | 0.742 | 0.824 | 0.0 |
| hayapracara_ragada | masking_only | 1 | 100 | 100 | 100 | 100 | 100 | 100 | 25 | 3.2 | -3.387 | 0.757 | 0.960 | 0.0 |
| hayapracara_ragada | masking_backtrack | 1 | 100 | 100 | 100 | 100 | 100 | 100 | 24 | 20.8 | -4.205 | 0.635 | 0.743 | 18.0 |
| hayapracara_ragada | hybrid | 1 | 100 | 100 | 100 | 100 | 100 | 100 | 22 | 3.8 | -2.354 | 0.782 | 0.909 | 0.0 |
| indravajra | masking_only | 1 | 100 | 100 | 100 | 100 | 100 | 100 | 84 | 23.2 | -5.198 | 0.354 | 0.381 | 0.0 |
| indravajra | masking_backtrack | 1 | 100 | 100 | 100 | 100 | 100 | 100 | 69 | 40.6 | -4.021 | 0.474 | 0.500 | 30.0 |
| indravajra | hybrid | 1 | 100 | 100 | 100 | 100 | 100 | 100 | 69 | 20.3 | -4.840 | 0.325 | 0.348 | 0.0 |
| kandamu | masking_only | 1 | 100 | 100 | 100 | 100 | 100 | 100 | 70 | 14.8 | -4.588 | 0.500 | 0.529 | 0.0 |
| kandamu | masking_backtrack | 1 | 100 | 100 | 100 | 100 | 100 | 100 | 67 | 42.0 | -2.908 | 0.659 | 0.677 | 28.0 |
| kandamu | hybrid | 1 | 100 | 100 | 100 | 100 | 100 | 100 | 72 | 18.1 | -3.523 | 0.568 | 0.556 | 0.0 |
| kavirajavirajitamu | masking_only | 1 | 100 | 100 | 100 | 100 | 100 | 100 | 155 | 36.5 | -3.533 | 0.474 | 0.523 | 0.0 |
| kavirajavirajitamu | masking_backtrack | 1 | 100 | 100 | 100 | 100 | 100 | 100 | 141 | 69.6 | -4.305 | 0.425 | 0.454 | 30.0 |
| kavirajavirajitamu | hybrid | 1 | 100 | 100 | 100 | 100 | 100 | 100 | 137 | 34.7 | -3.546 | 0.422 | 0.431 | 0.0 |
| lalita | masking_only | 1 | 100 | 100 | 100 | 100 | 100 | 100 | 82 | 22.1 | -4.964 | 0.380 | 0.427 | 0.0 |
| lalita | masking_backtrack | 1 | 100 | 100 | 100 | 100 | 100 | 100 | 81 | 43.5 | -3.591 | 0.595 | 0.644 | 30.0 |
| lalita | hybrid | 1 | 100 | 100 | 100 | 100 | 100 | 100 | 82 | 24.7 | -4.705 | 0.384 | 0.402 | 0.0 |
| layagrahi | masking_only | 1 | 100 | 100 | 100 | 100 | 100 | 100 | 198 | 55.1 | -4.664 | 0.362 | 0.394 | 0.0 |
| layagrahi | masking_backtrack | 1 | 100 | 100 | 100 | 100 | 100 | 100 | 184 | 75.6 | -4.322 | 0.484 | 0.509 | 30.0 |
| layagrahi | hybrid | 1 | 100 | 100 | 100 | 100 | 100 | 100 | 176 | 49.4 | -4.708 | 0.364 | 0.398 | 0.0 |
| layavibhati | masking_only | 1 | 100 | 100 | 100 | 100 | 100 | 100 | 173 | 41.9 | -4.065 | 0.447 | 0.474 | 0.0 |
| layavibhati | masking_backtrack | 1 | 100 | 100 | 100 | 100 | 100 | 100 | 165 | 77.1 | -2.983 | 0.579 | 0.617 | 30.0 |
| layavibhati | hybrid | 1 | 100 | 100 | 100 | 100 | 100 | 100 | 157 | 33.4 | -2.843 | 0.569 | 0.631 | 0.0 |
| madhuragati_ragada | masking_only | 1 | 100 | 100 | 100 | 100 | 100 | 100 | 33 | 3.5 | -3.317 | 0.757 | 0.818 | 0.0 |
| madhuragati_ragada | masking_backtrack | 1 | 100 | 100 | 100 | 100 | 100 | 100 | 33 | 2.0 | -3.317 | 0.757 | 0.818 | 0.0 |
| madhuragati_ragada | hybrid | 1 | 100 | 100 | 100 | 100 | 100 | 100 | 31 | 5.9 | -2.835 | 0.798 | 0.871 | 0.0 |
| madhyakkara | masking_only | 1 | 100 | 100 | 100 | 100 | 100 | 100 | 107 | 14.9 | -2.799 | 0.749 | 0.766 | 0.0 |
| madhyakkara | masking_backtrack | 1 | 100 | 100 | 100 | 100 | 100 | 100 | 95 | 26.8 | -3.372 | 0.591 | 0.568 | 6.0 |
| madhyakkara | hybrid | 1 | 100 | 100 | 100 | 100 | 100 | 100 | 99 | 16.0 | -2.161 | 0.800 | 0.879 | 0.0 |
| mahasragdhara | masking_only | 1 | 100 | 100 | 100 | 100 | 100 | 100 | 140 | 43.1 | -4.630 | 0.332 | 0.321 | 0.0 |
| mahasragdhara | masking_backtrack | 1 | 100 | 100 | 100 | 100 | 100 | 100 | 158 | 67.9 | -4.753 | 0.403 | 0.409 | 30.0 |
| mahasragdhara | hybrid | 1 | 100 | 100 | 100 | 100 | 100 | 100 | 139 | 46.0 | -4.682 | 0.311 | 0.295 | 0.0 |
| malini | masking_only | 1 | 100 | 100 | 100 | 100 | 100 | 100 | 105 | 29.9 | -3.701 | 0.416 | 0.438 | 0.0 |
| malini | masking_backtrack | 1 | 100 | 100 | 100 | 100 | 100 | 100 | 109 | 62.1 | -3.456 | 0.474 | 0.492 | 30.0 |
| malini | hybrid | 1 | 100 | 100 | 100 | 100 | 100 | 100 | 87 | 22.5 | -3.374 | 0.471 | 0.483 | 0.0 |
| mangalamahasri | masking_only | 1 | 100 | 100 | 100 | 100 | 100 | 100 | 156 | 47.0 | -4.342 | 0.350 | 0.372 | 0.0 |
| mangalamahasri | masking_backtrack | 1 | 100 | 100 | 100 | 100 | 100 | 100 | 159 | 69.9 | -3.421 | 0.516 | 0.547 | 30.0 |
| mangalamahasri | hybrid | 1 | 100 | 100 | 100 | 100 | 100 | 100 | 132 | 37.7 | -4.476 | 0.408 | 0.424 | 0.0 |
| manini | masking_only | 1 | 100 | 100 | 100 | 100 | 100 | 100 | 130 | 35.1 | -5.005 | 0.368 | 0.408 | 0.0 |
| manini | masking_backtrack | 1 | 100 | 100 | 100 | 100 | 100 | 100 | 166 | 81.2 | -4.368 | 0.373 | 0.419 | 30.0 |
| manini | hybrid | 1 | 100 | 100 | 100 | 100 | 100 | 100 | 163 | 46.7 | -4.352 | 0.349 | 0.380 | 0.0 |
| mattakokilamu | masking_only | 1 | 100 | 100 | 100 | 100 | 100 | 100 | 109 | 29.3 | -4.145 | 0.458 | 0.495 | 0.0 |
| mattakokilamu | masking_backtrack | 1 | 100 | 100 | 100 | 100 | 100 | 100 | 113 | 56.3 | -4.314 | 0.453 | 0.463 | 30.0 |
| mattakokilamu | hybrid | 1 | 100 | 100 | 100 | 100 | 100 | 100 | 114 | 32.6 | -3.506 | 0.398 | 0.421 | 0.0 |
| mattebhavikriditamu | masking_only | 1 | 100 | 100 | 100 | 100 | 100 | 100 | 131 | 33.8 | -3.837 | 0.442 | 0.443 | 0.0 |
| mattebhavikriditamu | masking_backtrack | 1 | 100 | 100 | 100 | 100 | 100 | 100 | 131 | 62.4 | -3.786 | 0.547 | 0.569 | 30.0 |
| mattebhavikriditamu | hybrid | 1 | 100 | 100 | 100 | 100 | 100 | 100 | 125 | 33.3 | -3.439 | 0.463 | 0.512 | 0.0 |
| pamcacamaramu | masking_only | 1 | 100 | 100 | 100 | 100 | 100 | 100 | 118 | 30.3 | -4.158 | 0.405 | 0.424 | 0.0 |
| pamcacamaramu | masking_backtrack | 1 | 100 | 100 | 100 | 100 | 100 | 100 | 102 | 55.6 | -3.716 | 0.493 | 0.538 | 30.0 |
| pamcacamaramu | hybrid | 1 | 100 | 100 | 100 | 100 | 100 | 100 | 92 | 22.5 | -3.349 | 0.473 | 0.522 | 0.0 |
| rathoddhata | masking_only | 1 | 100 | 100 | 100 | 100 | 100 | 100 | 75 | 19.9 | -5.301 | 0.363 | 0.373 | 0.0 |
| rathoddhata | masking_backtrack | 1 | 100 | 100 | 100 | 100 | 100 | 100 | 73 | 40.8 | -3.744 | 0.568 | 0.627 | 30.0 |
| rathoddhata | hybrid | 1 | 100 | 100 | 100 | 100 | 100 | 100 | 67 | 10.2 | -1.661 | 0.760 | 0.821 | 0.0 |
| salini | masking_only | 1 | 100 | 100 | 100 | 100 | 100 | 100 | 79 | 26.4 | -5.309 | 0.278 | 0.266 | 0.0 |
| salini | masking_backtrack | 1 | 100 | 100 | 100 | 100 | 100 | 100 | 81 | 54.9 | -3.523 | 0.523 | 0.556 | 30.0 |
| salini | hybrid | 1 | 100 | 100 | 100 | 100 | 100 | 100 | 71 | 21.3 | -4.369 | 0.362 | 0.423 | 0.0 |
| sardulavikriditamu | masking_only | 1 | 100 | 100 | 100 | 100 | 100 | 100 | 122 | 33.8 | -4.494 | 0.402 | 0.443 | 0.0 |
| sardulavikriditamu | masking_backtrack | 1 | 100 | 100 | 100 | 100 | 100 | 100 | 120 | 57.2 | -3.809 | 0.551 | 0.592 | 30.0 |
| sardulavikriditamu | hybrid | 1 | 100 | 100 | 100 | 100 | 100 | 100 | 119 | 36.3 | -4.229 | 0.420 | 0.420 | 0.0 |
| seesamu | masking_only | 1 | 100 | 100 | 100 | 100 | 100 | 100 | 125 | 12.4 | -2.783 | 0.820 | 0.864 | 0.0 |
| seesamu | masking_backtrack | 1 | 100 | 100 | 100 | 100 | 100 | 100 | 122 | 17.3 | -2.210 | 0.850 | 0.892 | 8.0 |
| seesamu | hybrid | 1 | 100 | 100 | 100 | 100 | 100 | 100 | 148 | 18.4 | -1.942 | 0.743 | 0.791 | 0.0 |
| sragdhara | masking_only | 1 | 100 | 100 | 100 | 100 | 100 | 100 | 150 | 37.5 | -4.278 | 0.402 | 0.407 | 0.0 |
| sragdhara | masking_backtrack | 1 | 100 | 100 | 100 | 100 | 100 | 100 | 163 | 78.6 | -4.319 | 0.420 | 0.457 | 30.0 |
| sragdhara | hybrid | 1 | 100 | 100 | 100 | 100 | 100 | 100 | 135 | 40.4 | -3.973 | 0.396 | 0.430 | 0.0 |
| sragvini | masking_only | 1 | 100 | 100 | 100 | 100 | 100 | 100 | 87 | 8.9 | -1.276 | 0.780 | 0.851 | 0.0 |
| sragvini | masking_backtrack | 1 | 100 | 100 | 100 | 100 | 100 | 100 | 87 | 47.6 | -3.344 | 0.538 | 0.580 | 30.0 |
| sragvini | hybrid | 1 | 100 | 100 | 100 | 100 | 100 | 100 | 78 | 14.3 | -2.485 | 0.581 | 0.692 | 0.0 |
| taralamu | masking_only | 1 | 100 | 100 | 100 | 100 | 100 | 100 | 111 | 34.0 | -4.204 | 0.371 | 0.369 | 0.0 |
| taralamu | masking_backtrack | 1 | 100 | 100 | 100 | 100 | 100 | 100 | 110 | 54.4 | -3.782 | 0.543 | 0.583 | 30.0 |
| taralamu | hybrid | 1 | 100 | 100 | 100 | 100 | 100 | 100 | 103 | 23.3 | -3.544 | 0.464 | 0.524 | 0.0 |
| taruvoja | masking_only | 1 | 100 | 100 | 100 | 100 | 100 | 100 | 148 | 23.9 | -2.829 | 0.661 | 0.682 | 0.0 |
| taruvoja | masking_backtrack | 1 | 100 | 100 | 100 | 100 | 100 | 100 | 134 | 66.4 | -2.513 | 0.662 | 0.685 | 30.0 |
| taruvoja | hybrid | 1 | 100 | 100 | 100 | 100 | 100 | 100 | 134 | 31.6 | -3.756 | 0.550 | 0.582 | 0.0 |
| tetagiti | masking_only | 1 | 100 | 100 | 100 | 100 | 100 | 100 | 69 | 9.7 | -3.783 | 0.720 | 0.739 | 0.0 |
| tetagiti | masking_backtrack | 1 | 100 | 100 | 100 | 100 | 100 | 100 | 73 | 35.3 | -2.209 | 0.768 | 0.779 | 22.0 |
| tetagiti | hybrid | 1 | 100 | 100 | 100 | 100 | 100 | 100 | 73 | 13.7 | -2.818 | 0.681 | 0.685 | 0.0 |
| totakamu | masking_only | 1 | 100 | 100 | 100 | 100 | 100 | 100 | 72 | 16.7 | -2.973 | 0.517 | 0.639 | 0.0 |
| totakamu | masking_backtrack | 1 | 100 | 100 | 100 | 100 | 100 | 100 | 71 | 42.6 | -4.224 | 0.498 | 0.554 | 30.0 |
| totakamu | hybrid | 1 | 100 | 100 | 100 | 100 | 100 | 100 | 73 | 16.6 | -3.153 | 0.573 | 0.685 | 0.0 |
| turagagati_ragada | masking_only | 1 | 100 | 100 | 100 | 100 | 100 | 100 | 102 | 12.4 | -2.531 | 0.803 | 0.824 | 0.0 |
| turagagati_ragada | masking_backtrack | 1 | 100 | 100 | 100 | 100 | 100 | 100 | 102 | 6.2 | -2.531 | 0.803 | 0.824 | 0.0 |
| turagagati_ragada | hybrid | 1 | 100 | 100 | 100 | 100 | 100 | 100 | 87 | 14.7 | -1.965 | 0.783 | 0.816 | 0.0 |
| upendravajra | masking_only | 1 | 100 | 100 | 100 | 100 | 100 | 100 | 75 | 23.5 | -5.078 | 0.272 | 0.347 | 0.0 |
| upendravajra | masking_backtrack | 1 | 100 | 100 | 100 | 100 | 100 | 100 | 64 | 35.5 | -3.069 | 0.639 | 0.706 | 30.0 |
| upendravajra | hybrid | 1 | 100 | 100 | 100 | 100 | 100 | 100 | 80 | 15.7 | -2.368 | 0.621 | 0.662 | 0.0 |
| utpalamala | masking_only | 1 | 100 | 100 | 100 | 100 | 100 | 100 | 126 | 34.6 | -4.397 | 0.432 | 0.468 | 0.0 |
| utpalamala | masking_backtrack | 1 | 100 | 100 | 100 | 100 | 100 | 100 | 122 | 66.6 | -3.890 | 0.469 | 0.475 | 30.0 |
| utpalamala | hybrid | 1 | 100 | 100 | 100 | 100 | 100 | 100 | 130 | 38.1 | -3.726 | 0.403 | 0.423 | 0.0 |
| utsahamu | masking_only | 1 | 100 | 100 | 100 | 100 | 100 | 100 | 113 | 13.8 | -2.365 | 0.716 | 0.823 | 0.0 |
| utsahamu | masking_backtrack | 1 | 100 | 100 | 100 | 100 | 100 | 100 | 83 | 39.9 | -2.274 | 0.727 | 0.771 | 30.0 |
| utsahamu | hybrid | 1 | 100 | 100 | 100 | 100 | 100 | 100 | 107 | 23.2 | -3.284 | 0.551 | 0.589 | 0.0 |
| vanamayuramu | masking_only | 1 | 100 | 100 | 100 | 100 | 100 | 100 | 83 | 18.0 | -4.084 | 0.482 | 0.554 | 0.0 |
| vanamayuramu | masking_backtrack | 1 | 100 | 100 | 100 | 100 | 100 | 100 | 76 | 43.9 | -3.200 | 0.597 | 0.618 | 30.0 |
| vanamayuramu | hybrid | 1 | 100 | 100 | 100 | 100 | 100 | 100 | 75 | 15.1 | -3.079 | 0.540 | 0.640 | 0.0 |
| vasamtatilakamu | masking_only | 1 | 100 | 100 | 100 | 100 | 100 | 100 | 89 | 21.3 | -4.262 | 0.461 | 0.494 | 0.0 |
| vasamtatilakamu | masking_backtrack | 1 | 100 | 100 | 100 | 100 | 100 | 100 | 73 | 44.0 | -4.273 | 0.511 | 0.545 | 30.0 |
| vasamtatilakamu | hybrid | 1 | 100 | 100 | 100 | 100 | 100 | 100 | 85 | 20.0 | -3.998 | 0.441 | 0.471 | 0.0 |
| vidyunmala | masking_only | 1 | 100 | 100 | 100 | 100 | 100 | 100 | 69 | 22.1 | -6.276 | 0.262 | 0.290 | 0.0 |
| vidyunmala | masking_backtrack | 1 | 100 | 100 | 100 | 100 | 100 | 100 | 70 | 39.6 | -4.470 | 0.534 | 0.586 | 30.0 |
| vidyunmala | hybrid | 1 | 100 | 100 | 100 | 100 | 100 | 100 | 68 | 20.5 | -4.221 | 0.440 | 0.500 | 0.0 |
| ALL | masking_only | 37 | 100 | 100 | 100 | 100 | 100 | 100 | 103 | 24.4 | -3.992 | 0.497 | 0.538 | 0.0 |
| ALL | masking_backtrack | 37 | 100 | 100 | 100 | 100 | 100 | 100 | 100 | 47.0 | -3.464 | 0.580 | 0.617 | 25.2 |
| ALL | hybrid | 37 | 100 | 100 | 100 | 100 | 100 | 100 | 98 | 23.9 | -3.337 | 0.537 | 0.582 | 0.0 |
