[1/120] sragvini|T1|masking_only|42: complete tok=51 gana=True prasa=True yati=True 4.4s
[2/120] sragvini|T1|masking_only|49: complete tok=61 gana=True prasa=True yati=True 5.8s
[3/120] sragvini|T1|masking_only|56: complete tok=61 gana=True prasa=True yati=True 8.4s
[4/120] sragvini|T1|masking_only|63: complete tok=55 gana=True prasa=True yati=True 6.3s
[5/120] sragvini|T1|masking_only|70: complete tok=59 gana=True prasa=True yati=True 6.3s
[6/120] sragvini|T1|masking_backtrack|42: complete tok=49 gana=True prasa=True yati=True 2.5s
[7/120] sragvini|T1|masking_backtrack|49: complete tok=62 gana=True prasa=True yati=True 10.0s
[8/120] sragvini|T1|masking_backtrack|56: complete tok=57 gana=True prasa=True yati=True 5.9s
[9/120] sragvini|T1|masking_backtrack|63: complete tok=49 gana=True prasa=True yati=True 8.3s
[10/120] sragvini|T1|masking_backtrack|70: complete tok=53 gana=True prasa=True yati=True 10.4s
[11/120] sragvini|T1|hybrid|42: complete tok=51 gana=True prasa=True yati=True 4.3s
[12/120] sragvini|T1|hybrid|49: complete tok=63 gana=True prasa=True yati=True 10.5s
[13/120] sragvini|T1|hybrid|56: complete tok=61 gana=True prasa=True yati=True 6.0s
[14/120] sragvini|T1|hybrid|63: complete tok=58 gana=True prasa=True yati=True 11.1s
[15/120] sragvini|T1|hybrid|70: complete tok=49 gana=True prasa=True yati=True 4.7s
[16/120] vidyunmala|T1|masking_only|42: complete tok=47 gana=True prasa=True yati=True 4.2s
[17/120] vidyunmala|T1|masking_only|49: complete tok=51 gana=True prasa=True yati=True 4.9s
[18/120] vidyunmala|T1|masking_only|56: complete tok=46 gana=True prasa=True yati=True 4.7s
[19/120] vidyunmala|T1|masking_only|63: complete tok=41 gana=True prasa=True yati=True 9.9s
[20/120] vidyunmala|T1|masking_only|70: complete tok=52 gana=True prasa=True yati=True 4.7s
[21/120] vidyunmala|T1|masking_backtrack|42: complete tok=42 gana=True prasa=True yati=True 2.3s
[22/120] vidyunmala|T1|masking_backtrack|49: complete tok=42 gana=True prasa=True yati=True 3.7s
[23/120] vidyunmala|T1|masking_backtrack|56: complete tok=47 gana=True prasa=True yati=True 15.0s
[24/120] vidyunmala|T1|masking_backtrack|63: complete tok=39 gana=True prasa=True yati=True 3.8s
[25/120] vidyunmala|T1|masking_backtrack|70: complete tok=55 gana=True prasa=True yati=True 17.5s
[26/120] vidyunmala|T1|hybrid|42: complete tok=38 gana=True prasa=True yati=True 4.1s
[27/120] vidyunmala|T1|hybrid|49: complete tok=39 gana=True prasa=True yati=True 3.8s
[28/120] vidyunmala|T1|hybrid|56: complete tok=42 gana=True prasa=True yati=True 9.9s
[29/120] vidyunmala|T1|hybrid|63: complete tok=43 gana=True prasa=True yati=True 4.1s
[30/120] vidyunmala|T1|hybrid|70: complete tok=39 gana=True prasa=True yati=True 3.9s
[31/120] lalita|T1|masking_only|42: complete tok=60 gana=True prasa=True yati=True 11.2s
[32/120] lalita|T1|masking_only|49: complete tok=54 gana=True prasa=True yati=True 5.3s
[33/120] lalita|T1|masking_only|56: complete tok=57 gana=True prasa=True yati=True 5.6s
[34/120] lalita|T1|masking_only|63: complete tok=55 gana=True prasa=True yati=True 11.2s
[35/120] lalita|T1|masking_only|70: complete tok=59 gana=True prasa=True yati=True 5.1s
[36/120] lalita|T1|masking_backtrack|42: complete tok=54 gana=True prasa=True yati=True 14.7s
[37/120] lalita|T1|masking_backtrack|49: complete tok=60 gana=True prasa=True yati=True 8.2s
[38/120] lalita|T1|masking_backtrack|56: complete tok=58 gana=True prasa=True yati=True 12.2s
[39/120] lalita|T1|masking_backtrack|63: complete tok=52 gana=True prasa=True yati=True 15.1s
[40/120] lalita|T1|masking_backtrack|70: complete tok=53 gana=True prasa=True yati=True 5.7s
[41/120] lalita|T1|hybrid|42: complete tok=51 gana=True prasa=True yati=True 12.4s
[42/120] lalita|T1|hybrid|49: complete tok=51 gana=True prasa=True yati=True 5.5s
[43/120] lalita|T1|hybrid|56: complete tok=48 gana=True prasa=True yati=True 4.8s
[44/120] lalita|T1|hybrid|63: complete tok=68 gana=True prasa=True yati=True 13.9s
[45/120] lalita|T1|hybrid|70: complete tok=45 gana=True prasa=True yati=True 4.5s
[46/120] kandamu|T1|masking_only|42: complete tok=46 gana=True prasa=True yati=True 4.1s
[47/120] kandamu|T1|masking_only|49: complete tok=45 gana=True prasa=True yati=True 12.2s
[48/120] kandamu|T1|masking_only|56: complete tok=45 gana=True prasa=True yati=True 3.8s
[49/120] kandamu|T1|masking_only|63: complete tok=35 gana=True prasa=True yati=True 3.5s
[50/120] kandamu|T1|masking_only|70: complete tok=41 gana=True prasa=True yati=True 11.5s
[51/120] kandamu|T1|masking_backtrack|42: complete tok=45 gana=True prasa=True yati=True 0.1s
[52/120] kandamu|T1|masking_backtrack|49: complete tok=45 gana=True prasa=True yati=True 0.1s
[53/120] kandamu|T1|masking_backtrack|56: complete tok=36 gana=True prasa=True yati=True 3.8s
[54/120] kandamu|T1|masking_backtrack|63: complete tok=38 gana=True prasa=True yati=True 2.6s
[55/120] kandamu|T1|masking_backtrack|70: complete tok=38 gana=True prasa=True yati=True 4.5s
[56/120] kandamu|T1|hybrid|42: complete tok=35 gana=True prasa=True yati=True 11.3s
[57/120] kandamu|T1|hybrid|49: complete tok=33 gana=True prasa=True yati=True 2.8s
[58/120] kandamu|T1|hybrid|56: complete tok=40 gana=True prasa=True yati=True 3.8s
[59/120] kandamu|T1|hybrid|63: complete tok=47 gana=True prasa=True yati=True 3.9s
[60/120] kandamu|T1|hybrid|70: complete tok=37 gana=True prasa=True yati=True 4.0s
[61/120] utsahamu|T1|masking_only|42: complete tok=70 gana=True prasa=True yati=True 6.9s
[62/120] utsahamu|T1|masking_only|49: complete tok=60 gana=True prasa=True yati=True 14.6s
[63/120] utsahamu|T1|masking_only|56: complete tok=64 gana=True prasa=True yati=True 6.4s
[64/120] utsahamu|T1|masking_only|63: complete tok=57 gana=True prasa=True yati=True 5.5s
[65/120] utsahamu|T1|masking_only|70: complete tok=67 gana=True prasa=True yati=True 16.0s
[66/120] utsahamu|T1|masking_backtrack|42: complete tok=55 gana=True prasa=True yati=True 3.8s
[67/120] utsahamu|T1|masking_backtrack|49: complete tok=64 gana=True prasa=True yati=True 4.3s
[68/120] utsahamu|T1|masking_backtrack|56: complete tok=58 gana=True prasa=True yati=True 13.2s
[69/120] utsahamu|T1|masking_backtrack|63: complete tok=54 gana=True prasa=True yati=True 3.8s
[70/120] utsahamu|T1|masking_backtrack|70: complete tok=53 gana=True prasa=True yati=True 6.0s
[71/120] utsahamu|T1|hybrid|42: complete tok=59 gana=True prasa=True yati=True 15.1s
[72/120] utsahamu|T1|hybrid|49: complete tok=55 gana=True prasa=True yati=True 5.7s
[73/120] utsahamu|T1|hybrid|56: complete tok=57 gana=True prasa=True yati=True 5.7s
[74/120] utsahamu|T1|hybrid|63: complete tok=55 gana=True prasa=True yati=True 14.7s
[75/120] utsahamu|T1|hybrid|70: complete tok=54 gana=True prasa=True yati=True 5.8s
[76/120] taruvoja|T1|masking_only|42: complete tok=82 gana=True prasa=True yati=True 20.7s
[77/120] taruvoja|T1|masking_only|49: complete tok=82 gana=True prasa=True yati=True 11.7s
[78/120] taruvoja|T1|masking_only|56: complete tok=92 gana=True prasa=True yati=True 21.7s
[79/120] taruvoja|T1|masking_only|63: complete tok=81 gana=True prasa=True yati=True 10.5s
[80/120] taruvoja|T1|masking_only|70: complete tok=82 gana=True prasa=True yati=True 10.2s
[81/120] taruvoja|T1|masking_backtrack|42: complete tok=90 gana=True prasa=True yati=True 2.4s
[82/120] taruvoja|T1|masking_backtrack|49: complete tok=75 gana=True prasa=True yati=True 1.2s
[83/120] taruvoja|T1|masking_backtrack|56: complete tok=86 gana=True prasa=True yati=True 27.2s
[84/120] taruvoja|T1|masking_backtrack|63: complete tok=81 gana=True prasa=True yati=True 0.1s
[85/120] taruvoja|T1|masking_backtrack|70: complete tok=74 gana=True prasa=True yati=True 20.3s
[86/120] taruvoja|T1|hybrid|42: complete tok=89 gana=True prasa=True yati=True 10.4s
[87/120] taruvoja|T1|hybrid|49: complete tok=92 gana=True prasa=True yati=True 22.2s
[88/120] taruvoja|T1|hybrid|56: complete tok=93 gana=True prasa=True yati=True 10.8s
[89/120] taruvoja|T1|hybrid|63: complete tok=66 gana=True prasa=True yati=True 20.1s
[90/120] taruvoja|T1|hybrid|70: complete tok=76 gana=True prasa=True yati=True 9.3s
[91/120] dvipada|T1|masking_only|42: complete tok=23 gana=True prasa=True yati=True 2.6s
[92/120] dvipada|T1|masking_only|49: complete tok=19 gana=True prasa=True yati=True 1.9s
[93/120] dvipada|T1|masking_only|56: complete tok=27 gana=True prasa=True yati=True 2.4s
[94/120] dvipada|T1|masking_only|63: complete tok=24 gana=True prasa=True yati=True 2.7s
[95/120] dvipada|T1|masking_only|70: complete tok=20 gana=True prasa=True yati=True 2.0s
[96/120] dvipada|T1|masking_backtrack|42: complete tok=23 gana=True prasa=True yati=True 0.0s
[97/120] dvipada|T1|masking_backtrack|49: complete tok=19 gana=True prasa=True yati=True 0.0s
[98/120] dvipada|T1|masking_backtrack|56: complete tok=18 gana=True prasa=True yati=True 1.6s
[99/120] dvipada|T1|masking_backtrack|63: complete tok=24 gana=True prasa=True yati=True 0.0s
[100/120] dvipada|T1|masking_backtrack|70: complete tok=20 gana=True prasa=True yati=True 0.0s
[101/120] dvipada|T1|hybrid|42: complete tok=17 gana=True prasa=True yati=True 2.0s
[102/120] dvipada|T1|hybrid|49: complete tok=22 gana=True prasa=True yati=True 2.3s
[103/120] dvipada|T1|hybrid|56: complete tok=20 gana=True prasa=True yati=True 1.8s
[104/120] dvipada|T1|hybrid|63: complete tok=15 gana=True prasa=True yati=True 1.2s
[105/120] dvipada|T1|hybrid|70: complete tok=15 gana=True prasa=True yati=True 1.4s
[106/120] madhyakkara|T1|masking_only|42: complete tok=62 gana=True prasa=True yati=True 6.3s
[107/120] madhyakkara|T1|masking_only|49: complete tok=63 gana=True prasa=True yati=True 7.0s
[108/120] madhyakkara|T1|masking_only|56: complete tok=56 gana=True prasa=True yati=True 5.7s
[109/120] madhyakkara|T1|masking_only|63: complete tok=52 gana=True prasa=True yati=True 17.9s
[110/120] madhyakkara|T1|masking_only|70: complete tok=61 gana=True prasa=True yati=True 6.5s
[111/120] madhyakkara|T1|masking_backtrack|42: complete tok=59 gana=True prasa=True yati=True 1.8s
[112/120] madhyakkara|T1|masking_backtrack|49: complete tok=63 gana=True prasa=True yati=True 0.1s
[113/120] madhyakkara|T1|masking_backtrack|56: complete tok=56 gana=True prasa=True yati=True 0.1s
[114/120] madhyakkara|T1|masking_backtrack|63: complete tok=52 gana=True prasa=True yati=True 0.1s
[115/120] madhyakkara|T1|masking_backtrack|70: complete tok=63 gana=True prasa=True yati=True 4.4s
[116/120] madhyakkara|T1|hybrid|42: complete tok=51 gana=True prasa=True yati=True 18.0s
[117/120] madhyakkara|T1|hybrid|49: complete tok=48 gana=True prasa=True yati=True 4.7s
[118/120] madhyakkara|T1|hybrid|56: complete tok=70 gana=True prasa=True yati=True 7.4s
[119/120] madhyakkara|T1|hybrid|63: complete tok=62 gana=True prasa=True yati=True 19.4s
[120/120] madhyakkara|T1|hybrid|70: complete tok=60 gana=True prasa=True yati=True 6.7s
| meter | mode | n | gana_strict | gana | prasa_strict | yati_strict | all_strict | all_relaxed | tok | s | logp | valid_mass | argmax_valid | bt |
|---|---|---|---|---|---|---|---|---|---|---|---|---|---|---|
| dvipada | masking_only | 5 | 100 | 100 | 100 | 100 | 100 | 100 | 23 | 2.3 | -6.405 | 0.432 | 0.480 | 0.0 |
| dvipada | masking_backtrack | 5 | 100 | 100 | 100 | 100 | 100 | 100 | 21 | 0.3 | -6.432 | 0.450 | 0.499 | 0.6 |
| dvipada | hybrid | 5 | 100 | 100 | 100 | 100 | 100 | 100 | 18 | 1.7 | -5.634 | 0.473 | 0.477 | 0.0 |
| kandamu | masking_only | 5 | 100 | 100 | 100 | 100 | 100 | 100 | 42 | 7.0 | -6.547 | 0.367 | 0.373 | 0.0 |
| kandamu | masking_backtrack | 5 | 100 | 100 | 100 | 100 | 100 | 100 | 40 | 2.2 | -6.562 | 0.375 | 0.412 | 4.6 |
| kandamu | hybrid | 5 | 100 | 100 | 100 | 100 | 100 | 100 | 38 | 5.2 | -5.692 | 0.392 | 0.419 | 0.0 |
| lalita | masking_only | 5 | 100 | 100 | 100 | 100 | 100 | 100 | 57 | 7.7 | -6.654 | 0.234 | 0.213 | 0.0 |
| lalita | masking_backtrack | 5 | 100 | 100 | 100 | 100 | 100 | 100 | 55 | 11.2 | -6.706 | 0.225 | 0.204 | 18.6 |
| lalita | hybrid | 5 | 100 | 100 | 100 | 100 | 100 | 100 | 53 | 8.2 | -5.920 | 0.228 | 0.232 | 0.0 |
| madhyakkara | masking_only | 5 | 100 | 100 | 100 | 100 | 100 | 100 | 59 | 8.7 | -6.447 | 0.458 | 0.470 | 0.0 |
| madhyakkara | masking_backtrack | 5 | 100 | 100 | 100 | 100 | 100 | 100 | 59 | 1.3 | -6.404 | 0.461 | 0.452 | 0.4 |
| madhyakkara | hybrid | 5 | 100 | 100 | 100 | 100 | 100 | 100 | 58 | 11.2 | -5.676 | 0.434 | 0.452 | 0.0 |
| sragvini | masking_only | 5 | 100 | 100 | 100 | 100 | 100 | 100 | 57 | 6.2 | -6.651 | 0.236 | 0.215 | 0.0 |
| sragvini | masking_backtrack | 5 | 100 | 100 | 100 | 100 | 100 | 100 | 54 | 7.4 | -6.644 | 0.239 | 0.214 | 10.0 |
| sragvini | hybrid | 5 | 100 | 100 | 100 | 100 | 100 | 100 | 56 | 7.3 | -6.066 | 0.238 | 0.199 | 0.0 |
| taruvoja | masking_only | 5 | 100 | 100 | 100 | 100 | 100 | 100 | 84 | 15.0 | -6.487 | 0.414 | 0.434 | 0.0 |
| taruvoja | masking_backtrack | 5 | 100 | 100 | 100 | 100 | 100 | 100 | 81 | 10.2 | -6.533 | 0.403 | 0.421 | 6.8 |
| taruvoja | hybrid | 5 | 100 | 100 | 100 | 100 | 100 | 100 | 83 | 14.6 | -5.666 | 0.424 | 0.428 | 0.0 |
| utsahamu | masking_only | 5 | 100 | 100 | 100 | 100 | 100 | 100 | 64 | 9.9 | -6.584 | 0.325 | 0.323 | 0.0 |
| utsahamu | masking_backtrack | 5 | 100 | 100 | 100 | 100 | 100 | 100 | 57 | 6.2 | -6.556 | 0.348 | 0.340 | 6.6 |
| utsahamu | hybrid | 5 | 100 | 100 | 100 | 100 | 100 | 100 | 56 | 9.4 | -5.662 | 0.344 | 0.287 | 0.0 |
| vidyunmala | masking_only | 5 | 100 | 100 | 100 | 100 | 100 | 100 | 47 | 5.7 | -6.711 | 0.221 | 0.235 | 0.0 |
| vidyunmala | masking_backtrack | 5 | 100 | 100 | 100 | 100 | 100 | 100 | 45 | 8.5 | -6.690 | 0.226 | 0.225 | 14.2 |
| vidyunmala | hybrid | 5 | 100 | 100 | 100 | 100 | 100 | 100 | 40 | 5.1 | -6.063 | 0.229 | 0.236 | 0.0 |
| ALL | masking_only | 40 | 100 | 100 | 100 | 100 | 100 | 100 | 54 | 7.8 | -6.561 | 0.336 | 0.343 | 0.0 |
| ALL | masking_backtrack | 40 | 100 | 100 | 100 | 100 | 100 | 100 | 52 | 5.9 | -6.566 | 0.341 | 0.346 | 7.7 |
| ALL | hybrid | 40 | 100 | 100 | 100 | 100 | 100 | 100 | 50 | 7.9 | -5.797 | 0.345 | 0.341 | 0.0 |
