[1/45] mangalamahasri|T1|masking_only|42: complete tok=97 gana=True prasa=True yati=True 9.8s
[2/45] mangalamahasri|T1|masking_only|49: complete tok=106 gana=True prasa=True yati=True 13.5s
[3/45] mangalamahasri|T1|masking_only|56: complete tok=108 gana=True prasa=True yati=True 11.3s
[4/45] mangalamahasri|T1|masking_only|63: complete tok=91 gana=True prasa=True yati=True 10.2s
[5/45] mangalamahasri|T1|masking_only|70: complete tok=99 gana=True prasa=True yati=True 13.6s
[6/45] mangalamahasri|T1|masking_backtrack|42: complete tok=98 gana=True prasa=True yati=True 7.5s
[7/45] mangalamahasri|T1|masking_backtrack|49: complete tok=105 gana=True prasa=True yati=True 13.9s
[8/45] mangalamahasri|T1|masking_backtrack|56: complete tok=102 gana=True prasa=True yati=True 17.6s
[9/45] mangalamahasri|T1|masking_backtrack|63: complete tok=93 gana=True prasa=True yati=True 14.6s
[10/45] mangalamahasri|T1|masking_backtrack|70: complete tok=107 gana=True prasa=True yati=True 11.7s
[11/45] mangalamahasri|T1|hybrid|42: complete tok=91 gana=True prasa=True yati=True 8.4s
[12/45] mangalamahasri|T1|hybrid|49: complete tok=102 gana=True prasa=True yati=True 8.9s
[13/45] mangalamahasri|T1|hybrid|56: complete tok=94 gana=True prasa=True yati=True 15.2s
[14/45] mangalamahasri|T1|hybrid|63: complete tok=83 gana=True prasa=True yati=True 15.8s
[15/45] mangalamahasri|T1|hybrid|70: complete tok=90 gana=True prasa=True yati=True 7.7s
[16/45] sragdhara|T1|masking_only|42: complete tok=94 gana=True prasa=True yati=True 29.1s
[17/45] sragdhara|T1|masking_only|49: complete tok=108 gana=True prasa=True yati=True 11.6s
[18/45] sragdhara|T1|masking_only|56: complete tok=106 gana=True prasa=True yati=True 17.1s
[19/45] sragdhara|T1|masking_only|63: complete tok=97 gana=True prasa=True yati=True 22.2s
[20/45] sragdhara|T1|masking_only|70: dead_end tok=30 gana=False prasa=False yati=False 2.3s
[21/45] sragdhara|T1|masking_backtrack|42: complete tok=106 gana=True prasa=True yati=True 21.6s
[22/45] sragdhara|T1|masking_backtrack|49: complete tok=94 gana=True prasa=True yati=True 27.0s
[23/45] sragdhara|T1|masking_backtrack|56: complete tok=113 gana=True prasa=True yati=True 23.6s
[24/45] sragdhara|T1|masking_backtrack|63: complete tok=81 gana=True prasa=True yati=True 4.8s
[25/45] sragdhara|T1|masking_backtrack|70: complete tok=86 gana=True prasa=True yati=True 15.9s
[26/45] sragdhara|T1|hybrid|42: complete tok=91 gana=True prasa=True yati=True 11.3s
[27/45] sragdhara|T1|hybrid|49: complete tok=88 gana=True prasa=True yati=True 19.8s
[28/45] sragdhara|T1|hybrid|56: complete tok=91 gana=True prasa=True yati=True 11.9s
[29/45] sragdhara|T1|hybrid|63: complete tok=86 gana=True prasa=True yati=True 21.1s
[30/45] sragdhara|T1|hybrid|70: complete tok=102 gana=True prasa=True yati=True 35.0s
[31/45] mahasragdhara|T1|masking_only|42: complete tok=100 gana=True prasa=True yati=True 10.7s
[32/45] mahasragdhara|T1|masking_only|49: complete tok=118 gana=True prasa=True yati=True 35.9s
[33/45] mahasragdhara|T1|masking_only|56: complete tok=103 gana=True prasa=True yati=True 27.8s
[34/45] mahasragdhara|T1|masking_only|63: complete tok=101 gana=True prasa=True yati=True 16.3s
[35/45] mahasragdhara|T1|masking_only|70: complete tok=100 gana=True prasa=True yati=True 27.5s
[36/45] mahasragdhara|T1|masking_backtrack|42: complete tok=91 gana=True prasa=True yati=True 33.5s
[37/45] mahasragdhara|T1|masking_backtrack|49: complete tok=88 gana=True prasa=True yati=True 29.8s
[38/45] mahasragdhara|T1|masking_backtrack|56: complete tok=101 gana=True prasa=True yati=True 43.9s
[39/45] mahasragdhara|T1|masking_backtrack|63: complete tok=93 gana=True prasa=True yati=True 27.0s
[40/45] mahasragdhara|T1|masking_backtrack|70: complete tok=92 gana=True prasa=True yati=True 40.4s
