[1/30] manini|T1|masking_only|42: complete tok=110 gana=True prasa=True yati=True 13.6s
[2/30] manini|T1|masking_only|49: complete tok=112 gana=True prasa=True yati=True 11.6s
[3/30] manini|T1|masking_only|56: complete tok=102 gana=True prasa=True yati=True 11.4s
[4/30] manini|T1|masking_only|63: complete tok=87 gana=True prasa=True yati=True 9.2s
[5/30] manini|T1|masking_only|70: complete tok=110 gana=True prasa=True yati=True 28.0s
[6/30] manini|T1|masking_backtrack|42: complete tok=85 gana=True prasa=True yati=True 12.4s
[7/30] manini|T1|masking_backtrack|49: complete tok=94 gana=True prasa=True yati=True 16.4s
[8/30] manini|T1|masking_backtrack|56: complete tok=94 gana=True prasa=True yati=True 22.9s
[9/30] manini|T1|masking_backtrack|63: complete tok=77 gana=True prasa=True yati=True 6.5s
[10/30] manini|T1|masking_backtrack|70: complete tok=84 gana=True prasa=True yati=True 11.5s
[11/30] manini|T1|hybrid|42: complete tok=90 gana=True prasa=True yati=True 9.3s
[12/30] manini|T1|hybrid|49: complete tok=86 gana=True prasa=True yati=True 12.2s
[13/30] manini|T1|hybrid|56: complete tok=98 gana=True prasa=True yati=True 21.4s
[14/30] manini|T1|hybrid|63: complete tok=80 gana=True prasa=True yati=True 7.9s
[15/30] manini|T1|hybrid|70: complete tok=100 gana=True prasa=True yati=True 15.5s
[16/30] kavirajavirajitamu|T1|masking_only|42: complete tok=98 gana=True prasa=True yati=True 7.6s
[17/30] kavirajavirajitamu|T1|masking_only|49: complete tok=86 gana=True prasa=True yati=True 14.5s
[18/30] kavirajavirajitamu|T1|masking_only|56: complete tok=99 gana=True prasa=True yati=True 9.5s
[19/30] kavirajavirajitamu|T1|masking_only|63: complete tok=99 gana=True prasa=True yati=True 18.7s
[20/30] kavirajavirajitamu|T1|masking_only|70: complete tok=99 gana=True prasa=True yati=True 19.8s
[21/30] kavirajavirajitamu|T1|masking_backtrack|42: complete tok=93 gana=True prasa=True yati=True 8.8s
[22/30] kavirajavirajitamu|T1|masking_backtrack|49: complete tok=85 gana=True prasa=True yati=True 16.8s
[23/30] kavirajavirajitamu|T1|masking_backtrack|56: complete tok=101 gana=True prasa=True yati=True 15.6s
[24/30] kavirajavirajitamu|T1|masking_backtrack|63: complete tok=99 gana=True prasa=True yati=True 37.4s
[25/30] kavirajavirajitamu|T1|masking_backtrack|70: complete tok=85 gana=True prasa=True yati=True 8.8s
[26/30] kavirajavirajitamu|T1|hybrid|42: complete tok=90 gana=True prasa=True yati=True 19.0s
[27/30] kavirajavirajitamu|T1|hybrid|49: complete tok=96 gana=True prasa=True yati=True 12.3s
[28/30] kavirajavirajitamu|T1|hybrid|56: complete tok=90 gana=True prasa=True yati=True 20.0s
[29/30] kavirajavirajitamu|T1|hybrid|63: complete tok=88 gana=True prasa=True yati=True 7.6s
[30/30] kavirajavirajitamu|T1|hybrid|70: complete tok=97 gana=True prasa=True yati=True 22.1s
| meter | mode | n | gana_strict | gana | prasa_strict | yati_strict | all_strict | all_relaxed | tok | s | logp | valid_mass | argmax_valid | bt |
|---|---|---|---|---|---|---|---|---|---|---|---|---|---|---|
| kavirajavirajitamu | masking_only | 5 | 100 | 100 | 100 | 100 | 100 | 100 | 96 | 14.0 | -6.561 | 0.183 | 0.189 | 0.0 |
| kavirajavirajitamu | masking_backtrack | 5 | 100 | 100 | 100 | 100 | 100 | 100 | 93 | 17.5 | -6.673 | 0.168 | 0.160 | 17.6 |
| kavirajavirajitamu | hybrid | 5 | 100 | 100 | 100 | 100 | 100 | 100 | 92 | 16.2 | -6.007 | 0.172 | 0.193 | 0.0 |
| manini | masking_only | 5 | 100 | 100 | 100 | 100 | 100 | 100 | 104 | 14.7 | -6.643 | 0.169 | 0.157 | 0.0 |
| manini | masking_backtrack | 5 | 100 | 100 | 100 | 100 | 100 | 100 | 87 | 13.9 | -6.715 | 0.161 | 0.160 | 19.0 |
| manini | hybrid | 5 | 100 | 100 | 100 | 100 | 100 | 100 | 91 | 13.2 | -5.973 | 0.185 | 0.158 | 0.0 |
| ALL | masking_only | 10 | 100 | 100 | 100 | 100 | 100 | 100 | 100 | 14.4 | -6.602 | 0.176 | 0.173 | 0.0 |
| ALL | masking_backtrack | 10 | 100 | 100 | 100 | 100 | 100 | 100 | 90 | 15.7 | -6.694 | 0.164 | 0.160 | 18.3 |
| ALL | hybrid | 10 | 100 | 100 | 100 | 100 | 100 | 100 | 92 | 14.7 | -5.990 | 0.179 | 0.175 | 0.0 |
