[1/54] utpalamala|T1|masking_only|42: complete tok=83 gana=True prasa=True yati=True 7.3s
[2/54] utpalamala|T1|masking_only|49: complete tok=82 gana=True prasa=True yati=True 8.2s
[3/54] utpalamala|T1|masking_backtrack|42: complete tok=75 gana=True prasa=True yati=True 7.1s
[4/54] utpalamala|T1|masking_backtrack|49: complete tok=79 gana=True prasa=True yati=True 11.9s
[5/54] utpalamala|T1|hybrid|42: complete tok=74 gana=True prasa=True yati=True 5.3s
[6/54] utpalamala|T1|hybrid|49: complete tok=77 gana=True prasa=True yati=True 6.1s
[7/54] champakamala|T1|masking_only|42: complete tok=84 gana=True prasa=True yati=True 9.0s
[8/54] champakamala|T1|masking_only|49: complete tok=78 gana=True prasa=True yati=True 9.6s
[9/54] champakamala|T1|masking_backtrack|42: complete tok=80 gana=True prasa=True yati=True 10.6s
[10/54] champakamala|T1|masking_backtrack|49: complete tok=77 gana=True prasa=True yati=True 3.1s
[11/54] champakamala|T1|hybrid|42: complete tok=79 gana=True prasa=True yati=True 9.9s
[12/54] champakamala|T1|hybrid|49: complete tok=67 gana=True prasa=True yati=True 4.6s
[13/54] mattebhavikriditamu|T1|masking_only|42: complete tok=86 gana=True prasa=True yati=True 6.3s
[14/54] mattebhavikriditamu|T1|masking_only|49: complete tok=83 gana=True prasa=True yati=True 11.4s
[15/54] mattebhavikriditamu|T1|masking_backtrack|42: complete tok=86 gana=True prasa=True yati=True 14.4s
[16/54] mattebhavikriditamu|T1|masking_backtrack|49: complete tok=80 gana=True prasa=True yati=True 14.3s
[17/54] mattebhavikriditamu|T1|hybrid|42: complete tok=77 gana=True prasa=True yati=True 11.5s
[18/54] mattebhavikriditamu|T1|hybrid|49: complete tok=75 gana=True prasa=True yati=True 11.9s
[19/54] sardulavikriditamu|T1|masking_only|42: complete tok=83 gana=True prasa=True yati=True 7.3s
[20/54] sardulavikriditamu|T1|masking_only|49: complete tok=90 gana=True prasa=True yati=True 15.8s
[21/54] sardulavikriditamu|T1|masking_backtrack|42: complete tok=73 gana=True prasa=True yati=True 14.2s
[22/54] sardulavikriditamu|T1|masking_backtrack|49: complete tok=85 gana=True prasa=True yati=True 16.7s
[23/54] sardulavikriditamu|T1|hybrid|42: complete tok=77 gana=True prasa=True yati=True 7.6s
[24/54] sardulavikriditamu|T1|hybrid|49: complete tok=75 gana=True prasa=True yati=True 14.9s
[25/54] sragdhara|T1|masking_only|42: complete tok=94 gana=True prasa=True yati=True 17.2s
[26/54] sragdhara|T1|masking_only|49: complete tok=108 gana=True prasa=True yati=True 18.3s
[27/54] sragdhara|T1|masking_backtrack|42: complete tok=106 gana=True prasa=True yati=True 22.1s
[28/54] sragdhara|T1|masking_backtrack|49: complete tok=88 gana=True prasa=True yati=True 19.4s
[29/54] sragdhara|T1|hybrid|42: complete tok=90 gana=True prasa=True yati=True 23.6s
[30/54] sragdhara|T1|hybrid|49: complete tok=88 gana=True prasa=True yati=True 15.6s
[31/54] mahasragdhara|T1|masking_only|42: complete tok=100 gana=True prasa=True yati=True 7.8s
[32/54] mahasragdhara|T1|masking_only|49: complete tok=122 gana=True prasa=True yati=True 11.3s
[33/54] mahasragdhara|T1|masking_backtrack|42: complete tok=91 gana=True prasa=True yati=True 21.5s
[34/54] mahasragdhara|T1|masking_backtrack|49: complete tok=97 gana=True prasa=True yati=True 22.2s
[35/54] mahasragdhara|T1|hybrid|42: complete tok=90 gana=True prasa=True yati=True 9.1s
[36/54] mahasragdhara|T1|hybrid|49: complete tok=101 gana=True prasa=True yati=True 18.4s
[37/54] totakamu|T1|masking_only|42: complete tok=50 gana=True prasa=True yati=True 3.8s
[38/54] totakamu|T1|masking_only|49: complete tok=68 gana=True prasa=True yati=True 5.1s
[39/54] totakamu|T1|masking_backtrack|42: complete tok=43 gana=True prasa=True yati=True 3.1s
[40/54] totakamu|T1|masking_backtrack|49: complete tok=51 gana=True prasa=True yati=True 4.5s
[41/54] totakamu|T1|hybrid|42: complete tok=49 gana=True prasa=True yati=True 3.2s
[42/54] totakamu|T1|hybrid|49: complete tok=39 gana=True prasa=True yati=True 2.6s
[43/54] bhujangaprayatamu|T1|masking_only|42: complete tok=47 gana=True prasa=True yati=True 3.9s
[44/54] bhujangaprayatamu|T1|masking_only|49: complete tok=57 gana=True prasa=True yati=True 4.3s
[45/54] bhujangaprayatamu|T1|masking_backtrack|42: complete tok=50 gana=True prasa=True yati=True 15.9s
[46/54] bhujangaprayatamu|T1|masking_backtrack|49: complete tok=44 gana=True prasa=True yati=True 3.0s
[47/54] bhujangaprayatamu|T1|hybrid|42: complete tok=42 gana=True prasa=True yati=True 3.0s
[48/54] bhujangaprayatamu|T1|hybrid|49: complete tok=49 gana=True prasa=True yati=True 13.8s
[49/54] mattakokilamu|T1|masking_only|42: complete tok=75 gana=True prasa=True yati=True 7.0s
[50/54] mattakokilamu|T1|masking_only|49: complete tok=72 gana=True prasa=True yati=True 6.2s
[51/54] mattakokilamu|T1|masking_backtrack|42: complete tok=82 gana=True prasa=True yati=True 13.4s
[52/54] mattakokilamu|T1|masking_backtrack|49: complete tok=67 gana=True prasa=True yati=True 14.9s
[53/54] mattakokilamu|T1|hybrid|42: complete tok=69 gana=True prasa=True yati=True 5.1s
[54/54] mattakokilamu|T1|hybrid|49: complete tok=62 gana=True prasa=True yati=True 5.6s
| meter | mode | n | gana_strict | gana | prasa_strict | yati_strict | all_strict | all_relaxed | tok | s | logp | valid_mass | argmax_valid | bt |
|---|---|---|---|---|---|---|---|---|---|---|---|---|---|---|
| bhujangaprayatamu | masking_only | 2 | 100 | 100 | 100 | 100 | 100 | 100 | 52 | 4.1 | -6.628 | 0.234 | 0.289 | 0.0 |
| bhujangaprayatamu | masking_backtrack | 2 | 100 | 100 | 100 | 100 | 100 | 100 | 47 | 9.4 | -6.755 | 0.234 | 0.254 | 12.5 |
| bhujangaprayatamu | hybrid | 2 | 100 | 100 | 100 | 100 | 100 | 100 | 46 | 8.4 | -5.808 | 0.278 | 0.317 | 0.0 |
| champakamala | masking_only | 2 | 100 | 100 | 100 | 100 | 100 | 100 | 81 | 9.3 | -6.512 | 0.245 | 0.225 | 0.0 |
| champakamala | masking_backtrack | 2 | 100 | 100 | 100 | 100 | 100 | 100 | 78 | 6.9 | -6.719 | 0.237 | 0.191 | 6.5 |
| champakamala | hybrid | 2 | 100 | 100 | 100 | 100 | 100 | 100 | 73 | 7.3 | -5.751 | 0.263 | 0.221 | 0.0 |
| mahasragdhara | masking_only | 2 | 100 | 100 | 100 | 100 | 100 | 100 | 111 | 9.5 | -6.702 | 0.205 | 0.204 | 0.0 |
| mahasragdhara | masking_backtrack | 2 | 100 | 100 | 100 | 100 | 100 | 100 | 94 | 21.9 | -6.773 | 0.182 | 0.203 | 25.5 |
| mahasragdhara | hybrid | 2 | 100 | 100 | 100 | 100 | 100 | 100 | 96 | 13.7 | -5.812 | 0.235 | 0.249 | 1.5 |
| mattakokilamu | masking_only | 2 | 100 | 100 | 100 | 100 | 100 | 100 | 74 | 6.6 | -6.563 | 0.254 | 0.255 | 0.0 |
| mattakokilamu | masking_backtrack | 2 | 100 | 100 | 100 | 100 | 100 | 100 | 74 | 14.2 | -6.812 | 0.220 | 0.253 | 18.0 |
| mattakokilamu | hybrid | 2 | 100 | 100 | 100 | 100 | 100 | 100 | 66 | 5.4 | -5.825 | 0.276 | 0.253 | 0.0 |
| mattebhavikriditamu | masking_only | 2 | 100 | 100 | 100 | 100 | 100 | 100 | 84 | 8.9 | -6.540 | 0.255 | 0.289 | 0.0 |
| mattebhavikriditamu | masking_backtrack | 2 | 100 | 100 | 100 | 100 | 100 | 100 | 83 | 14.3 | -6.660 | 0.209 | 0.194 | 18.0 |
| mattebhavikriditamu | hybrid | 2 | 100 | 100 | 100 | 100 | 100 | 100 | 76 | 11.7 | -5.788 | 0.262 | 0.240 | 0.0 |
| sardulavikriditamu | masking_only | 2 | 100 | 100 | 100 | 100 | 100 | 100 | 86 | 11.6 | -6.542 | 0.225 | 0.197 | 0.0 |
| sardulavikriditamu | masking_backtrack | 2 | 100 | 100 | 100 | 100 | 100 | 100 | 79 | 15.5 | -6.677 | 0.242 | 0.246 | 13.5 |
| sardulavikriditamu | hybrid | 2 | 100 | 100 | 100 | 100 | 100 | 100 | 76 | 11.3 | -5.791 | 0.256 | 0.219 | 0.0 |
| sragdhara | masking_only | 2 | 100 | 100 | 100 | 100 | 100 | 100 | 101 | 17.7 | -6.617 | 0.215 | 0.240 | 0.0 |
| sragdhara | masking_backtrack | 2 | 100 | 100 | 100 | 100 | 100 | 100 | 97 | 20.7 | -6.803 | 0.204 | 0.210 | 25.0 |
| sragdhara | hybrid | 2 | 100 | 100 | 100 | 100 | 100 | 100 | 89 | 19.6 | -5.969 | 0.209 | 0.213 | 14.0 |
| totakamu | masking_only | 2 | 100 | 100 | 100 | 100 | 100 | 100 | 59 | 4.4 | -6.614 | 0.157 | 0.173 | 0.0 |
| totakamu | masking_backtrack | 2 | 100 | 100 | 100 | 100 | 100 | 100 | 47 | 3.8 | -6.799 | 0.184 | 0.174 | 7.0 |
| totakamu | hybrid | 2 | 100 | 100 | 100 | 100 | 100 | 100 | 44 | 2.9 | -5.812 | 0.228 | 0.254 | 0.0 |
| utpalamala | masking_only | 2 | 100 | 100 | 100 | 100 | 100 | 100 | 82 | 7.7 | -6.484 | 0.249 | 0.258 | 0.0 |
| utpalamala | masking_backtrack | 2 | 100 | 100 | 100 | 100 | 100 | 100 | 77 | 9.5 | -6.496 | 0.260 | 0.249 | 9.5 |
| utpalamala | hybrid | 2 | 100 | 100 | 100 | 100 | 100 | 100 | 76 | 5.7 | -5.761 | 0.242 | 0.256 | 0.0 |
| ALL | masking_only | 18 | 100 | 100 | 100 | 100 | 100 | 100 | 81 | 8.9 | -6.578 | 0.227 | 0.237 | 0.0 |
| ALL | masking_backtrack | 18 | 100 | 100 | 100 | 100 | 100 | 100 | 75 | 12.9 | -6.722 | 0.219 | 0.219 | 15.1 |
| ALL | hybrid | 18 | 100 | 100 | 100 | 100 | 100 | 100 | 71 | 9.5 | -5.813 | 0.250 | 0.247 | 1.7 |
