[1/54] pamcacamaramu|T1|masking_only|42: complete tok=83 gana=True prasa=True yati=True 6.4s
[2/54] pamcacamaramu|T1|masking_only|49: complete tok=61 gana=True prasa=True yati=True 4.8s
[3/54] pamcacamaramu|T1|masking_backtrack|42: complete tok=66 gana=True prasa=True yati=True 5.0s
[4/54] pamcacamaramu|T1|masking_backtrack|49: complete tok=61 gana=True prasa=True yati=True 1.3s
[5/54] pamcacamaramu|T1|hybrid|42: complete tok=59 gana=True prasa=True yati=True 5.7s
[6/54] pamcacamaramu|T1|hybrid|49: complete tok=60 gana=True prasa=True yati=True 6.8s
[7/54] vasamtatilakamu|T1|masking_only|42: complete tok=72 gana=True prasa=True yati=True 5.1s
[8/54] vasamtatilakamu|T1|masking_only|49: complete tok=75 gana=True prasa=True yati=True 9.6s
[9/54] vasamtatilakamu|T1|masking_backtrack|42: complete tok=68 gana=True prasa=True yati=True 10.2s
[10/54] vasamtatilakamu|T1|masking_backtrack|49: complete tok=63 gana=True prasa=True yati=True 5.5s
[11/54] vasamtatilakamu|T1|hybrid|42: complete tok=50 gana=True prasa=True yati=True 9.1s
[12/54] vasamtatilakamu|T1|hybrid|49: complete tok=59 gana=True prasa=True yati=True 4.7s
[13/54] indravajra|T1|masking_only|42: complete tok=59 gana=True prasa=True yati=True 5.1s
[14/54] indravajra|T1|masking_only|49: complete tok=54 gana=True prasa=True yati=True 4.3s
[15/54] indravajra|T1|masking_backtrack|42: complete tok=48 gana=True prasa=True yati=True 5.3s
[16/54] indravajra|T1|masking_backtrack|49: complete tok=59 gana=True prasa=True yati=True 0.7s
[17/54] indravajra|T1|hybrid|42: complete tok=37 gana=True prasa=True yati=True 3.2s
[18/54] indravajra|T1|hybrid|49: complete tok=44 gana=True prasa=True yati=True 4.7s
[19/54] upendravajra|T1|masking_only|42: complete tok=54 gana=True prasa=True yati=True 3.9s
[20/54] upendravajra|T1|masking_only|49: complete tok=48 gana=True prasa=True yati=True 9.2s
[21/54] upendravajra|T1|masking_backtrack|42: complete tok=44 gana=True prasa=True yati=True 2.9s
[22/54] upendravajra|T1|masking_backtrack|49: complete tok=44 gana=True prasa=True yati=True 0.9s
[23/54] upendravajra|T1|hybrid|42: complete tok=45 gana=True prasa=True yati=True 3.1s
[24/54] upendravajra|T1|hybrid|49: complete tok=42 gana=True prasa=True yati=True 3.6s
[25/54] salini|T1|masking_only|42: complete tok=59 gana=True prasa=True yati=True 5.4s
[26/54] salini|T1|masking_only|49: complete tok=49 gana=True prasa=True yati=True 10.7s
[27/54] salini|T1|masking_backtrack|42: complete tok=58 gana=True prasa=True yati=True 6.1s
[28/54] salini|T1|masking_backtrack|49: complete tok=52 gana=True prasa=True yati=True 8.0s
[29/54] salini|T1|hybrid|42: complete tok=47 gana=True prasa=True yati=True 4.2s
[30/54] salini|T1|hybrid|49: complete tok=45 gana=True prasa=True yati=True 3.7s
[31/54] rathoddhata|T1|masking_only|42: complete tok=63 gana=True prasa=True yati=True 12.0s
[32/54] rathoddhata|T1|masking_only|49: complete tok=53 gana=True prasa=True yati=True 4.6s
[33/54] rathoddhata|T1|masking_backtrack|42: complete tok=60 gana=True prasa=True yati=True 17.2s
[34/54] rathoddhata|T1|masking_backtrack|49: complete tok=49 gana=True prasa=True yati=True 15.1s
[35/54] rathoddhata|T1|hybrid|42: complete tok=40 gana=True prasa=True yati=True 3.1s
[36/54] rathoddhata|T1|hybrid|49: complete tok=48 gana=True prasa=True yati=True 4.3s
[37/54] sragvini|T1|masking_only|42: complete tok=61 gana=True prasa=True yati=True 12.7s
[38/54] sragvini|T1|masking_only|49: complete tok=61 gana=True prasa=True yati=True 5.6s
[39/54] sragvini|T1|masking_backtrack|42: complete tok=56 gana=True prasa=True yati=True 12.5s
[40/54] sragvini|T1|masking_backtrack|49: complete tok=59 gana=True prasa=True yati=True 9.0s
[41/54] sragvini|T1|hybrid|42: complete tok=52 gana=True prasa=True yati=True 12.7s
[42/54] sragvini|T1|hybrid|49: complete tok=66 gana=True prasa=True yati=True 5.5s
[43/54] vidyunmala|T1|masking_only|42: complete tok=54 gana=True prasa=True yati=True 13.3s
[44/54] vidyunmala|T1|masking_only|49: complete tok=53 gana=True prasa=True yati=True 5.6s
[45/54] vidyunmala|T1|masking_backtrack|42: complete tok=42 gana=True prasa=True yati=True 4.5s
[46/54] vidyunmala|T1|masking_backtrack|49: complete tok=50 gana=True prasa=True yati=True 13.9s
[47/54] vidyunmala|T1|hybrid|42: complete tok=38 gana=True prasa=True yati=True 4.4s
[48/54] vidyunmala|T1|hybrid|49: complete tok=39 gana=True prasa=True yati=True 4.3s
[49/54] lalita|T1|masking_only|42: complete tok=61 gana=True prasa=True yati=True 14.8s
[50/54] lalita|T1|masking_only|49: complete tok=57 gana=True prasa=True yati=True 5.5s
[51/54] lalita|T1|masking_backtrack|42: complete tok=59 gana=True prasa=True yati=True 19.5s
[52/54] lalita|T1|masking_backtrack|49: complete tok=72 gana=True prasa=True yati=True 22.6s
[53/54] lalita|T1|hybrid|42: complete tok=51 gana=True prasa=True yati=True 5.0s
[54/54] lalita|T1|hybrid|49: complete tok=45 gana=True prasa=True yati=True 4.7s
| meter | mode | n | gana_strict | gana | prasa_strict | yati_strict | all_strict | all_relaxed | tok | s | logp | valid_mass | argmax_valid | bt |
|---|---|---|---|---|---|---|---|---|---|---|---|---|---|---|
| indravajra | masking_only | 2 | 100 | 100 | 100 | 100 | 100 | 100 | 56 | 4.7 | -6.476 | 0.257 | 0.244 | 0.0 |
| indravajra | masking_backtrack | 2 | 100 | 100 | 100 | 100 | 100 | 100 | 54 | 3.0 | -6.446 | 0.230 | 0.221 | 4.5 |
| indravajra | hybrid | 2 | 100 | 100 | 100 | 100 | 100 | 100 | 40 | 3.9 | -5.797 | 0.281 | 0.433 | 0.0 |
| lalita | masking_only | 2 | 100 | 100 | 100 | 100 | 100 | 100 | 59 | 10.1 | -6.566 | 0.221 | 0.152 | 0.0 |
| lalita | masking_backtrack | 2 | 100 | 100 | 100 | 100 | 100 | 100 | 66 | 21.0 | -6.929 | 0.191 | 0.155 | 25.5 |
| lalita | hybrid | 2 | 100 | 100 | 100 | 100 | 100 | 100 | 48 | 4.9 | -5.743 | 0.252 | 0.281 | 0.0 |
| pamcacamaramu | masking_only | 2 | 100 | 100 | 100 | 100 | 100 | 100 | 72 | 5.6 | -6.584 | 0.252 | 0.273 | 0.0 |
| pamcacamaramu | masking_backtrack | 2 | 100 | 100 | 100 | 100 | 100 | 100 | 64 | 3.2 | -6.486 | 0.249 | 0.261 | 2.5 |
| pamcacamaramu | hybrid | 2 | 100 | 100 | 100 | 100 | 100 | 100 | 60 | 6.2 | -5.811 | 0.260 | 0.257 | 0.0 |
| rathoddhata | masking_only | 2 | 100 | 100 | 100 | 100 | 100 | 100 | 58 | 8.3 | -6.732 | 0.195 | 0.228 | 0.0 |
| rathoddhata | masking_backtrack | 2 | 100 | 100 | 100 | 100 | 100 | 100 | 54 | 16.2 | -6.824 | 0.164 | 0.151 | 24.5 |
| rathoddhata | hybrid | 2 | 100 | 100 | 100 | 100 | 100 | 100 | 44 | 3.7 | -6.026 | 0.243 | 0.280 | 0.0 |
| salini | masking_only | 2 | 100 | 100 | 100 | 100 | 100 | 100 | 54 | 8.0 | -6.497 | 0.272 | 0.252 | 0.0 |
| salini | masking_backtrack | 2 | 100 | 100 | 100 | 100 | 100 | 100 | 55 | 7.1 | -6.540 | 0.224 | 0.204 | 5.5 |
| salini | hybrid | 2 | 100 | 100 | 100 | 100 | 100 | 100 | 46 | 4.0 | -5.878 | 0.259 | 0.246 | 0.0 |
| sragvini | masking_only | 2 | 100 | 100 | 100 | 100 | 100 | 100 | 61 | 9.2 | -6.571 | 0.226 | 0.216 | 0.0 |
| sragvini | masking_backtrack | 2 | 100 | 100 | 100 | 100 | 100 | 100 | 58 | 10.8 | -6.741 | 0.204 | 0.196 | 15.0 |
| sragvini | hybrid | 2 | 100 | 100 | 100 | 100 | 100 | 100 | 59 | 9.1 | -6.085 | 0.209 | 0.194 | 0.0 |
| upendravajra | masking_only | 2 | 100 | 100 | 100 | 100 | 100 | 100 | 51 | 6.5 | -6.542 | 0.250 | 0.220 | 0.0 |
| upendravajra | masking_backtrack | 2 | 100 | 100 | 100 | 100 | 100 | 100 | 44 | 1.9 | -6.465 | 0.256 | 0.230 | 2.0 |
| upendravajra | hybrid | 2 | 100 | 100 | 100 | 100 | 100 | 100 | 44 | 3.3 | -5.777 | 0.228 | 0.262 | 0.0 |
| vasamtatilakamu | masking_only | 2 | 100 | 100 | 100 | 100 | 100 | 100 | 74 | 7.4 | -6.657 | 0.198 | 0.191 | 0.0 |
| vasamtatilakamu | masking_backtrack | 2 | 100 | 100 | 100 | 100 | 100 | 100 | 66 | 7.8 | -6.546 | 0.226 | 0.179 | 7.5 |
| vasamtatilakamu | hybrid | 2 | 100 | 100 | 100 | 100 | 100 | 100 | 54 | 6.9 | -5.922 | 0.226 | 0.240 | 0.0 |
| vidyunmala | masking_only | 2 | 100 | 100 | 100 | 100 | 100 | 100 | 54 | 9.4 | -6.668 | 0.199 | 0.178 | 0.0 |
| vidyunmala | masking_backtrack | 2 | 100 | 100 | 100 | 100 | 100 | 100 | 46 | 9.2 | -6.770 | 0.204 | 0.181 | 9.0 |
| vidyunmala | hybrid | 2 | 100 | 100 | 100 | 100 | 100 | 100 | 38 | 4.3 | -6.015 | 0.257 | 0.253 | 0.0 |
| ALL | masking_only | 18 | 100 | 100 | 100 | 100 | 100 | 100 | 60 | 7.7 | -6.588 | 0.230 | 0.217 | 0.0 |
| ALL | masking_backtrack | 18 | 100 | 100 | 100 | 100 | 100 | 100 | 56 | 8.9 | -6.639 | 0.216 | 0.197 | 10.7 |
| ALL | hybrid | 18 | 100 | 100 | 100 | 100 | 100 | 100 | 48 | 5.2 | -5.895 | 0.246 | 0.272 | 0.0 |
