loading nvidia/diffusiongemma-26B-A4B-it-NVFP4 (resident=True) …
built on cuda in 1s
987 dense tensors loaded (34s)
experts of 10/30 layers loaded (37s)
experts of 20/30 layers loaded (41s)
experts of 30/30 layers loaded (44s)
ready in 44s; GPU memory allocated 51.8 GB
loaded: slice 1747 tokens, canvas 256
[1/111] utpalamala|T1|masking_only|42: complete tok=144 gana=True prasa=True yati=True 41.7s
[2/111] utpalamala|T1|masking_backtrack|42: complete tok=123 gana=True prasa=True yati=True 64.4s
[3/111] utpalamala|T1|hybrid|42: complete tok=120 gana=True prasa=True yati=True 32.3s
[4/111] champakamala|T1|masking_only|42: complete tok=142 gana=True prasa=True yati=True 40.2s
[5/111] champakamala|T1|masking_backtrack|42: complete tok=139 gana=True prasa=True yati=True 66.6s
[6/111] champakamala|T1|hybrid|42: complete tok=137 gana=True prasa=True yati=True 36.9s
[7/111] mattebhavikriditamu|T1|masking_only|42: complete tok=131 gana=True prasa=True yati=True 37.5s
[8/111] mattebhavikriditamu|T1|masking_backtrack|42: complete tok=116 gana=True prasa=True yati=True 54.2s
[9/111] mattebhavikriditamu|T1|hybrid|42: complete tok=128 gana=True prasa=True yati=True 34.8s
[10/111] sardulavikriditamu|T1|masking_only|42: complete tok=127 gana=True prasa=True yati=True 37.4s
[11/111] sardulavikriditamu|T1|masking_backtrack|42: complete tok=117 gana=True prasa=True yati=True 59.6s
[12/111] sardulavikriditamu|T1|hybrid|42: complete tok=116 gana=True prasa=True yati=True 32.1s
[13/111] sragdhara|T1|masking_only|42: complete tok=137 gana=True prasa=True yati=True 39.4s
[14/111] sragdhara|T1|masking_backtrack|42: complete tok=140 gana=True prasa=True yati=True 57.6s
[15/111] sragdhara|T1|hybrid|42: complete tok=137 gana=True prasa=True yati=True 37.3s
[16/111] mahasragdhara|T1|masking_only|42: complete tok=141 gana=True prasa=True yati=True 36.4s
[17/111] mahasragdhara|T1|masking_backtrack|42: complete tok=159 gana=True prasa=True yati=True 75.2s
[18/111] mahasragdhara|T1|hybrid|42: complete tok=135 gana=True prasa=True yati=True 39.2s
[19/111] totakamu|T1|masking_only|42: complete tok=78 gana=True prasa=True yati=True 23.2s
[20/111] totakamu|T1|masking_backtrack|42: complete tok=70 gana=True prasa=True yati=True 48.8s
[21/111] totakamu|T1|hybrid|42: complete tok=80 gana=True prasa=True yati=True 22.2s
[22/111] bhujangaprayatamu|T1|masking_only|42: complete tok=74 gana=True prasa=True yati=True 20.2s
[23/111] bhujangaprayatamu|T1|masking_backtrack|42: complete tok=76 gana=True prasa=True yati=True 45.9s
[24/111] bhujangaprayatamu|T1|hybrid|42: complete tok=72 gana=True prasa=True yati=True 19.2s
[25/111] mattakokilamu|T1|masking_only|42: complete tok=153 gana=True prasa=True yati=True 42.9s
[26/111] mattakokilamu|T1|masking_backtrack|42: complete tok=114 gana=True prasa=True yati=True 58.5s
[27/111] mattakokilamu|T1|hybrid|42: complete tok=100 gana=True prasa=True yati=True 27.7s
[28/111] pamcacamaramu|T1|masking_only|42: complete tok=108 gana=True prasa=True yati=True 31.2s
[29/111] pamcacamaramu|T1|masking_backtrack|42: complete tok=107 gana=True prasa=True yati=True 53.2s
[30/111] pamcacamaramu|T1|hybrid|42: complete tok=116 gana=True prasa=True yati=True 33.4s
[31/111] vasamtatilakamu|T1|masking_only|42: complete tok=90 gana=True prasa=True yati=True 27.0s
[32/111] vasamtatilakamu|T1|masking_backtrack|42: complete tok=89 gana=True prasa=True yati=True 51.6s
[33/111] vasamtatilakamu|T1|hybrid|42: complete tok=102 gana=True prasa=True yati=True 28.7s
[34/111] indravajra|T1|masking_only|42: complete tok=73 gana=True prasa=True yati=True 21.5s
[35/111] indravajra|T1|masking_backtrack|42: complete tok=71 gana=True prasa=True yati=True 50.3s
[36/111] indravajra|T1|hybrid|42: complete tok=61 gana=True prasa=True yati=True 18.2s
[37/111] upendravajra|T1|masking_only|42: complete tok=81 gana=True prasa=True yati=True 24.1s
[38/111] upendravajra|T1|masking_backtrack|42: complete tok=65 gana=True prasa=True yati=True 44.2s
[39/111] upendravajra|T1|hybrid|42: complete tok=79 gana=True prasa=True yati=True 23.3s
[40/111] salini|T1|masking_only|42: complete tok=85 gana=True prasa=True yati=True 26.1s
[41/111] salini|T1|masking_backtrack|42: complete tok=82 gana=True prasa=True yati=True 48.4s
[42/111] salini|T1|hybrid|42: complete tok=81 gana=True prasa=True yati=True 24.1s
[43/111] rathoddhata|T1|masking_only|42: complete tok=82 gana=True prasa=True yati=True 24.6s
[44/111] rathoddhata|T1|masking_backtrack|42: complete tok=76 gana=True prasa=True yati=True 46.1s
[45/111] rathoddhata|T1|hybrid|42: complete tok=68 gana=True prasa=True yati=True 19.8s
[46/111] sragvini|T1|masking_only|42: complete tok=84 gana=True prasa=True yati=True 24.7s
[47/111] sragvini|T1|masking_backtrack|42: complete tok=91 gana=True prasa=True yati=True 50.1s
[48/111] sragvini|T1|hybrid|42: complete tok=79 gana=True prasa=True yati=True 23.5s
[49/111] vidyunmala|T1|masking_only|42: complete tok=84 gana=True prasa=True yati=True 25.2s
[50/111] vidyunmala|T1|masking_backtrack|42: complete tok=70 gana=True prasa=True yati=True 43.1s
[51/111] vidyunmala|T1|hybrid|42: complete tok=62 gana=True prasa=True yati=True 18.7s
[52/111] lalita|T1|masking_only|42: complete tok=82 gana=True prasa=True yati=True 24.9s
[53/111] lalita|T1|masking_backtrack|42: complete tok=86 gana=True prasa=True yati=True 50.0s
[54/111] lalita|T1|hybrid|42: complete tok=86 gana=True prasa=True yati=True 25.8s
[55/111] kandamu|T1|masking_only|42: complete tok=61 gana=True prasa=True yati=True 17.1s
[56/111] kandamu|T1|masking_backtrack|42: complete tok=55 gana=True prasa=True yati=True 43.3s
[57/111] kandamu|T1|hybrid|42: complete tok=61 gana=True prasa=True yati=True 16.9s
[58/111] utsahamu|T1|masking_only|42: complete tok=100 gana=True prasa=True yati=True 25.5s
[59/111] utsahamu|T1|masking_backtrack|42: complete tok=94 gana=True prasa=True yati=True 55.9s
[60/111] utsahamu|T1|hybrid|42: complete tok=105 gana=True prasa=True yati=True 28.0s
[61/111] taruvoja|T1|masking_only|42: complete tok=130 gana=True prasa=True yati=True 35.0s
[62/111] taruvoja|T1|masking_backtrack|42: complete tok=128 gana=True prasa=True yati=True 61.0s
[63/111] taruvoja|T1|hybrid|42: complete tok=141 gana=True prasa=True yati=True 38.1s
[64/111] dvipada|T1|masking_only|42: complete tok=36 gana=True prasa=True yati=True 10.8s
[65/111] dvipada|T1|masking_backtrack|42: complete tok=34 gana=True prasa=True yati=True 36.8s
[66/111] dvipada|T1|hybrid|42: complete tok=32 gana=True prasa=True yati=True 9.9s
[67/111] madhyakkara|T1|masking_only|42: complete tok=83 gana=True prasa=True yati=True 19.4s
[68/111] madhyakkara|T1|masking_backtrack|42: complete tok=92 gana=True prasa=True yati=True 45.1s
[69/111] madhyakkara|T1|hybrid|42: complete tok=104 gana=True prasa=True yati=True 25.7s
[70/111] madhuragati_ragada|T1|masking_only|42: complete tok=31 gana=True prasa=True yati=True 10.0s
[71/111] madhuragati_ragada|T1|masking_backtrack|42: complete tok=33 gana=True prasa=True yati=True 37.0s
[72/111] madhuragati_ragada|T1|hybrid|42: complete tok=28 gana=True prasa=True yati=True 8.9s
[73/111] turagagati_ragada|T1|masking_only|42: complete tok=95 gana=True prasa=True yati=True 15.7s
[74/111] turagagati_ragada|T1|masking_backtrack|42: complete tok=95 gana=True prasa=True yati=True 13.0s
[75/111] turagagati_ragada|T1|hybrid|42: complete tok=79 gana=True prasa=True yati=True 19.7s
[76/111] hayapracara_ragada|T1|masking_only|42: complete tok=27 gana=True prasa=True yati=True 8.9s
[77/111] hayapracara_ragada|T1|masking_backtrack|42: complete tok=29 gana=True prasa=True yati=True 32.8s
[78/111] hayapracara_ragada|T1|hybrid|42: complete tok=25 gana=True prasa=True yati=True 7.5s
[79/111] seesamu|T1|masking_only|42: complete tok=131 gana=True prasa=True yati=True 37.2s
[80/111] seesamu|T1|masking_backtrack|42: complete tok=120 gana=True prasa=True yati=True 54.7s
[81/111] seesamu|T1|hybrid|42: complete tok=140 gana=True prasa=True yati=True 36.0s
[82/111] ataveladi|T1|masking_only|42: complete tok=59 gana=True prasa=True yati=True 14.5s
[83/111] ataveladi|T1|masking_backtrack|42: complete tok=57 gana=True prasa=True yati=True 39.7s
[84/111] ataveladi|T1|hybrid|42: complete tok=58 gana=True prasa=True yati=True 14.7s
[85/111] tetagiti|T1|masking_only|42: complete tok=74 gana=True prasa=True yati=True 21.1s
[86/111] tetagiti|T1|masking_backtrack|42: complete tok=69 gana=True prasa=True yati=True 42.2s
[87/111] tetagiti|T1|hybrid|42: complete tok=67 gana=True prasa=True yati=True 17.3s
[88/111] taralamu|T1|masking_only|42: complete tok=107 gana=True prasa=True yati=True 30.1s
[89/111] taralamu|T1|masking_backtrack|42: complete tok=113 gana=True prasa=True yati=True 56.2s
[90/111] taralamu|T1|hybrid|42: complete tok=114 gana=True prasa=True yati=True 31.5s
[91/111] malini|T1|masking_only|42: complete tok=98 gana=True prasa=True yati=True 27.2s
[92/111] malini|T1|masking_backtrack|42: complete tok=98 gana=True prasa=True yati=True 51.8s
[93/111] malini|T1|hybrid|42: complete tok=97 gana=True prasa=True yati=True 28.0s
[94/111] manini|T1|masking_only|42: complete tok=165 gana=True prasa=True yati=True 48.5s
[95/111] manini|T1|masking_backtrack|42: complete tok=125 gana=True prasa=True yati=True 58.8s
[96/111] manini|T1|hybrid|42: complete tok=153 gana=True prasa=True yati=True 43.2s
[97/111] kavirajavirajitamu|T1|masking_only|42: complete tok=163 gana=True prasa=True yati=True 46.8s
[98/111] kavirajavirajitamu|T1|masking_backtrack|42: complete tok=174 gana=True prasa=True yati=True 66.7s
[99/111] kavirajavirajitamu|T1|hybrid|42: complete tok=161 gana=True prasa=True yati=True 43.2s
[100/111] vanamayuramu|T1|masking_only|42: complete tok=82 gana=True prasa=True yati=True 22.2s
[101/111] vanamayuramu|T1|masking_backtrack|42: complete tok=88 gana=True prasa=True yati=True 54.3s
[102/111] vanamayuramu|T1|hybrid|42: complete tok=96 gana=True prasa=True yati=True 27.0s
[103/111] mangalamahasri|T1|masking_only|42: complete tok=158 gana=True prasa=True yati=True 44.7s
[104/111] mangalamahasri|T1|masking_backtrack|42: complete tok=169 gana=True prasa=True yati=True 72.9s
[105/111] mangalamahasri|T1|hybrid|42: complete tok=156 gana=True prasa=True yati=True 43.1s
[106/111] layagrahi|T1|masking_only|42: complete tok=183 gana=True prasa=True yati=True 49.9s
[107/111] layagrahi|T1|masking_backtrack|42: complete tok=189 gana=True prasa=True yati=True 72.6s
[108/111] layagrahi|T1|hybrid|42: complete tok=183 gana=True prasa=True yati=True 51.2s
[109/111] layavibhati|T1|masking_only|42: complete tok=154 gana=True prasa=True yati=True 40.5s
[110/111] layavibhati|T1|masking_backtrack|42: complete tok=154 gana=True prasa=True yati=True 66.5s
[111/111] layavibhati|T1|hybrid|42: complete tok=167 gana=True prasa=True yati=True 43.9s
| meter | mode | n | gana_strict | gana | prasa_strict | yati_strict | all_strict | all_relaxed | tok | s | logp | valid_mass | argmax_valid | bt |
|---|---|---|---|---|---|---|---|---|---|---|---|---|---|---|
| ataveladi | masking_only | 1 | 100 | 100 | 100 | 100 | 100 | 100 | 59 | 14.5 | -4.993 | 0.457 | 0.458 | 0.0 |
| ataveladi | masking_backtrack | 1 | 100 | 100 | 100 | 100 | 100 | 100 | 57 | 39.7 | -2.040 | 0.728 | 0.722 | 29.0 |
| ataveladi | hybrid | 1 | 100 | 100 | 100 | 100 | 100 | 100 | 58 | 14.7 | -7.858 | 0.436 | 0.431 | 0.0 |
| bhujangaprayatamu | masking_only | 1 | 100 | 100 | 100 | 100 | 100 | 100 | 74 | 20.2 | -8.474 | 0.330 | 0.338 | 0.0 |
| bhujangaprayatamu | masking_backtrack | 1 | 100 | 100 | 100 | 100 | 100 | 100 | 76 | 45.9 | -5.449 | 0.519 | 0.551 | 30.0 |
| bhujangaprayatamu | hybrid | 1 | 100 | 100 | 100 | 100 | 100 | 100 | 72 | 19.2 | -8.733 | 0.342 | 0.347 | 0.0 |
| champakamala | masking_only | 1 | 100 | 100 | 100 | 100 | 100 | 100 | 142 | 40.2 | -8.762 | 0.226 | 0.232 | 0.0 |
| champakamala | masking_backtrack | 1 | 100 | 100 | 100 | 100 | 100 | 100 | 139 | 66.6 | -7.774 | 0.379 | 0.388 | 30.0 |
| champakamala | hybrid | 1 | 100 | 100 | 100 | 100 | 100 | 100 | 137 | 36.9 | -8.238 | 0.267 | 0.277 | 0.0 |
| dvipada | masking_only | 1 | 100 | 100 | 100 | 100 | 100 | 100 | 36 | 10.8 | -9.067 | 0.298 | 0.306 | 0.0 |
| dvipada | masking_backtrack | 1 | 100 | 100 | 100 | 100 | 100 | 100 | 34 | 36.8 | -3.152 | 0.788 | 0.814 | 30.0 |
| dvipada | hybrid | 1 | 100 | 100 | 100 | 100 | 100 | 100 | 32 | 9.9 | -7.826 | 0.340 | 0.344 | 0.0 |
| hayapracara_ragada | masking_only | 1 | 100 | 100 | 100 | 100 | 100 | 100 | 27 | 8.9 | -9.771 | 0.279 | 0.296 | 0.0 |
| hayapracara_ragada | masking_backtrack | 1 | 100 | 100 | 100 | 100 | 100 | 100 | 29 | 32.8 | -4.697 | 0.633 | 0.667 | 30.0 |
| hayapracara_ragada | hybrid | 1 | 100 | 100 | 100 | 100 | 100 | 100 | 25 | 7.5 | -9.746 | 0.302 | 0.320 | 0.0 |
| indravajra | masking_only | 1 | 100 | 100 | 100 | 100 | 100 | 100 | 73 | 21.5 | -9.904 | 0.216 | 0.205 | 0.0 |
| indravajra | masking_backtrack | 1 | 100 | 100 | 100 | 100 | 100 | 100 | 71 | 50.3 | -5.139 | 0.520 | 0.538 | 30.0 |
| indravajra | hybrid | 1 | 100 | 100 | 100 | 100 | 100 | 100 | 61 | 18.2 | -9.964 | 0.272 | 0.279 | 0.0 |
| kandamu | masking_only | 1 | 100 | 100 | 100 | 100 | 100 | 100 | 61 | 17.1 | -7.726 | 0.399 | 0.393 | 0.0 |
| kandamu | masking_backtrack | 1 | 100 | 100 | 100 | 100 | 100 | 100 | 55 | 43.3 | -2.932 | 0.719 | 0.758 | 30.0 |
| kandamu | hybrid | 1 | 100 | 100 | 100 | 100 | 100 | 100 | 61 | 16.9 | -7.148 | 0.361 | 0.344 | 0.0 |
| kavirajavirajitamu | masking_only | 1 | 100 | 100 | 100 | 100 | 100 | 100 | 163 | 46.8 | -7.874 | 0.280 | 0.294 | 0.0 |
| kavirajavirajitamu | masking_backtrack | 1 | 100 | 100 | 100 | 100 | 100 | 100 | 174 | 66.7 | -6.237 | 0.485 | 0.500 | 30.0 |
| kavirajavirajitamu | hybrid | 1 | 100 | 100 | 100 | 100 | 100 | 100 | 161 | 43.2 | -8.368 | 0.289 | 0.298 | 0.0 |
| lalita | masking_only | 1 | 100 | 100 | 100 | 100 | 100 | 100 | 82 | 24.9 | -11.384 | 0.145 | 0.122 | 0.0 |
| lalita | masking_backtrack | 1 | 100 | 100 | 100 | 100 | 100 | 100 | 86 | 50.0 | -6.505 | 0.467 | 0.473 | 30.0 |
| lalita | hybrid | 1 | 100 | 100 | 100 | 100 | 100 | 100 | 86 | 25.8 | -10.609 | 0.219 | 0.209 | 0.0 |
| layagrahi | masking_only | 1 | 100 | 100 | 100 | 100 | 100 | 100 | 183 | 49.9 | -6.989 | 0.348 | 0.366 | 0.0 |
| layagrahi | masking_backtrack | 1 | 100 | 100 | 100 | 100 | 100 | 100 | 189 | 72.6 | -7.409 | 0.414 | 0.458 | 30.0 |
| layagrahi | hybrid | 1 | 100 | 100 | 100 | 100 | 100 | 100 | 183 | 51.2 | -8.300 | 0.260 | 0.268 | 0.0 |
| layavibhati | masking_only | 1 | 100 | 100 | 100 | 100 | 100 | 100 | 154 | 40.5 | -5.112 | 0.441 | 0.474 | 0.0 |
| layavibhati | masking_backtrack | 1 | 100 | 100 | 100 | 100 | 100 | 100 | 154 | 66.5 | -4.569 | 0.539 | 0.574 | 30.0 |
| layavibhati | hybrid | 1 | 100 | 100 | 100 | 100 | 100 | 100 | 167 | 43.9 | -8.214 | 0.276 | 0.287 | 0.0 |
| madhuragati_ragada | masking_only | 1 | 100 | 100 | 100 | 100 | 100 | 100 | 31 | 10.0 | -7.237 | 0.301 | 0.323 | 0.0 |
| madhuragati_ragada | masking_backtrack | 1 | 100 | 100 | 100 | 100 | 100 | 100 | 33 | 37.0 | -4.223 | 0.723 | 0.760 | 30.0 |
| madhuragati_ragada | hybrid | 1 | 100 | 100 | 100 | 100 | 100 | 100 | 28 | 8.9 | -10.258 | 0.305 | 0.321 | 0.0 |
| madhyakkara | masking_only | 1 | 100 | 100 | 100 | 100 | 100 | 100 | 83 | 19.4 | -5.014 | 0.527 | 0.542 | 0.0 |
| madhyakkara | masking_backtrack | 1 | 100 | 100 | 100 | 100 | 100 | 100 | 92 | 45.1 | -2.259 | 0.778 | 0.799 | 30.0 |
| madhyakkara | hybrid | 1 | 100 | 100 | 100 | 100 | 100 | 100 | 104 | 25.7 | -6.693 | 0.437 | 0.442 | 0.0 |
| mahasragdhara | masking_only | 1 | 100 | 100 | 100 | 100 | 100 | 100 | 141 | 36.4 | -6.955 | 0.339 | 0.348 | 0.0 |
| mahasragdhara | masking_backtrack | 1 | 100 | 100 | 100 | 100 | 100 | 100 | 159 | 75.2 | -6.771 | 0.308 | 0.339 | 30.0 |
| mahasragdhara | hybrid | 1 | 100 | 100 | 100 | 100 | 100 | 100 | 135 | 39.2 | -9.509 | 0.177 | 0.185 | 0.0 |
| malini | masking_only | 1 | 100 | 100 | 100 | 100 | 100 | 100 | 98 | 27.2 | -8.590 | 0.289 | 0.296 | 0.0 |
| malini | masking_backtrack | 1 | 100 | 100 | 100 | 100 | 100 | 100 | 98 | 51.8 | -5.265 | 0.518 | 0.538 | 30.0 |
| malini | hybrid | 1 | 100 | 100 | 100 | 100 | 100 | 100 | 97 | 28.0 | -10.237 | 0.194 | 0.186 | 0.0 |
| mangalamahasri | masking_only | 1 | 100 | 100 | 100 | 100 | 100 | 100 | 158 | 44.7 | -10.000 | 0.172 | 0.171 | 0.0 |
| mangalamahasri | masking_backtrack | 1 | 100 | 100 | 100 | 100 | 100 | 100 | 169 | 72.9 | -7.607 | 0.348 | 0.353 | 30.0 |
| mangalamahasri | hybrid | 1 | 100 | 100 | 100 | 100 | 100 | 100 | 156 | 43.1 | -10.224 | 0.195 | 0.212 | 0.0 |
| manini | masking_only | 1 | 100 | 100 | 100 | 100 | 100 | 100 | 165 | 48.5 | -8.629 | 0.179 | 0.194 | 0.0 |
| manini | masking_backtrack | 1 | 100 | 100 | 100 | 100 | 100 | 100 | 125 | 58.8 | -9.252 | 0.282 | 0.276 | 30.0 |
| manini | hybrid | 1 | 100 | 100 | 100 | 100 | 100 | 100 | 153 | 43.2 | -8.822 | 0.199 | 0.216 | 0.0 |
| mattakokilamu | masking_only | 1 | 100 | 100 | 100 | 100 | 100 | 100 | 153 | 42.9 | -10.417 | 0.150 | 0.157 | 0.0 |
| mattakokilamu | masking_backtrack | 1 | 100 | 100 | 100 | 100 | 100 | 100 | 114 | 58.5 | -6.748 | 0.454 | 0.458 | 30.0 |
| mattakokilamu | hybrid | 1 | 100 | 100 | 100 | 100 | 100 | 100 | 100 | 27.7 | -9.150 | 0.333 | 0.340 | 0.0 |
| mattebhavikriditamu | masking_only | 1 | 100 | 100 | 100 | 100 | 100 | 100 | 131 | 37.5 | -12.306 | 0.187 | 0.198 | 0.0 |
| mattebhavikriditamu | masking_backtrack | 1 | 100 | 100 | 100 | 100 | 100 | 100 | 116 | 54.2 | -5.743 | 0.536 | 0.559 | 30.0 |
| mattebhavikriditamu | hybrid | 1 | 100 | 100 | 100 | 100 | 100 | 100 | 128 | 34.8 | -8.590 | 0.260 | 0.266 | 0.0 |
| pamcacamaramu | masking_only | 1 | 100 | 100 | 100 | 100 | 100 | 100 | 108 | 31.2 | -9.626 | 0.262 | 0.269 | 0.0 |
| pamcacamaramu | masking_backtrack | 1 | 100 | 100 | 100 | 100 | 100 | 100 | 107 | 53.2 | -7.545 | 0.458 | 0.466 | 30.0 |
| pamcacamaramu | hybrid | 1 | 100 | 100 | 100 | 100 | 100 | 100 | 116 | 33.4 | -12.090 | 0.187 | 0.190 | 0.0 |
| rathoddhata | masking_only | 1 | 100 | 100 | 100 | 100 | 100 | 100 | 82 | 24.6 | -11.731 | 0.153 | 0.146 | 0.0 |
| rathoddhata | masking_backtrack | 1 | 100 | 100 | 100 | 100 | 100 | 100 | 76 | 46.1 | -6.137 | 0.567 | 0.574 | 30.0 |
| rathoddhata | hybrid | 1 | 100 | 100 | 100 | 100 | 100 | 100 | 68 | 19.8 | -10.127 | 0.259 | 0.250 | 0.0 |
| salini | masking_only | 1 | 100 | 100 | 100 | 100 | 100 | 100 | 85 | 26.1 | -11.931 | 0.139 | 0.141 | 0.0 |
| salini | masking_backtrack | 1 | 100 | 100 | 100 | 100 | 100 | 100 | 82 | 48.4 | -8.413 | 0.377 | 0.417 | 30.0 |
| salini | hybrid | 1 | 100 | 100 | 100 | 100 | 100 | 100 | 81 | 24.1 | -12.007 | 0.174 | 0.173 | 0.0 |
| sardulavikriditamu | masking_only | 1 | 100 | 100 | 100 | 100 | 100 | 100 | 127 | 37.4 | -10.313 | 0.192 | 0.205 | 0.0 |
| sardulavikriditamu | masking_backtrack | 1 | 100 | 100 | 100 | 100 | 100 | 100 | 117 | 59.6 | -6.579 | 0.424 | 0.429 | 30.0 |
| sardulavikriditamu | hybrid | 1 | 100 | 100 | 100 | 100 | 100 | 100 | 116 | 32.1 | -9.139 | 0.298 | 0.310 | 0.0 |
| seesamu | masking_only | 1 | 100 | 100 | 100 | 100 | 100 | 100 | 131 | 37.2 | -7.523 | 0.296 | 0.282 | 0.0 |
| seesamu | masking_backtrack | 1 | 100 | 100 | 100 | 100 | 100 | 100 | 120 | 54.7 | -4.966 | 0.559 | 0.552 | 30.0 |
| seesamu | hybrid | 1 | 100 | 100 | 100 | 100 | 100 | 100 | 140 | 36.0 | -3.949 | 0.414 | 0.400 | 0.0 |
| sragdhara | masking_only | 1 | 100 | 100 | 100 | 100 | 100 | 100 | 137 | 39.4 | -8.542 | 0.229 | 0.219 | 0.0 |
| sragdhara | masking_backtrack | 1 | 100 | 100 | 100 | 100 | 100 | 100 | 140 | 57.6 | -5.978 | 0.453 | 0.457 | 30.0 |
| sragdhara | hybrid | 1 | 100 | 100 | 100 | 100 | 100 | 100 | 137 | 37.3 | -9.197 | 0.215 | 0.219 | 0.0 |
| sragvini | masking_only | 1 | 100 | 100 | 100 | 100 | 100 | 100 | 84 | 24.7 | -7.823 | 0.294 | 0.298 | 0.0 |
| sragvini | masking_backtrack | 1 | 100 | 100 | 100 | 100 | 100 | 100 | 91 | 50.1 | -6.551 | 0.423 | 0.451 | 30.0 |
| sragvini | hybrid | 1 | 100 | 100 | 100 | 100 | 100 | 100 | 79 | 23.5 | -8.569 | 0.334 | 0.329 | 0.0 |
| taralamu | masking_only | 1 | 100 | 100 | 100 | 100 | 100 | 100 | 107 | 30.1 | -9.599 | 0.256 | 0.290 | 0.0 |
| taralamu | masking_backtrack | 1 | 100 | 100 | 100 | 100 | 100 | 100 | 113 | 56.2 | -6.780 | 0.477 | 0.494 | 30.0 |
| taralamu | hybrid | 1 | 100 | 100 | 100 | 100 | 100 | 100 | 114 | 31.5 | -11.062 | 0.235 | 0.246 | 0.0 |
| taruvoja | masking_only | 1 | 100 | 100 | 100 | 100 | 100 | 100 | 130 | 35.0 | -7.035 | 0.278 | 0.277 | 0.0 |
| taruvoja | masking_backtrack | 1 | 100 | 100 | 100 | 100 | 100 | 100 | 128 | 61.0 | -5.256 | 0.598 | 0.618 | 30.0 |
| taruvoja | hybrid | 1 | 100 | 100 | 100 | 100 | 100 | 100 | 141 | 38.1 | -6.899 | 0.320 | 0.319 | 0.0 |
| tetagiti | masking_only | 1 | 100 | 100 | 100 | 100 | 100 | 100 | 74 | 21.1 | -7.937 | 0.327 | 0.324 | 0.0 |
| tetagiti | masking_backtrack | 1 | 100 | 100 | 100 | 100 | 100 | 100 | 69 | 42.2 | -2.254 | 0.814 | 0.821 | 30.0 |
| tetagiti | hybrid | 1 | 100 | 100 | 100 | 100 | 100 | 100 | 67 | 17.3 | -6.393 | 0.436 | 0.433 | 0.0 |
| totakamu | masking_only | 1 | 100 | 100 | 100 | 100 | 100 | 100 | 78 | 23.2 | -9.240 | 0.267 | 0.282 | 0.0 |
| totakamu | masking_backtrack | 1 | 100 | 100 | 100 | 100 | 100 | 100 | 70 | 48.8 | -5.085 | 0.510 | 0.536 | 30.0 |
| totakamu | hybrid | 1 | 100 | 100 | 100 | 100 | 100 | 100 | 80 | 22.2 | -9.765 | 0.287 | 0.300 | 0.0 |
| turagagati_ragada | masking_only | 1 | 100 | 100 | 100 | 100 | 100 | 100 | 95 | 15.7 | -1.156 | 0.818 | 0.821 | 0.0 |
| turagagati_ragada | masking_backtrack | 1 | 100 | 100 | 100 | 100 | 100 | 100 | 95 | 13.0 | -1.156 | 0.818 | 0.821 | 0.0 |
| turagagati_ragada | hybrid | 1 | 100 | 100 | 100 | 100 | 100 | 100 | 79 | 19.7 | -3.794 | 0.517 | 0.519 | 0.0 |
| upendravajra | masking_only | 1 | 100 | 100 | 100 | 100 | 100 | 100 | 81 | 24.1 | -10.561 | 0.176 | 0.198 | 0.0 |
| upendravajra | masking_backtrack | 1 | 100 | 100 | 100 | 100 | 100 | 100 | 65 | 44.2 | -5.610 | 0.536 | 0.576 | 30.0 |
| upendravajra | hybrid | 1 | 100 | 100 | 100 | 100 | 100 | 100 | 79 | 23.3 | -9.426 | 0.223 | 0.228 | 0.0 |
| utpalamala | masking_only | 1 | 100 | 100 | 100 | 100 | 100 | 100 | 144 | 41.7 | -9.932 | 0.217 | 0.215 | 0.0 |
| utpalamala | masking_backtrack | 1 | 100 | 100 | 100 | 100 | 100 | 100 | 123 | 64.4 | -5.654 | 0.482 | 0.511 | 30.0 |
| utpalamala | hybrid | 1 | 100 | 100 | 100 | 100 | 100 | 100 | 120 | 32.3 | -8.799 | 0.290 | 0.292 | 0.0 |
| utsahamu | masking_only | 1 | 100 | 100 | 100 | 100 | 100 | 100 | 100 | 25.5 | -5.263 | 0.417 | 0.410 | 0.0 |
| utsahamu | masking_backtrack | 1 | 100 | 100 | 100 | 100 | 100 | 100 | 94 | 55.9 | -3.406 | 0.720 | 0.735 | 30.0 |
| utsahamu | hybrid | 1 | 100 | 100 | 100 | 100 | 100 | 100 | 105 | 28.0 | -6.504 | 0.377 | 0.381 | 0.0 |
| vanamayuramu | masking_only | 1 | 100 | 100 | 100 | 100 | 100 | 100 | 82 | 22.2 | -7.512 | 0.339 | 0.354 | 0.0 |
| vanamayuramu | masking_backtrack | 1 | 100 | 100 | 100 | 100 | 100 | 100 | 88 | 54.3 | -6.367 | 0.441 | 0.471 | 30.0 |
| vanamayuramu | hybrid | 1 | 100 | 100 | 100 | 100 | 100 | 100 | 96 | 27.0 | -9.952 | 0.214 | 0.219 | 0.0 |
| vasamtatilakamu | masking_only | 1 | 100 | 100 | 100 | 100 | 100 | 100 | 90 | 27.0 | -9.488 | 0.204 | 0.200 | 0.0 |
| vasamtatilakamu | masking_backtrack | 1 | 100 | 100 | 100 | 100 | 100 | 100 | 89 | 51.6 | -7.421 | 0.329 | 0.322 | 30.0 |
| vasamtatilakamu | hybrid | 1 | 100 | 100 | 100 | 100 | 100 | 100 | 102 | 28.7 | -8.856 | 0.204 | 0.216 | 0.0 |
| vidyunmala | masking_only | 1 | 100 | 100 | 100 | 100 | 100 | 100 | 84 | 25.2 | -9.938 | 0.184 | 0.179 | 0.0 |
| vidyunmala | masking_backtrack | 1 | 100 | 100 | 100 | 100 | 100 | 100 | 70 | 43.1 | -7.529 | 0.419 | 0.435 | 30.0 |
| vidyunmala | hybrid | 1 | 100 | 100 | 100 | 100 | 100 | 100 | 62 | 18.7 | -11.063 | 0.156 | 0.145 | 0.0 |
| ALL | masking_only | 37 | 100 | 100 | 100 | 100 | 100 | 100 | 104 | 29.0 | -8.496 | 0.287 | 0.292 | 0.0 |
| ALL | masking_backtrack | 37 | 100 | 100 | 100 | 100 | 100 | 100 | 100 | 52.1 | -5.580 | 0.528 | 0.546 | 29.2 |
| ALL | hybrid | 37 | 100 | 100 | 100 | 100 | 100 | 100 | 101 | 27.9 | -8.813 | 0.287 | 0.290 | 0.0 |
