lattice: 1,166,174 edges -> 5,116 after frequency capping (words of 2-6 aksharas)

======================================================================
TOPIC amma   planner draft (unmetrical):
    అమ్మ నా ప్రాణము అచ్చ రూపము నీది
    తల్లి ప్రేమ నిండిన దివ్య వనము నీవు
    కష్టములన్నీ తీర్చే నీడ నీవుమ్మ
    జన్మ ఇచ్చిన నీవే నా జీవమయి నీమ్మ
  content words: ['అమ్మ', 'ప్రాణము', 'అచ్చ', 'రూపము', 'నీది', 'తల్లి', 'ప్రేమ', 'నిండిన', 'దివ్య', 'వనము'] ...

  PADYAM  (prasa 'లల', realiser score -6.69, valid=True, planner words used 10/24)
    జల్లులు తల్లి నీడ అగ్రజన్మము రూపము అంగమందున
    తల్లి అజాత ఇచ్చిన అతన్ని అతీతుడు అంచితంబగు
    తల్లి అకాండ రూపము అతండును ప్రాణము అంజనాచల
    జల్లులు అచ్చ నీది అగుచున్నవి కష్టము అంగమందున

======================================================================
TOPIC raithu   planner draft (unmetrical):
    మట్టిని మలుపు చేసి జీవమున్ని పెంచే రైతు
    కష్టము తడిచి ఆకలిని తీర్చే రైతు
    ఎండ వేడిని తట్టుకొని మేలుగ చేసే రైతు
    ఈ లోకాన్ని నడిపించే గొప్ప రైతు
  content words: ['మట్టిని', 'మలుపు', 'చేసి', 'జీవమున్ని', 'పెంచే', 'రైతు', 'కష్టము', 'తడిచి', 'ఆకలిని', 'తీర్చే'] ...

  PADYAM  (prasa 'ల', realiser score -6.66, valid=True, planner words used 13/25)
    మేలుగ చేసి ఆకలిని మట్టిని అంగడి గొప్ప కష్టము
    మేలుగ ఎండ రైతు అక్రమాలు అతిస్థిరుఁడై అక్రూరుని
    మేలుగ వేడిని క్తిప్రదమై మలుపు క్కడనైన అంజనీ
    మేలుగ వానలు క్తియును మాటలు పెంచుచు అంజనాచల

======================================================================
TOPIC bhasha   planner draft (unmetrical):
    తెలుగు భాష అమ్మ అమృత మధురము
    తల్లి గొంటలో వచ్చే మాటలు వెలుకలేని
    కమ్మల లోని కమ్మనికన్నా కాపడాలి
    ప్రతి గుండెలో తెలుగు నిలపడాలి
  content words: ['తెలుగు', 'భాష', 'అమ్మ', 'అమృత', 'మధురము', 'తల్లి', 'గొంటలో', 'వచ్చే', 'మాటలు', 'వెలుకలేని'] ...

  PADYAM  (prasa 'ల', realiser score -7.08, valid=True, planner words used 7/24)
    మేలుగ లోని అంగదుఁడ మాటలు అంకితమిచ్చి గుండెలో
    మేలుగ గుండెలో తెలుగు మట్టిని అంకితము క్తపాలకా
    ఁజాలు ప్రతి క్తవృష్టి అగ్రజన్మము అంగదుఁడ క్తవత్సల
    ఁజాలు అతన్ని భాష అగుచున్నవి అంగదజాంబవ క్కడి

======================================================================
TOPIC vaana   planner draft (unmetrical):
    మల్లెల్లంటి మంచు జల్లులు నాపై తలపెట్టి
    వల్లని చిలకరిలా నా మనసు తడిపుచు
    తల్లనిగను చిలకరిలా ఈ కటను నింపుచు
    వల్లని వానలు పలవించి మన జీవము పెంచుచు
  content words: ['మల్లెల్లంటి', 'మంచు', 'జల్లులు', 'నాపై', 'తలపెట్టి', 'వల్లని', 'చిలకరిలా', 'మనసు', 'తడిపుచు', 'తల్లనిగను'] ...

  PADYAM  (prasa 'ల', realiser score -6.78, valid=True, planner words used 7/23)
    మేలుగ పెంచుచు క్కరణి మంచు అకించనులైన వానలు
    ఁజాలు అతీతమైన అగుచున్నవి జీవము అంగమందున
    మేలుగ అంజనా మనసు మంచు అగస్త్యమహర్షి అంజనీ
    మేలుగ నీది ఆకలిని మంచు అతిస్థిరుఁడై అకారము

