word LM: 942,965 unigrams, 183,421 bigrams
lattice: 259,222 edges -> 13,736 after frequency capping (words of 2-6 aksharas)

======================================================================
TOPIC amma   planner draft (unmetrical):
    అమ్మ నా ప్రాణము అచ్చ రూపము నీది
    తల్లి ప్రేమ నిండిన దివ్య వనము నీవు
    కష్టములన్నీ తీర్చే నీడ నీవుమ్మ
    జన్మ ఇచ్చిన నీవే నా జీవమయి నీమ్మ
  content words: ['అమ్మ', 'ప్రాణము', 'అచ్చ', 'రూపము', 'నీది', 'తల్లి', 'ప్రేమ', 'నిండిన', 'దివ్య', 'వనము'] ...

  PADYAM  (prasa 'ద', realiser score -7.26, valid=True, planner words used 20/29)
    నీది ప్రతాప జన్మ తన నిండిన ప్రాణము అమ్మ రూపము
    నీది మనస్సు అమ్మ మును నిండిన రూపము నీడ ప్రాణము
    నీది సరస్వతీ వనము నిండిన అమ్మ సువర్చలేశ్వరా
    నీది సమేత దివ్య అని నిండిన అచ్చ విచారమేటికి౯

======================================================================
TOPIC raithu   planner draft (unmetrical):
    మట్టిని మలుపు చేసి జీవమున్ని పెంచే రైతు
    కష్టము తడిచి ఆకలిని తీర్చే రైతు
    ఎండ వేడిని తట్టుకొని మేలుగ చేసే రైతు
    ఈ లోకాన్ని నడిపించే గొప్ప రైతు
  content words: ['మట్టిని', 'మలుపు', 'చేసి', 'జీవమున్ని', 'పెంచే', 'రైతు', 'కష్టము', 'తడిచి', 'ఆకలిని', 'తీర్చే'] ...

  PADYAM  (prasa 'టట', realiser score -7.14, valid=True, planner words used 15/30)
    మట్టిని సేయు చేసి నని మేలుగ కష్టము గొప్ప చేసిన
    మట్టిని నీవు చేసి అని మేలుగ రైతు సువర్చలేశ్వరా
    నట్టి యటంచు కష్టము అనే అని నీకు విచారమేటికి౯
    మట్టిని మీకు చేసి విని మేలుగ కష్టము గొప్ప జీవము

======================================================================
TOPIC bhasha   planner draft (unmetrical):
    తెలుగు భాష అమ్మ అమృత మధురము
    తల్లి గొంటలో వచ్చే మాటలు వెలుకలేని
    కమ్మల లోని కమ్మనికన్నా కాపడాలి
    ప్రతి గుండెలో తెలుగు నిలపడాలి
  content words: ['తెలుగు', 'భాష', 'అమ్మ', 'అమృత', 'మధురము', 'తల్లి', 'గొంటలో', 'వచ్చే', 'మాటలు', 'వెలుకలేని'] ...

  PADYAM  (prasa 'మమ', realiser score -7.23, valid=True, planner words used 15/31)
    అమ్మ నటంచు వచ్చు ప్రతి ఆయన వచ్చిన వచ్చి మాటలు
    అమ్మ నృసింహ భాష విని ఆయన మాటలు లోని గుండెలో
    మమ్ము ప్రతాప వచ్చి ప్రతి మాటలు వచ్చు సువర్చలేశ్వరా
    అమ్మ పొగాకు మాటలు మహా తెలుగు క్షితి లోని గుండెలో

======================================================================
TOPIC vaana   planner draft (unmetrical):
    మల్లెల్లంటి మంచు జల్లులు నాపై తలపెట్టి
    వల్లని చిలకరిలా నా మనసు తడిపుచు
    తల్లనిగను చిలకరిలా ఈ కటను నింపుచు
    వల్లని వానలు పలవించి మన జీవము పెంచుచు
  content words: ['మల్లెల్లంటి', 'మంచు', 'జల్లులు', 'నాపై', 'తలపెట్టి', 'వల్లని', 'చిలకరిలా', 'మనసు', 'తడిపుచు', 'తల్లనిగను'] ...

  PADYAM  (prasa 'ప', realiser score -7.08, valid=True, planner words used 14/30)
    రూపము వాలి మంచు మన రాముడు వానలు తల్లి జీవము
    రూపము నీరు జీవము మఱి స్థితి వానలు మంచు జల్లులు
    రూపము శంకరా మనసు వ్రాసిన మంచు విచారమేటికి౯
    రూపము నీడ మంచు మన రెండు అనే పలవించి వానలు

